66.249.75.197 - - [11/Jun/2019:13:25:12 +0300] "GET / HTTP/1.1" 200 1241 "-" "Mozilla/5.0 (Linux; Android 6.0.1; Nexus 5X Build/MMB29P) AppleWebKit/537.36 (KHTML, like Gecko) Chrome/41.0.2272.96 Mobile Safari/537.36 (compatible; Googlebot/2.1; +http://www.google.com/bot.html)"
66.249.65.165 - - [11/Jun/2019:20:56:48 +0300] "GET /robots.txt HTTP/1.1" 404 1054 "-" "Mozilla/5.0 (compatible; Googlebot/2.1; +http://www.google.com/bot.html)"
66.249.65.167 - - [11/Jun/2019:20:56:48 +0300] "GET / HTTP/1.1" 200 1241 "-" "Mozilla/5.0 (compatible; Googlebot/2.1; +http://www.google.com/bot.html)"
66.249.65.165 - - [11/Jun/2019:20:56:50 +0300] "GET /itiy2.css HTTP/1.1" 200 6173 "http://fitu.technolog.edu.ru/" "Mozilla/5.0 AppleWebKit/537.36 (KHTML, like Gecko; compatible; Googlebot/2.1; +http://www.google.com/bot.html) Safari/537.36"
66.249.65.165 - - [11/Jun/2019:20:56:53 +0300] "GET /favicon.ico HTTP/1.1" 404 1054 "-" "Googlebot-Image/1.0"
66.249.65.167 - - [11/Jun/2019:23:09:33 +0300] "GET /favicon.ico HTTP/1.1" 404 1054 "-" "Googlebot-Image/1.0"
66.249.65.167 - - [12/Jun/2019:11:34:07 +0300] "GET /robots.txt HTTP/1.1" 404 1054 "-" "Mozilla/5.0 (compatible; Googlebot/2.1; +http://www.google.com/bot.html)"
66.249.65.167 - - [12/Jun/2019:11:34:07 +0300] "GET / HTTP/1.1" 200 1241 "-" "Mozilla/5.0 (Linux; Android 6.0.1; Nexus 5X Build/MMB29P) AppleWebKit/537.36 (KHTML, like Gecko) Chrome/41.0.2272.96 Mobile Safari/537.36 (compatible; Googlebot/2.1; +http://www.google.com/bot.html)"
66.249.65.162 - - [12/Jun/2019:11:34:11 +0300] "GET /itiy2.css HTTP/1.1" 200 6173 "http://fitu.technolog.edu.ru/" "Mozilla/5.0 (Linux; Android 6.0.1; Nexus 5X Build/MMB29P) AppleWebKit/537.36 (KHTML, like Gecko) Chrome/41.0.2272.96 Mobile Safari/537.36 (compatible; Googlebot/2.1; +http://www.google.com/bot.html)"
66.249.75.197 - - [12/Jun/2019:18:49:28 +0300] "GET / HTTP/1.1" 200 1241 "-" "Mozilla/5.0 (Linux; Android 6.0.1; Nexus 5X Build/MMB29P) AppleWebKit/537.36 (KHTML, like Gecko) Chrome/41.0.2272.96 Mobile Safari/537.36 (compatible; Googlebot/2.1; +http://www.google.com/bot.html)"
66.249.75.194 - - [12/Jun/2019:18:49:43 +0300] "GET /favicon.ico HTTP/1.1" 404 1054 "-" "Googlebot-Image/1.0"
66.249.75.199 - - [12/Jun/2019:20:39:56 +0300] "GET / HTTP/1.1" 200 1241 "-" "Mozilla/5.0 (Linux; Android 6.0.1; Nexus 5X Build/MMB29P) AppleWebKit/537.36 (KHTML, like Gecko) Chrome/41.0.2272.96 Mobile Safari/537.36 (compatible; Googlebot/2.1; +http://www.google.com/bot.html)"
66.249.75.199 - - [12/Jun/2019:21:46:34 +0300] "GET /favicon.ico HTTP/1.1" 404 1054 "-" "Googlebot-Image/1.0"
66.249.75.197 - - [13/Jun/2019:05:40:41 +0300] "GET /robots.txt HTTP/1.1" 404 1054 "-" "Mozilla/5.0 (compatible; Googlebot/2.1; +http://www.google.com/bot.html)"
66.249.75.199 - - [13/Jun/2019:05:40:41 +0300] "GET / HTTP/1.1" 200 1241 "-" "Mozilla/5.0 (Linux; Android 6.0.1; Nexus 5X Build/MMB29P) AppleWebKit/537.36 (KHTML, like Gecko) Chrome/41.0.2272.96 Mobile Safari/537.36 (compatible; Googlebot/2.1; +http://www.google.com/bot.html)"
66.249.76.130 - - [13/Jun/2019:14:44:10 +0300] "GET / HTTP/1.1" 200 1241 "-" "Mozilla/5.0 (Linux; Android 6.0.1; Nexus 5X Build/MMB29P) AppleWebKit/537.36 (KHTML, like Gecko) Chrome/41.0.2272.96 Mobile Safari/537.36 (compatible; Googlebot/2.1; +http://www.google.com/bot.html)"
66.249.76.135 - - [13/Jun/2019:23:56:01 +0300] "GET /robots.txt HTTP/1.1" 404 1054 "-" "Mozilla/5.0 (compatible; Googlebot/2.1; +http://www.google.com/bot.html)"
66.249.76.133 - - [13/Jun/2019:23:56:01 +0300] "GET / HTTP/1.1" 200 1241 "-" "Mozilla/5.0 (Linux; Android 6.0.1; Nexus 5X Build/MMB29P) AppleWebKit/537.36 (KHTML, like Gecko) Chrome/41.0.2272.96 Mobile Safari/537.36 (compatible; Googlebot/2.1; +http://www.google.com/bot.html)"
5.45.207.35 - - [14/Jun/2019:10:13:33 +0300] "GET /robots.txt HTTP/1.1" 404 1054 "-" "Mozilla/5.0 (compatible; YandexBot/3.0; +http://yandex.com/bots)"
66.249.76.135 - - [14/Jun/2019:10:13:36 +0300] "GET / HTTP/1.1" 200 1241 "-" "Mozilla/5.0 (Linux; Android 6.0.1; Nexus 5X Build/MMB29P) AppleWebKit/537.36 (KHTML, like Gecko) Chrome/41.0.2272.96 Mobile Safari/537.36 (compatible; Googlebot/2.1; +http://www.google.com/bot.html)"
37.9.113.52 - - [14/Jun/2019:10:13:37 +0300] "GET / HTTP/1.1" 200 1241 "-" "Mozilla/5.0 (compatible; YandexBot/3.0; +http://yandex.com/bots)"
66.249.64.66 - - [14/Jun/2019:22:46:11 +0300] "GET /robots.txt HTTP/1.1" 404 1054 "-" "Mozilla/5.0 (compatible; Googlebot/2.1; +http://www.google.com/bot.html)"
66.249.64.69 - - [14/Jun/2019:22:46:11 +0300] "GET / HTTP/1.1" 200 1241 "-" "Mozilla/5.0 (Linux; Android 6.0.1; Nexus 5X Build/MMB29P) AppleWebKit/537.36 (KHTML, like Gecko) Chrome/41.0.2272.96 Mobile Safari/537.36 (compatible; Googlebot/2.1; +http://www.google.com/bot.html)"
66.249.64.71 - - [15/Jun/2019:08:26:11 +0300] "GET / HTTP/1.1" 200 1241 "-" "Mozilla/5.0 (Linux; Android 6.0.1; Nexus 5X Build/MMB29P) AppleWebKit/537.36 (KHTML, like Gecko) Chrome/41.0.2272.96 Mobile Safari/537.36 (compatible; Googlebot/2.1; +http://www.google.com/bot.html)"
37.9.113.52 - - [15/Jun/2019:17:43:21 +0300] "GET /robots.txt HTTP/1.1" 404 1054 "-" "Mozilla/5.0 (compatible; YandexBot/3.0; +http://yandex.com/bots)"
37.9.113.52 - - [15/Jun/2019:17:43:25 +0300] "GET /stprep.php HTTP/1.1" 401 116 "-" "Mozilla/5.0 (compatible; YandexBot/3.0; +http://yandex.com/bots)"
66.249.66.199 - - [17/Jun/2019:13:19:38 +0300] "GET /robots.txt HTTP/1.1" 404 1054 "-" "Mozilla/5.0 (compatible; Googlebot/2.1; +http://www.google.com/bot.html)"
66.249.66.199 - - [17/Jun/2019:13:19:38 +0300] "GET / HTTP/1.1" 200 1241 "-" "Mozilla/5.0 (compatible; Googlebot/2.1; +http://www.google.com/bot.html)"
66.249.66.199 - - [17/Jun/2019:13:20:09 +0300] "GET /favicon.ico HTTP/1.1" 404 1054 "-" "Googlebot-Image/1.0"
66.249.66.199 - - [17/Jun/2019:15:09:32 +0300] "GET /favicon.ico HTTP/1.1" 404 1054 "-" "Googlebot-Image/1.0"
5.45.207.35 - - [17/Jun/2019:21:01:40 +0300] "GET /robots.txt HTTP/1.1" 404 1054 "-" "Mozilla/5.0 (compatible; YandexBot/3.0; +http://yandex.com/bots)"
37.9.113.52 - - [17/Jun/2019:21:01:44 +0300] "GET / HTTP/1.1" 200 1241 "-" "Mozilla/5.0 (compatible; YandexBot/3.0; +http://yandex.com/bots)"
35.239.58.193 - - [18/Jun/2019:12:18:55 +0300] "GET /robots.txt HTTP/1.1" 404 1054 "-" "ltx71 - (http://ltx71.com/)"
35.239.58.193 - - [18/Jun/2019:12:19:43 +0300] "GET / HTTP/1.1" 200 1241 "-" "ltx71 - (http://ltx71.com/)"
35.239.58.193 - - [18/Jun/2019:13:12:29 +0300] "GET /robots.txt HTTP/1.1" 404 1054 "-" "ltx71 - (http://ltx71.com/)"
35.239.58.193 - - [18/Jun/2019:13:13:17 +0300] "GET /stprep.php HTTP/1.1" 401 116 "-" "ltx71 - (http://ltx71.com/)"
66.249.79.199 - - [18/Jun/2019:15:21:38 +0300] "GET /robots.txt HTTP/1.1" 404 1054 "-" "Mozilla/5.0 (compatible; Googlebot/2.1; +http://www.google.com/bot.html)"
66.249.79.194 - - [18/Jun/2019:15:21:38 +0300] "GET / HTTP/1.1" 200 1241 "-" "Mozilla/5.0 (Linux; Android 6.0.1; Nexus 5X Build/MMB29P) AppleWebKit/537.36 (KHTML, like Gecko) Chrome/41.0.2272.96 Mobile Safari/537.36 (compatible; Googlebot/2.1; +http://www.google.com/bot.html)"
66.249.79.197 - - [18/Jun/2019:15:21:42 +0300] "GET /favicon.ico HTTP/1.1" 404 1054 "-" "Googlebot-Image/1.0"
66.249.79.194 - - [18/Jun/2019:17:08:34 +0300] "GET /favicon.ico HTTP/1.1" 404 1054 "-" "Googlebot-Image/1.0"
37.9.113.52 - - [19/Jun/2019:12:35:10 +0300] "GET /robots.txt HTTP/1.1" 404 1054 "-" "Mozilla/5.0 (compatible; YandexBot/3.0; +http://yandex.com/bots)"
37.9.113.52 - - [19/Jun/2019:12:35:14 +0300] "GET / HTTP/1.1" 200 1241 "-" "Mozilla/5.0 (compatible; YandexBot/3.0; +http://yandex.com/bots)"
66.249.75.197 - - [21/Jun/2019:04:00:18 +0300] "GET /robots.txt HTTP/1.1" 404 1054 "-" "Mozilla/5.0 (compatible; Googlebot/2.1; +http://www.google.com/bot.html)"
66.249.75.197 - - [21/Jun/2019:04:00:18 +0300] "GET / HTTP/1.1" 200 1241 "-" "Mozilla/5.0 (Linux; Android 6.0.1; Nexus 5X Build/MMB29P) AppleWebKit/537.36 (KHTML, like Gecko) Chrome/41.0.2272.96 Mobile Safari/537.36 (compatible; Googlebot/2.1; +http://www.google.com/bot.html)"
66.249.64.69 - - [22/Jun/2019:06:46:11 +0300] "GET /robots.txt HTTP/1.1" 404 1054 "-" "Mozilla/5.0 (compatible; Googlebot/2.1; +http://www.google.com/bot.html)"
66.249.64.69 - - [22/Jun/2019:06:46:11 +0300] "GET / HTTP/1.1" 200 1241 "-" "Mozilla/5.0 (Linux; Android 6.0.1; Nexus 5X Build/MMB29P) AppleWebKit/537.36 (KHTML, like Gecko) Chrome/41.0.2272.96 Mobile Safari/537.36 (compatible; Googlebot/2.1; +http://www.google.com/bot.html)"
37.204.188.209 - - [22/Jun/2019:19:50:05 +0300] "GET /outtabp.php HTTP/1.1" 401 116 "https://yandex.ru/clck/jsredir?from=yandex.ru%3Bsearch%3Bweb%3B%3B&text=&etext=2192.qnlK9nITNVEIpCGTIUPyzt197xhCuCvE2oNfOxZjwGNhbD3pVIeooUt8vm7oeMQD.21e576c934938d531bc1e5aa19afe60f9fe07c81&uuid=&state=_BLhILn4SxNIvvL0W45KSic66uCIg23qh8iRG98qeIXmeppkgUc0YLeQVNu7TCjFWhspMNrg36Y&data=UlNrNmk5WktYejR0eWJFYk1LdmtxblBtQTJjd2tCS0tvV2NzXzRlMEZkYjk3X0NDdDZOa3RWU1VkTlpua3JObnRnUnItTE4tTk5nd0NSOG9ZaE44R2REZVRpeXdIcTM4UXBBVGpab3Z3U29TaF81aU9PM0xoUGZDODhCWWJJRkw&b64e=2&sign=4423eecee09a5baab959dcb996cfa46d&keyno=0&cst=AiuY0DBWFJ7IXge4WdYJQaYgAYq7JarrCMkl35r3Q-5S3zv1h_zPwowMQs8BwrPypsMbvaDu4VCu1eFvYwPdK2pXg9wS_j4W7FFkflOPPR4RqKcJOQ99MIqcU9nRvy13xcSjnRZSKt-LFxg9XABdivQbA_6qJcMc&ref=orjY4mGPRjk5boDnW0uvlrrd71vZw9kp5uQozpMtKCW5ri5MzTNSErpCTQSuXvcnz9Kfnx0TEQIvpBY2owYb60Nlaeq3HzTFxZLwTfp5A1CV7dihEtDvQlUlzwG7ruEe&l10n=ru&cts=1561221215987&mc=4.54324812488" "Mozilla/5.0 (compatible; MSIE 10.0; Windows NT 6.2; Trident/6.0; Touch; MAARJS)"
188.242.177.140 - - [22/Jun/2019:20:58:11 +0300] "GET / HTTP/1.1" 200 1241 "https://www.google.com/" "Mozilla/5.0 (Windows NT 5.1) AppleWebKit/537.36 (KHTML, like Gecko) Chrome/49.0.2623.112 Safari/537.36"
188.242.177.140 - - [22/Jun/2019:20:58:11 +0300] "GET /itiy2.css HTTP/1.1" 200 6173 "http://fitu.technolog.edu.ru/" "Mozilla/5.0 (Windows NT 5.1) AppleWebKit/537.36 (KHTML, like Gecko) Chrome/49.0.2623.112 Safari/537.36"
188.242.177.140 - - [22/Jun/2019:20:58:11 +0300] "GET /images/ti.png HTTP/1.1" 200 10316 "http://fitu.technolog.edu.ru/" "Mozilla/5.0 (Windows NT 5.1) AppleWebKit/537.36 (KHTML, like Gecko) Chrome/49.0.2623.112 Safari/537.36"
188.242.177.140 - - [22/Jun/2019:20:58:11 +0300] "GET /images/line3.jpg HTTP/1.1" 200 9943 "http://fitu.technolog.edu.ru/itiy2.css" "Mozilla/5.0 (Windows NT 5.1) AppleWebKit/537.36 (KHTML, like Gecko) Chrome/49.0.2623.112 Safari/537.36"
188.242.177.140 - - [22/Jun/2019:20:58:11 +0300] "GET /images/line4.jpg HTTP/1.1" 200 9964 "http://fitu.technolog.edu.ru/itiy2.css" "Mozilla/5.0 (Windows NT 5.1) AppleWebKit/537.36 (KHTML, like Gecko) Chrome/49.0.2623.112 Safari/537.36"
188.242.177.140 - - [22/Jun/2019:20:58:11 +0300] "GET /favicon.ico HTTP/1.1" 404 1197 "http://fitu.technolog.edu.ru/" "Mozilla/5.0 (Windows NT 5.1) AppleWebKit/537.36 (KHTML, like Gecko) Chrome/49.0.2623.112 Safari/537.36"
66.249.79.194 - - [23/Jun/2019:05:48:07 +0300] "GET /robots.txt HTTP/1.1" 404 1054 "-" "Mozilla/5.0 (compatible; Googlebot/2.1; +http://www.google.com/bot.html)"
66.249.79.199 - - [23/Jun/2019:05:48:08 +0300] "GET / HTTP/1.1" 200 1241 "-" "Mozilla/5.0 (compatible; Googlebot/2.1; +http://www.google.com/bot.html)"
66.249.79.194 - - [23/Jun/2019:05:48:12 +0300] "GET /favicon.ico HTTP/1.1" 404 1054 "-" "Googlebot-Image/1.0"
66.249.79.194 - - [23/Jun/2019:07:59:52 +0300] "GET /favicon.ico HTTP/1.1" 404 1054 "-" "Googlebot-Image/1.0"
66.249.79.197 - - [23/Jun/2019:20:30:42 +0300] "GET /robots.txt HTTP/1.1" 404 1054 "-" "Mozilla/5.0 (compatible; Googlebot/2.1; +http://www.google.com/bot.html)"
66.249.79.199 - - [23/Jun/2019:20:30:42 +0300] "GET / HTTP/1.1" 200 1241 "-" "Mozilla/5.0 (Linux; Android 6.0.1; Nexus 5X Build/MMB29P) AppleWebKit/537.36 (KHTML, like Gecko) Chrome/41.0.2272.96 Mobile Safari/537.36 (compatible; Googlebot/2.1; +http://www.google.com/bot.html)"
66.249.79.197 - - [24/Jun/2019:06:22:57 +0300] "GET / HTTP/1.1" 200 1241 "-" "Mozilla/5.0 (Linux; Android 6.0.1; Nexus 5X Build/MMB29P) AppleWebKit/537.36 (KHTML, like Gecko) Chrome/41.0.2272.96 Mobile Safari/537.36 (compatible; Googlebot/2.1; +http://www.google.com/bot.html)"
66.249.79.194 - - [24/Jun/2019:06:23:00 +0300] "GET /favicon.ico HTTP/1.1" 404 1054 "-" "Googlebot-Image/1.0"
66.249.79.194 - - [24/Jun/2019:07:19:32 +0300] "GET /favicon.ico HTTP/1.1" 404 1054 "-" "Googlebot-Image/1.0"
66.249.79.194 - - [24/Jun/2019:13:07:39 +0300] "GET /robots.txt HTTP/1.1" 404 1054 "-" "Mozilla/5.0 (compatible; Googlebot/2.1; +http://www.google.com/bot.html)"
66.249.79.194 - - [24/Jun/2019:13:07:40 +0300] "GET /favicon.ico HTTP/1.1" 404 1054 "-" "Googlebot-Image/1.0"
66.249.79.197 - - [24/Jun/2019:16:38:26 +0300] "GET / HTTP/1.1" 200 1241 "-" "Mozilla/5.0 (Linux; Android 6.0.1; Nexus 5X Build/MMB29P) AppleWebKit/537.36 (KHTML, like Gecko) Chrome/41.0.2272.96 Mobile Safari/537.36 (compatible; Googlebot/2.1; +http://www.google.com/bot.html)"
66.249.79.199 - - [28/Jun/2019:09:00:16 +0300] "GET /robots.txt HTTP/1.1" 404 1054 "-" "Mozilla/5.0 (compatible; Googlebot/2.1; +http://www.google.com/bot.html)"
66.249.79.199 - - [28/Jun/2019:09:00:18 +0300] "GET / HTTP/1.1" 200 1241 "-" "Mozilla/5.0 (Linux; Android 6.0.1; Nexus 5X Build/MMB29P) AppleWebKit/537.36 (KHTML, like Gecko) Chrome/41.0.2272.96 Mobile Safari/537.36 (compatible; Googlebot/2.1; +http://www.google.com/bot.html)"
66.249.79.194 - - [28/Jun/2019:18:25:36 +0300] "GET / HTTP/1.1" 200 1241 "-" "Mozilla/5.0 (Linux; Android 6.0.1; Nexus 5X Build/MMB29P) AppleWebKit/537.36 (KHTML, like Gecko) Chrome/41.0.2272.96 Mobile Safari/537.36 (compatible; Googlebot/2.1; +http://www.google.com/bot.html)"
66.249.79.199 - - [28/Jun/2019:20:05:18 +0300] "GET / HTTP/1.1" 200 1241 "-" "Mozilla/5.0 (compatible; Googlebot/2.1; +http://www.google.com/bot.html)"
66.249.79.197 - - [28/Jun/2019:20:05:26 +0300] "GET /favicon.ico HTTP/1.1" 404 1054 "-" "Googlebot-Image/1.0"
66.249.79.194 - - [28/Jun/2019:22:17:31 +0300] "GET /robots.txt HTTP/1.1" 404 1054 "-" "Mozilla/5.0 (compatible; Googlebot/2.1; +http://www.google.com/bot.html)"
66.249.79.199 - - [28/Jun/2019:22:17:31 +0300] "GET /favicon.ico HTTP/1.1" 404 1054 "-" "Googlebot-Image/1.0"
66.249.79.197 - - [29/Jun/2019:06:47:39 +0300] "GET / HTTP/1.1" 200 1241 "-" "Mozilla/5.0 (Linux; Android 6.0.1; Nexus 5X Build/MMB29P) AppleWebKit/537.36 (KHTML, like Gecko) Chrome/41.0.2272.96 Mobile Safari/537.36 (compatible; Googlebot/2.1; +http://www.google.com/bot.html)"
66.249.79.199 - - [29/Jun/2019:06:48:41 +0300] "GET /itiy2.css HTTP/1.1" 200 6173 "http://fitu.technolog.edu.ru/" "Mozilla/5.0 (Linux; Android 6.0.1; Nexus 5X Build/MMB29P) AppleWebKit/537.36 (KHTML, like Gecko) Chrome/41.0.2272.96 Mobile Safari/537.36 (compatible; Googlebot/2.1; +http://www.google.com/bot.html)"
46.229.168.150 - - [29/Jun/2019:13:16:19 +0300] "GET /robots.txt HTTP/1.1" 404 1054 "-" "Mozilla/5.0 (compatible; SemrushBot/3~bl; +http://www.semrush.com/bot.html)"
46.229.168.142 - - [29/Jun/2019:13:16:20 +0300] "GET / HTTP/1.1" 200 1241 "-" "Mozilla/5.0 (compatible; SemrushBot/3~bl; +http://www.semrush.com/bot.html)"
46.229.168.142 - - [29/Jun/2019:13:16:21 +0300] "GET /sitemap.xml HTTP/1.1" 404 1054 "-" "Mozilla/5.0 (compatible; SemrushBot/3~bl; +http://www.semrush.com/bot.html)"
128.72.182.199 - - [29/Jun/2019:15:55:11 +0300] "GET /stprep.php HTTP/1.1" 401 116 "https://yandex.ru/clck/jsredir?from=yandex.ru%3Bsearch%3Bweb%3B%3B&text=&etext=2199.omfnU1Upr-GlyvQVpzM20NkhxRzitm-eWuxHFvEvfVYlbVFRcyaEORQ1Q68p-7iD.10887df6fdc5351b8dec3ce6a9ec3fb0b3525066&uuid=&state=_BLhILn4SxNIvvL0W45KSic66uCIg23qh8iRG98qeIXmeppkgUc0YFUVNhHyyhJgRFg5yeLMIWU&data=UlNrNmk5WktYejR0eWJFYk1LdmtxblBtQTJjd2tCS0tvV2NzXzRlMEZkYjk3X0NDdDZOa3RXS1ZpMU5ubE5JQ3R0X2NYaFotVEV1Yk5qN3FxTk1Md05qb04wY1lrOWpNNWNQcDF6Vk83cGZ0cmRyZk1ITnB2WW9HNUhDTUFQRW0&b64e=2&sign=7a5278dc23005dc51b54f45414695894&keyno=0&cst=AiuY0DBWFJ7IXge4WdYJQYpgPUyh7uQl6I9k1Wce5OxUE6ncStMOsqXdWvGgol-Sxt3IUfFO8xsBxKGjF6vQDkD73q402Tpu7PBiB6t-grUW3Yc4MsHsiShWi1rFcDniDS0mWmzbfSGJyg48vxzcPQ&ref=orjY4mGPRjk5boDnW0uvlrrd71vZw9kp5uQozpMtKCXma_RTIh0ntGeEk3KLHsycBk1L9hhrGqI3io7PnM_wIVB1qC6hw1TqAWWYfW4UOF2VCEY-QICKX-4XBqRkPDfY&l10n=ru&cts=1561811825410&mc=1.92388432893" "Mozilla/5.0 (compatible; MSIE 10.0; Windows NT 6.2; Trident/6.0; MAAU; MAAU)"
66.249.79.197 - - [29/Jun/2019:16:10:05 +0300] "GET /robots.txt HTTP/1.1" 404 1054 "-" "Mozilla/5.0 (compatible; Googlebot/2.1; +http://www.google.com/bot.html)"
66.249.79.199 - - [29/Jun/2019:16:10:06 +0300] "GET / HTTP/1.1" 200 1241 "-" "Mozilla/5.0 (Linux; Android 6.0.1; Nexus 5X Build/MMB29P) AppleWebKit/537.36 (KHTML, like Gecko) Chrome/41.0.2272.96 Mobile Safari/537.36 (compatible; Googlebot/2.1; +http://www.google.com/bot.html)"
66.249.79.194 - - [29/Jun/2019:20:51:54 +0300] "GET / HTTP/1.1" 200 1241 "-" "Mozilla/5.0 (Linux; Android 6.0.1; Nexus 5X Build/MMB29P) AppleWebKit/537.36 (KHTML, like Gecko) Chrome/41.0.2272.96 Mobile Safari/537.36 (compatible; Googlebot/2.1; +http://www.google.com/bot.html)"
66.249.79.199 - - [29/Jun/2019:20:51:57 +0300] "GET /itiy2.css HTTP/1.1" 200 6173 "http://fitu.technolog.edu.ru/" "Mozilla/5.0 (Linux; Android 6.0.1; Nexus 5X Build/MMB29P) AppleWebKit/537.36 (KHTML, like Gecko) Chrome/41.0.2272.96 Mobile Safari/537.36 (compatible; Googlebot/2.1; +http://www.google.com/bot.html)"
66.249.79.199 - - [29/Jun/2019:20:52:07 +0300] "GET /favicon.ico HTTP/1.1" 404 1054 "-" "Googlebot-Image/1.0"
66.249.79.199 - - [29/Jun/2019:23:09:29 +0300] "GET /favicon.ico HTTP/1.1" 404 1054 "-" "Googlebot-Image/1.0"
95.163.255.181 - - [30/Jun/2019:05:38:50 +0300] "GET /robots.txt HTTP/1.0" 404 1054 "-" "Mozilla/5.0 (compatible; Linux x86_64; Mail.RU_Bot/2.0; +http://go.mail.ru/help/robots)"
95.163.255.190 - - [30/Jun/2019:05:38:53 +0300] "GET / HTTP/1.1" 200 1241 "-" "Mozilla/5.0 (compatible; Linux x86_64; Mail.RU_Bot/2.0; +http://go.mail.ru/help/robots)"
66.249.79.197 - - [30/Jun/2019:10:54:10 +0300] "GET /robots.txt HTTP/1.1" 404 1054 "-" "Mozilla/5.0 (compatible; Googlebot/2.1; +http://www.google.com/bot.html)"
66.249.79.199 - - [30/Jun/2019:10:54:10 +0300] "GET / HTTP/1.1" 200 1241 "-" "Mozilla/5.0 (Linux; Android 6.0.1; Nexus 5X Build/MMB29P) AppleWebKit/537.36 (KHTML, like Gecko) Chrome/41.0.2272.96 Mobile Safari/537.36 (compatible; Googlebot/2.1; +http://www.google.com/bot.html)"
66.249.79.199 - - [30/Jun/2019:22:07:38 +0300] "GET / HTTP/1.1" 200 1241 "-" "Mozilla/5.0 (Linux; Android 6.0.1; Nexus 5X Build/MMB29P) AppleWebKit/537.36 (KHTML, like Gecko) Chrome/41.0.2272.96 Mobile Safari/537.36 (compatible; Googlebot/2.1; +http://www.google.com/bot.html)"
54.165.59.7 - - [01/Jul/2019:00:39:06 +0300] "GET /robots.txt HTTP/1.0" 404 1054 "-" "ia_archiver"
54.165.59.7 - - [01/Jul/2019:00:39:06 +0300] "GET /index.php HTTP/1.0" 200 1241 "-" "ia_archiver"
54.165.59.7 - - [01/Jul/2019:00:59:03 +0300] "GET /stprep.php HTTP/1.0" 401 116 "-" "ia_archiver"
54.165.59.7 - - [01/Jul/2019:01:36:25 +0300] "GET /outtabp.php HTTP/1.0" 401 116 "-" "ia_archiver"
66.249.79.197 - - [01/Jul/2019:08:09:19 +0300] "GET /robots.txt HTTP/1.1" 404 1054 "-" "Mozilla/5.0 (compatible; Googlebot/2.1; +http://www.google.com/bot.html)"
66.249.79.197 - - [01/Jul/2019:08:09:20 +0300] "GET / HTTP/1.1" 200 1241 "-" "Mozilla/5.0 (Linux; Android 6.0.1; Nexus 5X Build/MMB29P) AppleWebKit/537.36 (KHTML, like Gecko) Chrome/41.0.2272.96 Mobile Safari/537.36 (compatible; Googlebot/2.1; +http://www.google.com/bot.html)"
54.165.59.7 - - [01/Jul/2019:14:33:33 +0300] "GET /robots.txt HTTP/1.0" 404 1054 "-" "ia_archiver"
54.165.59.7 - - [01/Jul/2019:14:33:33 +0300] "GET /stdek.php HTTP/1.0" 401 116 "-" "ia_archiver"
54.165.59.7 - - [01/Jul/2019:14:46:58 +0300] "GET /start3.php HTTP/1.0" 401 116 "-" "ia_archiver"
54.165.59.7 - - [01/Jul/2019:15:03:30 +0300] "GET /reytp.php HTTP/1.0" 401 116 "-" "ia_archiver"
66.249.79.197 - - [01/Jul/2019:18:22:45 +0300] "GET / HTTP/1.1" 200 1241 "-" "Mozilla/5.0 (Linux; Android 6.0.1; Nexus 5X Build/MMB29P) AppleWebKit/537.36 (KHTML, like Gecko) Chrome/41.0.2272.96 Mobile Safari/537.36 (compatible; Googlebot/2.1; +http://www.google.com/bot.html)"
217.69.143.58 - - [01/Jul/2019:19:16:18 +0300] "GET /robots.txt HTTP/1.0" 404 1054 "-" "Mozilla/5.0 (compatible; Linux x86_64; Mail.RU_Bot/Img/2.0; +http://go.mail.ru/help/robots)"
217.69.143.60 - - [01/Jul/2019:19:16:28 +0300] "GET /images/institut.jpg HTTP/1.1" 404 1201 "http://go.mail.ru/search_images" "Mozilla/5.0 (compatible; Linux x86_64; Mail.RU_Bot/Img/2.0; +http://go.mail.ru/help/robots)"
5.45.207.35 - - [02/Jul/2019:00:29:10 +0300] "GET /robots.txt HTTP/1.1" 404 1054 "-" "Mozilla/5.0 (compatible; YandexBot/3.0; +http://yandex.com/bots)"
141.8.132.12 - - [02/Jul/2019:00:29:14 +0300] "GET / HTTP/1.1" 200 1241 "-" "Mozilla/5.0 (compatible; YandexBot/3.0; +http://yandex.com/bots)"
66.249.79.194 - - [02/Jul/2019:07:56:26 +0300] "GET /robots.txt HTTP/1.1" 404 1054 "-" "Mozilla/5.0 (compatible; Googlebot/2.1; +http://www.google.com/bot.html)"
66.249.79.194 - - [02/Jul/2019:07:56:26 +0300] "GET / HTTP/1.1" 200 1241 "-" "Mozilla/5.0 (Linux; Android 6.0.1; Nexus 5X Build/MMB29P) AppleWebKit/537.36 (KHTML, like Gecko) Chrome/41.0.2272.96 Mobile Safari/537.36 (compatible; Googlebot/2.1; +http://www.google.com/bot.html)"
219.145.144.65 - - [02/Jul/2019:15:01:23 +0300] "GET / HTTP/1.1" 200 1241 "-" "Mozilla/5.0 (compatible; MSIE 9.0; Windows NT 6.1; Trident/5.0)"
219.145.144.65 - - [02/Jul/2019:15:01:24 +0300] "GET /wp-login.php HTTP/1.1" 404 1054 "-" "Mozilla/5.0 (compatible; MSIE 9.0; Windows NT 6.1; Trident/5.0)"
219.145.144.65 - - [02/Jul/2019:15:01:26 +0300] "GET /blog/wp-login.php HTTP/1.1" 404 1054 "-" "Mozilla/5.0 (compatible; MSIE 9.0; Windows NT 6.1; Trident/5.0)"
219.145.144.65 - - [02/Jul/2019:15:01:26 +0300] "GET /blogswp-login.php HTTP/1.1" 404 1054 "-" "Mozilla/5.0 (compatible; MSIE 9.0; Windows NT 6.1; Trident/5.0)"
219.145.144.65 - - [02/Jul/2019:15:01:26 +0300] "GET /home/wp-login.php HTTP/1.1" 404 1054 "-" "Mozilla/5.0 (compatible; MSIE 9.0; Windows NT 6.1; Trident/5.0)"
219.145.144.65 - - [02/Jul/2019:15:01:27 +0300] "GET /wordpress/wp-login.php HTTP/1.1" 404 1054 "-" "Mozilla/5.0 (compatible; MSIE 9.0; Windows NT 6.1; Trident/5.0)"
219.145.144.65 - - [02/Jul/2019:15:01:28 +0300] "GET /press/wp-login.php HTTP/1.1" 404 1054 "-" "Mozilla/5.0 (compatible; MSIE 9.0; Windows NT 6.1; Trident/5.0)"
219.145.144.65 - - [02/Jul/2019:15:01:28 +0300] "GET /wp/wp-login.php HTTP/1.1" 404 1054 "-" "Mozilla/5.0 (compatible; MSIE 9.0; Windows NT 6.1; Trident/5.0)"
219.145.144.65 - - [02/Jul/2019:15:01:28 +0300] "GET /web/wp-login.php HTTP/1.1" 404 1054 "-" "Mozilla/5.0 (compatible; MSIE 9.0; Windows NT 6.1; Trident/5.0)"
219.145.144.65 - - [02/Jul/2019:15:01:28 +0300] "GET /new/wp-login.php HTTP/1.1" 404 1054 "-" "Mozilla/5.0 (compatible; MSIE 9.0; Windows NT 6.1; Trident/5.0)"
219.145.144.65 - - [02/Jul/2019:15:01:29 +0300] "GET /news/wp-login.php HTTP/1.1" 404 1054 "-" "Mozilla/5.0 (compatible; MSIE 9.0; Windows NT 6.1; Trident/5.0)"
219.145.144.65 - - [02/Jul/2019:15:01:29 +0300] "GET /site/wp-login.php HTTP/1.1" 404 1054 "-" "Mozilla/5.0 (compatible; MSIE 9.0; Windows NT 6.1; Trident/5.0)"
219.145.144.65 - - [02/Jul/2019:15:01:29 +0300] "GET /sites/wp-login.php HTTP/1.1" 404 1054 "-" "Mozilla/5.0 (compatible; MSIE 9.0; Windows NT 6.1; Trident/5.0)"
219.145.144.65 - - [02/Jul/2019:15:01:29 +0300] "GET /sitio/wp-login.php HTTP/1.1" 404 1054 "-" "Mozilla/5.0 (compatible; MSIE 9.0; Windows NT 6.1; Trident/5.0)"
219.145.144.65 - - [02/Jul/2019:15:01:30 +0300] "GET /en/wp-login.php HTTP/1.1" 404 1054 "-" "Mozilla/5.0 (compatible; MSIE 9.0; Windows NT 6.1; Trident/5.0)"
219.145.144.65 - - [02/Jul/2019:15:01:30 +0300] "GET /old/wp-login.php HTTP/1.1" 404 1054 "-" "Mozilla/5.0 (compatible; MSIE 9.0; Windows NT 6.1; Trident/5.0)"
219.145.144.65 - - [02/Jul/2019:15:01:31 +0300] "GET /info/wp-login.php HTTP/1.1" 404 1054 "-" "Mozilla/5.0 (compatible; MSIE 9.0; Windows NT 6.1; Trident/5.0)"
219.145.144.65 - - [02/Jul/2019:15:01:31 +0300] "GET /demo/wp-login.php HTTP/1.1" 404 1054 "-" "Mozilla/5.0 (compatible; MSIE 9.0; Windows NT 6.1; Trident/5.0)"
219.145.144.65 - - [02/Jul/2019:15:01:31 +0300] "GET /portal/wp-login.php HTTP/1.1" 404 1054 "-" "Mozilla/5.0 (compatible; MSIE 9.0; Windows NT 6.1; Trident/5.0)"
66.249.64.66 - - [04/Jul/2019:10:35:03 +0300] "GET /robots.txt HTTP/1.1" 404 1054 "-" "Mozilla/5.0 (compatible; Googlebot/2.1; +http://www.google.com/bot.html)"
66.249.64.71 - - [04/Jul/2019:10:35:03 +0300] "GET / HTTP/1.1" 200 1241 "-" "Mozilla/5.0 (compatible; Googlebot/2.1; +http://www.google.com/bot.html)"
66.249.64.66 - - [04/Jul/2019:10:35:18 +0300] "GET /favicon.ico HTTP/1.1" 404 1054 "-" "Googlebot-Image/1.0"
66.249.64.69 - - [04/Jul/2019:12:45:28 +0300] "GET / HTTP/1.1" 200 1241 "-" "Mozilla/5.0 (Linux; Android 6.0.1; Nexus 5X Build/MMB29P) AppleWebKit/537.36 (KHTML, like Gecko) Chrome/41.0.2272.96 Mobile Safari/537.36 (compatible; Googlebot/2.1; +http://www.google.com/bot.html)"
66.249.64.69 - - [04/Jul/2019:13:08:50 +0300] "GET /favicon.ico HTTP/1.1" 404 1054 "-" "Googlebot-Image/1.0"
66.249.79.194 - - [05/Jul/2019:11:08:58 +0300] "GET /robots.txt HTTP/1.1" 404 1054 "-" "Mozilla/5.0 (compatible; Googlebot/2.1; +http://www.google.com/bot.html)"
66.249.79.197 - - [05/Jul/2019:11:09:00 +0300] "GET / HTTP/1.1" 200 1241 "-" "Mozilla/5.0 (Linux; Android 6.0.1; Nexus 5X Build/MMB29P) AppleWebKit/537.36 (KHTML, like Gecko) Chrome/41.0.2272.96 Mobile Safari/537.36 (compatible; Googlebot/2.1; +http://www.google.com/bot.html)"
66.249.79.194 - - [05/Jul/2019:11:09:04 +0300] "GET /favicon.ico HTTP/1.1" 404 1054 "-" "Googlebot-Image/1.0"
66.249.79.194 - - [05/Jul/2019:13:08:53 +0300] "GET /favicon.ico HTTP/1.1" 404 1054 "-" "Googlebot-Image/1.0"
66.249.79.194 - - [05/Jul/2019:20:52:22 +0300] "GET / HTTP/1.1" 200 1241 "-" "Mozilla/5.0 (Linux; Android 6.0.1; Nexus 5X Build/MMB29P) AppleWebKit/537.36 (KHTML, like Gecko) Chrome/41.0.2272.96 Mobile Safari/537.36 (compatible; Googlebot/2.1; +http://www.google.com/bot.html)"
66.249.79.194 - - [06/Jul/2019:10:31:26 +0300] "GET /robots.txt HTTP/1.1" 404 1054 "-" "Mozilla/5.0 (compatible; Googlebot/2.1; +http://www.google.com/bot.html)"
66.249.79.199 - - [06/Jul/2019:10:31:27 +0300] "GET / HTTP/1.1" 200 1241 "-" "Mozilla/5.0 (Linux; Android 6.0.1; Nexus 5X Build/MMB29P) AppleWebKit/537.36 (KHTML, like Gecko) Chrome/41.0.2272.96 Mobile Safari/537.36 (compatible; Googlebot/2.1; +http://www.google.com/bot.html)"
157.55.39.19 - - [08/Jul/2019:04:48:55 +0300] "GET /robots.txt HTTP/1.1" 404 1054 "-" "Mozilla/5.0 (compatible; bingbot/2.0; +http://www.bing.com/bingbot.htm)"
40.77.167.123 - - [08/Jul/2019:04:49:00 +0300] "GET / HTTP/1.1" 200 1241 "-" "Mozilla/5.0 (compatible; bingbot/2.0; +http://www.bing.com/bingbot.htm)"
66.249.79.199 - - [08/Jul/2019:09:02:48 +0300] "GET /robots.txt HTTP/1.1" 404 1054 "-" "Mozilla/5.0 (compatible; Googlebot/2.1; +http://www.google.com/bot.html)"
66.249.79.194 - - [08/Jul/2019:09:02:48 +0300] "GET / HTTP/1.1" 200 1241 "-" "Mozilla/5.0 (Linux; Android 6.0.1; Nexus 5X Build/MMB29P) AppleWebKit/537.36 (KHTML, like Gecko) Chrome/41.0.2272.96 Mobile Safari/537.36 (compatible; Googlebot/2.1; +http://www.google.com/bot.html)"
46.229.168.147 - - [08/Jul/2019:17:39:29 +0300] "GET /robots.txt HTTP/1.1" 404 1054 "-" "Mozilla/5.0 (compatible; SemrushBot/3~bl; +http://www.semrush.com/bot.html)"
46.229.168.148 - - [08/Jul/2019:17:39:29 +0300] "GET /stprep.php HTTP/1.1" 401 116 "-" "Mozilla/5.0 (compatible; SemrushBot/3~bl; +http://www.semrush.com/bot.html)"
66.249.79.197 - - [08/Jul/2019:17:55:01 +0300] "GET / HTTP/1.1" 200 1241 "-" "Mozilla/5.0 (Linux; Android 6.0.1; Nexus 5X Build/MMB29P) AppleWebKit/537.36 (KHTML, like Gecko) Chrome/41.0.2272.96 Mobile Safari/537.36 (compatible; Googlebot/2.1; +http://www.google.com/bot.html)"
95.163.255.159 - - [08/Jul/2019:18:12:59 +0300] "GET /robots.txt HTTP/1.0" 404 1054 "-" "Mozilla/5.0 (compatible; Linux x86_64; Mail.RU_Bot/2.0; +http://go.mail.ru/help/robots)"
95.163.255.151 - - [08/Jul/2019:18:13:01 +0300] "GET / HTTP/1.1" 200 1241 "-" "Mozilla/5.0 (compatible; Linux x86_64; Mail.RU_Bot/2.0; +http://go.mail.ru/help/robots)"
66.249.79.199 - - [08/Jul/2019:21:03:42 +0300] "GET /images/ti.png HTTP/1.1" 200 10316 "-" "Googlebot-Image/1.0"
66.249.79.199 - - [08/Jul/2019:21:03:42 +0300] "GET /robots.txt HTTP/1.1" 404 1054 "-" "Mozilla/5.0 (compatible; Googlebot/2.1; +http://www.google.com/bot.html)"
66.249.79.199 - - [09/Jul/2019:02:33:57 +0300] "GET / HTTP/1.1" 200 1241 "-" "Mozilla/5.0 (Linux; Android 6.0.1; Nexus 5X Build/MMB29P) AppleWebKit/537.36 (KHTML, like Gecko) Chrome/41.0.2272.96 Mobile Safari/537.36 (compatible; Googlebot/2.1; +http://www.google.com/bot.html)"
66.249.79.197 - - [09/Jul/2019:13:16:36 +0300] "GET /robots.txt HTTP/1.1" 404 1054 "-" "Mozilla/5.0 (compatible; Googlebot/2.1; +http://www.google.com/bot.html)"
66.249.79.197 - - [09/Jul/2019:13:16:37 +0300] "GET / HTTP/1.1" 200 1241 "-" "Mozilla/5.0 (Linux; Android 6.0.1; Nexus 5X Build/MMB29P) AppleWebKit/537.36 (KHTML, like Gecko) Chrome/41.0.2272.96 Mobile Safari/537.36 (compatible; Googlebot/2.1; +http://www.google.com/bot.html)"
66.249.79.199 - - [09/Jul/2019:21:59:08 +0300] "GET / HTTP/1.1" 200 1241 "-" "Mozilla/5.0 (Linux; Android 6.0.1; Nexus 5X Build/MMB29P) AppleWebKit/537.36 (KHTML, like Gecko) Chrome/41.0.2272.96 Mobile Safari/537.36 (compatible; Googlebot/2.1; +http://www.google.com/bot.html)"
66.249.79.199 - - [10/Jul/2019:07:39:37 +0300] "GET /robots.txt HTTP/1.1" 404 1054 "-" "Mozilla/5.0 (compatible; Googlebot/2.1; +http://www.google.com/bot.html)"
66.249.79.197 - - [10/Jul/2019:07:39:37 +0300] "GET / HTTP/1.1" 200 1241 "-" "Mozilla/5.0 (Linux; Android 6.0.1; Nexus 5X Build/MMB29P) AppleWebKit/537.36 (KHTML, like Gecko) Chrome/41.0.2272.96 Mobile Safari/537.36 (compatible; Googlebot/2.1; +http://www.google.com/bot.html)"
66.249.79.179 - - [10/Jul/2019:09:59:56 +0300] "GET / HTTP/1.1" 200 1241 "-" "Mozilla/5.0 (compatible; Googlebot/2.1; +http://www.google.com/bot.html)"
66.249.79.175 - - [10/Jul/2019:10:03:45 +0300] "GET /favicon.ico HTTP/1.1" 404 1054 "-" "Googlebot-Image/1.0"
66.249.79.199 - - [10/Jul/2019:11:08:00 +0300] "GET /favicon.ico HTTP/1.1" 404 1054 "-" "Googlebot-Image/1.0"
37.9.113.153 - - [10/Jul/2019:11:23:46 +0300] "GET /robots.txt HTTP/1.1" 404 1054 "-" "Mozilla/5.0 (compatible; YandexBot/3.0; +http://yandex.com/bots)"
87.250.224.119 - - [10/Jul/2019:11:23:52 +0300] "GET /favicon.ico HTTP/1.1" 404 1054 "-" "Mozilla/5.0 (compatible; YandexBot/3.0; +http://yandex.com/bots)"
66.249.79.197 - - [10/Jul/2019:17:10:28 +0300] "GET / HTTP/1.1" 200 1241 "-" "Mozilla/5.0 (Linux; Android 6.0.1; Nexus 5X Build/MMB29P) AppleWebKit/537.36 (KHTML, like Gecko) Chrome/41.0.2272.96 Mobile Safari/537.36 (compatible; Googlebot/2.1; +http://www.google.com/bot.html)"
66.249.79.194 - - [11/Jul/2019:03:53:20 +0300] "GET /robots.txt HTTP/1.1" 404 1054 "-" "Mozilla/5.0 (compatible; Googlebot/2.1; +http://www.google.com/bot.html)"
66.249.79.199 - - [11/Jul/2019:03:53:20 +0300] "GET / HTTP/1.1" 200 1241 "-" "Mozilla/5.0 (Linux; Android 6.0.1; Nexus 5X Build/MMB29P) AppleWebKit/537.36 (KHTML, like Gecko) Chrome/41.0.2272.96 Mobile Safari/537.36 (compatible; Googlebot/2.1; +http://www.google.com/bot.html)"
66.249.79.194 - - [11/Jul/2019:03:53:39 +0300] "GET /favicon.ico HTTP/1.1" 404 1054 "-" "Googlebot-Image/1.0"
66.249.79.175 - - [12/Jul/2019:03:31:30 +0300] "GET /robots.txt HTTP/1.1" 404 1054 "-" "Mozilla/5.0 (compatible; Googlebot/2.1; +http://www.google.com/bot.html)"
66.249.79.175 - - [12/Jul/2019:03:31:30 +0300] "GET / HTTP/1.1" 200 1241 "-" "Mozilla/5.0 (Linux; Android 6.0.1; Nexus 5X Build/MMB29P) AppleWebKit/537.36 (KHTML, like Gecko) Chrome/41.0.2272.96 Mobile Safari/537.36 (compatible; Googlebot/2.1; +http://www.google.com/bot.html)"
46.229.168.142 - - [12/Jul/2019:03:49:39 +0300] "GET /robots.txt HTTP/1.1" 404 1054 "-" "Mozilla/5.0 (compatible; SemrushBot/3~bl; +http://www.semrush.com/bot.html)"
46.229.168.143 - - [12/Jul/2019:03:49:40 +0300] "GET / HTTP/1.1" 200 1241 "-" "Mozilla/5.0 (compatible; SemrushBot/3~bl; +http://www.semrush.com/bot.html)"
66.249.79.199 - - [12/Jul/2019:13:05:24 +0300] "GET / HTTP/1.1" 200 1241 "-" "Mozilla/5.0 (Linux; Android 6.0.1; Nexus 5X Build/MMB29P) AppleWebKit/537.36 (KHTML, like Gecko) Chrome/41.0.2272.96 Mobile Safari/537.36 (compatible; Googlebot/2.1; +http://www.google.com/bot.html)"
66.249.79.199 - - [12/Jul/2019:22:55:29 +0300] "GET /robots.txt HTTP/1.1" 404 1054 "-" "Mozilla/5.0 (compatible; Googlebot/2.1; +http://www.google.com/bot.html)"
66.249.79.199 - - [12/Jul/2019:22:55:29 +0300] "GET / HTTP/1.1" 200 1241 "-" "Mozilla/5.0 (Linux; Android 6.0.1; Nexus 5X Build/MMB29P) AppleWebKit/537.36 (KHTML, like Gecko) Chrome/41.0.2272.96 Mobile Safari/537.36 (compatible; Googlebot/2.1; +http://www.google.com/bot.html)"
66.249.79.197 - - [13/Jul/2019:07:27:58 +0300] "GET / HTTP/1.1" 200 1241 "-" "Mozilla/5.0 (Linux; Android 6.0.1; Nexus 5X Build/MMB29P) AppleWebKit/537.36 (KHTML, like Gecko) Chrome/41.0.2272.96 Mobile Safari/537.36 (compatible; Googlebot/2.1; +http://www.google.com/bot.html)"
66.249.79.197 - - [13/Jul/2019:07:28:01 +0300] "GET /itiy2.css HTTP/1.1" 200 6173 "http://fitu.technolog.edu.ru/" "Mozilla/5.0 (Linux; Android 6.0.1; Nexus 5X Build/MMB29P) AppleWebKit/537.36 (KHTML, like Gecko) Chrome/41.0.2272.96 Mobile Safari/537.36 (compatible; Googlebot/2.1; +http://www.google.com/bot.html)"
66.249.79.199 - - [14/Jul/2019:14:26:41 +0300] "GET /robots.txt HTTP/1.1" 404 1054 "-" "Mozilla/5.0 (compatible; Googlebot/2.1; +http://www.google.com/bot.html)"
66.249.79.194 - - [14/Jul/2019:14:26:41 +0300] "GET / HTTP/1.1" 200 1241 "-" "Mozilla/5.0 (Linux; Android 6.0.1; Nexus 5X Build/MMB29P) AppleWebKit/537.36 (KHTML, like Gecko) Chrome/41.0.2272.96 Mobile Safari/537.36 (compatible; Googlebot/2.1; +http://www.google.com/bot.html)"
66.249.79.197 - - [15/Jul/2019:00:40:35 +0300] "GET / HTTP/1.1" 200 1241 "-" "Mozilla/5.0 (Linux; Android 6.0.1; Nexus 5X Build/MMB29P) AppleWebKit/537.36 (KHTML, like Gecko) Chrome/41.0.2272.96 Mobile Safari/537.36 (compatible; Googlebot/2.1; +http://www.google.com/bot.html)"
66.249.79.194 - - [15/Jul/2019:10:12:30 +0300] "GET /robots.txt HTTP/1.1" 404 1054 "-" "Mozilla/5.0 (compatible; Googlebot/2.1; +http://www.google.com/bot.html)"
66.249.79.194 - - [15/Jul/2019:10:12:30 +0300] "GET / HTTP/1.1" 200 1241 "-" "Mozilla/5.0 (Linux; Android 6.0.1; Nexus 5X Build/MMB29P) AppleWebKit/537.36 (KHTML, like Gecko) Chrome/41.0.2272.96 Mobile Safari/537.36 (compatible; Googlebot/2.1; +http://www.google.com/bot.html)"
66.249.79.194 - - [15/Jul/2019:19:04:48 +0300] "GET / HTTP/1.1" 200 1241 "-" "Mozilla/5.0 (Linux; Android 6.0.1; Nexus 5X Build/MMB29P) AppleWebKit/537.36 (KHTML, like Gecko) Chrome/41.0.2272.96 Mobile Safari/537.36 (compatible; Googlebot/2.1; +http://www.google.com/bot.html)"
66.249.79.197 - - [16/Jul/2019:00:12:44 +0300] "GET /robots.txt HTTP/1.1" 404 1054 "-" "Mozilla/5.0 (compatible; Googlebot/2.1; +http://www.google.com/bot.html)"
66.249.79.197 - - [16/Jul/2019:00:12:44 +0300] "GET / HTTP/1.1" 200 1241 "-" "Mozilla/5.0 (compatible; Googlebot/2.1; +http://www.google.com/bot.html)"
66.249.79.197 - - [16/Jul/2019:00:22:50 +0300] "GET /favicon.ico HTTP/1.1" 404 1054 "-" "Googlebot-Image/1.0"
66.249.79.197 - - [16/Jul/2019:01:08:34 +0300] "GET /favicon.ico HTTP/1.1" 404 1054 "-" "Googlebot-Image/1.0"
66.249.79.197 - - [16/Jul/2019:04:45:02 +0300] "GET / HTTP/1.1" 200 1241 "-" "Mozilla/5.0 (Linux; Android 6.0.1; Nexus 5X Build/MMB29P) AppleWebKit/537.36 (KHTML, like Gecko) Chrome/41.0.2272.96 Mobile Safari/537.36 (compatible; Googlebot/2.1; +http://www.google.com/bot.html)"
66.249.79.197 - - [16/Jul/2019:15:19:45 +0300] "GET /robots.txt HTTP/1.1" 404 1054 "-" "Mozilla/5.0 (compatible; Googlebot/2.1; +http://www.google.com/bot.html)"
66.249.79.197 - - [16/Jul/2019:15:19:45 +0300] "GET / HTTP/1.1" 200 1241 "-" "Mozilla/5.0 (Linux; Android 6.0.1; Nexus 5X Build/MMB29P) AppleWebKit/537.36 (KHTML, like Gecko) Chrome/41.0.2272.96 Mobile Safari/537.36 (compatible; Googlebot/2.1; +http://www.google.com/bot.html)"
66.249.79.194 - - [16/Jul/2019:18:10:52 +0300] "GET / HTTP/1.1" 200 1241 "-" "Mozilla/5.0 (Linux; Android 6.0.1; Nexus 5X Build/MMB29P) AppleWebKit/537.36 (KHTML, like Gecko) Chrome/41.0.2272.96 Mobile Safari/537.36 (compatible; Googlebot/2.1; +http://www.google.com/bot.html)"
66.249.79.194 - - [16/Jul/2019:18:10:58 +0300] "GET /favicon.ico HTTP/1.1" 404 1054 "-" "Googlebot-Image/1.0"
66.249.79.194 - - [16/Jul/2019:19:09:48 +0300] "GET /favicon.ico HTTP/1.1" 404 1054 "-" "Googlebot-Image/1.0"
66.249.79.197 - - [17/Jul/2019:00:35:08 +0300] "GET / HTTP/1.1" 200 1241 "-" "Mozilla/5.0 (Linux; Android 6.0.1; Nexus 5X Build/MMB29P) AppleWebKit/537.36 (KHTML, like Gecko) Chrome/41.0.2272.96 Mobile Safari/537.36 (compatible; Googlebot/2.1; +http://www.google.com/bot.html)"
46.17.203.253 - - [17/Jul/2019:10:32:32 +0300] "GET /robots.txt HTTP/1.1" 404 1054 "-" "Mozilla/5.0 (Windows NT 10.0; Win64; x64) AppleWebKit/537.36 (KHTML, like Gecko) Chrome/60.0.3112.113 Safari/537.36"
46.17.203.253 - - [17/Jul/2019:10:32:32 +0300] "GET / HTTP/1.1" 200 1241 "-" "Mozilla/5.0 (Windows NT 10.0; Win64; x64) AppleWebKit/537.36 (KHTML, like Gecko) Chrome/60.0.3112.113 Safari/537.36"
66.249.64.69 - - [17/Jul/2019:14:19:33 +0300] "GET /robots.txt HTTP/1.1" 404 1054 "-" "Mozilla/5.0 (compatible; Googlebot/2.1; +http://www.google.com/bot.html)"
66.249.64.71 - - [17/Jul/2019:14:19:34 +0300] "GET / HTTP/1.1" 200 1241 "-" "Mozilla/5.0 (Linux; Android 6.0.1; Nexus 5X Build/MMB29P) AppleWebKit/537.36 (KHTML, like Gecko) Chrome/41.0.2272.96 Mobile Safari/537.36 (compatible; Googlebot/2.1; +http://www.google.com/bot.html)"
66.249.79.197 - - [18/Jul/2019:00:21:41 +0300] "GET / HTTP/1.1" 200 1241 "-" "Mozilla/5.0 (Linux; Android 6.0.1; Nexus 5X Build/MMB29P) AppleWebKit/537.36 (KHTML, like Gecko) Chrome/41.0.2272.96 Mobile Safari/537.36 (compatible; Googlebot/2.1; +http://www.google.com/bot.html)"
46.229.168.143 - - [18/Jul/2019:13:52:20 +0300] "GET /robots.txt HTTP/1.1" 404 1054 "-" "Mozilla/5.0 (compatible; SemrushBot/3~bl; +http://www.semrush.com/bot.html)"
46.229.168.144 - - [18/Jul/2019:13:52:21 +0300] "GET /stprep.php HTTP/1.1" 401 116 "-" "Mozilla/5.0 (compatible; SemrushBot/3~bl; +http://www.semrush.com/bot.html)"
46.229.168.153 - - [18/Jul/2019:13:52:23 +0300] "GET /sitemap.xml HTTP/1.1" 404 1054 "-" "Mozilla/5.0 (compatible; SemrushBot/3~bl; +http://www.semrush.com/bot.html)"
37.9.113.52 - - [19/Jul/2019:00:26:20 +0300] "GET /robots.txt HTTP/1.1" 404 1054 "-" "Mozilla/5.0 (compatible; YandexBot/3.0; +http://yandex.com/bots)"
37.9.113.52 - - [19/Jul/2019:00:26:24 +0300] "GET /favicon.ico HTTP/1.1" 404 1054 "-" "Mozilla/5.0 (compatible; YandexBot/3.0; +http://yandex.com/bots)"
37.9.113.52 - - [21/Jul/2019:03:18:02 +0300] "GET /robots.txt HTTP/1.1" 404 1054 "-" "Mozilla/5.0 (compatible; YandexBot/3.0; +http://yandex.com/bots)"
37.9.113.52 - - [21/Jul/2019:03:18:06 +0300] "GET / HTTP/1.1" 200 1241 "-" "Mozilla/5.0 (compatible; YandexBot/3.0; +http://yandex.com/bots)"
66.249.79.199 - - [21/Jul/2019:20:33:45 +0300] "GET /robots.txt HTTP/1.1" 404 1054 "-" "Mozilla/5.0 (compatible; Googlebot/2.1; +http://www.google.com/bot.html)"
66.249.79.194 - - [21/Jul/2019:20:33:46 +0300] "GET / HTTP/1.1" 200 1241 "-" "Mozilla/5.0 (Linux; Android 6.0.1; Nexus 5X Build/MMB29P) AppleWebKit/537.36 (KHTML, like Gecko) Chrome/41.0.2272.96 Mobile Safari/537.36 (compatible; Googlebot/2.1; +http://www.google.com/bot.html)"
66.249.79.197 - - [21/Jul/2019:23:54:46 +0300] "GET / HTTP/1.1" 200 1241 "-" "Mozilla/5.0 (compatible; Googlebot/2.1; +http://www.google.com/bot.html)"
66.249.79.197 - - [21/Jul/2019:23:58:28 +0300] "GET /favicon.ico HTTP/1.1" 404 1054 "-" "Googlebot-Image/1.0"
66.249.79.197 - - [22/Jul/2019:01:08:28 +0300] "GET /favicon.ico HTTP/1.1" 404 1054 "-" "Googlebot-Image/1.0"
66.249.79.194 - - [22/Jul/2019:05:16:22 +0300] "GET / HTTP/1.1" 200 1241 "-" "Mozilla/5.0 (Linux; Android 6.0.1; Nexus 5X Build/MMB29P) AppleWebKit/537.36 (KHTML, like Gecko) Chrome/41.0.2272.96 Mobile Safari/537.36 (compatible; Googlebot/2.1; +http://www.google.com/bot.html)"
66.249.79.199 - - [22/Jul/2019:08:28:09 +0300] "GET / HTTP/1.1" 200 1241 "-" "Mozilla/5.0 (Linux; Android 6.0.1; Nexus 5X Build/MMB29P) AppleWebKit/537.36 (KHTML, like Gecko) Chrome/41.0.2272.96 Mobile Safari/537.36 (compatible; Googlebot/2.1; +http://www.google.com/bot.html)"
66.249.79.194 - - [22/Jul/2019:08:28:40 +0300] "GET /favicon.ico HTTP/1.1" 404 1054 "-" "Googlebot-Image/1.0"
66.249.79.199 - - [22/Jul/2019:11:11:04 +0300] "GET /robots.txt HTTP/1.1" 404 1054 "-" "Mozilla/5.0 (compatible; Googlebot/2.1; +http://www.google.com/bot.html)"
66.249.79.197 - - [22/Jul/2019:11:11:04 +0300] "GET /favicon.ico HTTP/1.1" 404 1054 "-" "Googlebot-Image/1.0"
66.249.79.199 - - [22/Jul/2019:14:39:04 +0300] "GET / HTTP/1.1" 200 1241 "-" "Mozilla/5.0 (Linux; Android 6.0.1; Nexus 5X Build/MMB29P) AppleWebKit/537.36 (KHTML, like Gecko) Chrome/41.0.2272.96 Mobile Safari/537.36 (compatible; Googlebot/2.1; +http://www.google.com/bot.html)"
66.249.79.199 - - [23/Jul/2019:03:06:26 +0300] "GET /robots.txt HTTP/1.1" 404 1054 "-" "Mozilla/5.0 (compatible; Googlebot/2.1; +http://www.google.com/bot.html)"
66.249.79.194 - - [23/Jul/2019:03:06:27 +0300] "GET / HTTP/1.1" 200 1241 "-" "Mozilla/5.0 (Linux; Android 6.0.1; Nexus 5X Build/MMB29P) AppleWebKit/537.36 (KHTML, like Gecko) Chrome/41.0.2272.96 Mobile Safari/537.36 (compatible; Googlebot/2.1; +http://www.google.com/bot.html)"
66.249.79.197 - - [23/Jul/2019:12:19:37 +0300] "GET / HTTP/1.1" 200 1241 "-" "Mozilla/5.0 (Linux; Android 6.0.1; Nexus 5X Build/MMB29P) AppleWebKit/537.36 (KHTML, like Gecko) Chrome/41.0.2272.96 Mobile Safari/537.36 (compatible; Googlebot/2.1; +http://www.google.com/bot.html)"
37.9.113.52 - - [26/Jul/2019:14:24:25 +0300] "GET /robots.txt HTTP/1.1" 404 1054 "-" "Mozilla/5.0 (compatible; YandexBot/3.0; +http://yandex.com/bots)"
37.9.113.52 - - [26/Jul/2019:14:24:29 +0300] "GET /favicon.ico HTTP/1.1" 404 1054 "-" "Mozilla/5.0 (compatible; YandexBot/3.0; +http://yandex.com/bots)"
66.249.79.197 - - [27/Jul/2019:07:06:48 +0300] "GET /robots.txt HTTP/1.1" 404 1054 "-" "Mozilla/5.0 (compatible; Googlebot/2.1; +http://www.google.com/bot.html)"
66.249.79.199 - - [27/Jul/2019:07:06:48 +0300] "GET / HTTP/1.1" 200 1241 "-" "Mozilla/5.0 (Linux; Android 6.0.1; Nexus 5X Build/MMB29P) AppleWebKit/537.36 (KHTML, like Gecko) Chrome/41.0.2272.96 Mobile Safari/537.36 (compatible; Googlebot/2.1; +http://www.google.com/bot.html)"
66.249.79.197 - - [27/Jul/2019:14:03:31 +0300] "GET / HTTP/1.1" 200 1241 "-" "Mozilla/5.0 (compatible; Googlebot/2.1; +http://www.google.com/bot.html)"
66.249.79.197 - - [27/Jul/2019:14:03:35 +0300] "GET /favicon.ico HTTP/1.1" 404 1054 "-" "Googlebot-Image/1.0"
66.249.79.199 - - [27/Jul/2019:15:08:28 +0300] "GET /favicon.ico HTTP/1.1" 404 1054 "-" "Googlebot-Image/1.0"
60.191.38.77 - - [27/Jul/2019:15:46:51 +0300] "GET / HTTP/1.1" 200 1241 "-" "Mozilla/5.0 (Macintosh; Intel Mac OS X 10.11; rv:47.0) Gecko/20100101 Firefox/47.0"
66.249.79.199 - - [27/Jul/2019:16:44:00 +0300] "GET / HTTP/1.1" 200 1241 "-" "Mozilla/5.0 (Linux; Android 6.0.1; Nexus 5X Build/MMB29P) AppleWebKit/537.36 (KHTML, like Gecko) Chrome/41.0.2272.96 Mobile Safari/537.36 (compatible; Googlebot/2.1; +http://www.google.com/bot.html)"
66.249.79.194 - - [27/Jul/2019:23:27:41 +0300] "GET /robots.txt HTTP/1.1" 404 1054 "-" "Mozilla/5.0 (compatible; Googlebot/2.1; +http://www.google.com/bot.html)"
66.249.79.194 - - [27/Jul/2019:23:27:41 +0300] "GET / HTTP/1.1" 200 1241 "-" "Mozilla/5.0 (Linux; Android 6.0.1; Nexus 5X Build/MMB29P) AppleWebKit/537.36 (KHTML, like Gecko) Chrome/41.0.2272.96 Mobile Safari/537.36 (compatible; Googlebot/2.1; +http://www.google.com/bot.html)"
66.249.79.197 - - [27/Jul/2019:23:27:44 +0300] "GET /itiy2.css HTTP/1.1" 200 6173 "http://fitu.technolog.edu.ru/" "Mozilla/5.0 (Linux; Android 6.0.1; Nexus 5X Build/MMB29P) AppleWebKit/537.36 (KHTML, like Gecko) Chrome/41.0.2272.96 Mobile Safari/537.36 (compatible; Googlebot/2.1; +http://www.google.com/bot.html)"
66.249.79.197 - - [27/Jul/2019:23:27:46 +0300] "GET /favicon.ico HTTP/1.1" 404 1054 "-" "Googlebot-Image/1.0"
66.249.79.199 - - [28/Jul/2019:01:09:47 +0300] "GET /favicon.ico HTTP/1.1" 404 1054 "-" "Googlebot-Image/1.0"
66.249.79.194 - - [28/Jul/2019:01:17:26 +0300] "GET / HTTP/1.1" 200 1241 "-" "Mozilla/5.0 (Linux; Android 6.0.1; Nexus 5X Build/MMB29P) AppleWebKit/537.36 (KHTML, like Gecko) Chrome/41.0.2272.96 Mobile Safari/537.36 (compatible; Googlebot/2.1; +http://www.google.com/bot.html)"
66.249.79.194 - - [28/Jul/2019:10:33:01 +0300] "GET / HTTP/1.1" 200 1241 "-" "Mozilla/5.0 (Linux; Android 6.0.1; Nexus 5X Build/MMB29P) AppleWebKit/537.36 (KHTML, like Gecko) Chrome/41.0.2272.96 Mobile Safari/537.36 (compatible; Googlebot/2.1; +http://www.google.com/bot.html)"
37.9.113.52 - - [29/Jul/2019:02:14:33 +0300] "GET /robots.txt HTTP/1.1" 404 1054 "-" "Mozilla/5.0 (compatible; YandexBot/3.0; +http://yandex.com/bots)"
5.45.207.35 - - [29/Jul/2019:02:14:37 +0300] "GET / HTTP/1.1" 200 1241 "-" "Mozilla/5.0 (compatible; YandexBot/3.0; +http://yandex.com/bots)"
66.249.79.199 - - [29/Jul/2019:02:14:55 +0300] "GET /robots.txt HTTP/1.1" 404 1054 "-" "Mozilla/5.0 (compatible; Googlebot/2.1; +http://www.google.com/bot.html)"
66.249.79.199 - - [29/Jul/2019:02:14:55 +0300] "GET /stdek.php HTTP/1.1" 401 116 "-" "Mozilla/5.0 (Linux; Android 6.0.1; Nexus 5X Build/MMB29P) AppleWebKit/537.36 (KHTML, like Gecko) Chrome/41.0.2272.96 Mobile Safari/537.36 (compatible; Googlebot/2.1; +http://www.google.com/bot.html)"
66.249.79.194 - - [29/Jul/2019:02:35:47 +0300] "GET /stprep.php HTTP/1.1" 401 116 "-" "Mozilla/5.0 (Linux; Android 6.0.1; Nexus 5X Build/MMB29P) AppleWebKit/537.36 (KHTML, like Gecko) Chrome/41.0.2272.96 Mobile Safari/537.36 (compatible; Googlebot/2.1; +http://www.google.com/bot.html)"
66.249.79.199 - - [29/Jul/2019:18:41:31 +0300] "GET /robots.txt HTTP/1.1" 404 1054 "-" "Mozilla/5.0 (compatible; Googlebot/2.1; +http://www.google.com/bot.html)"
66.249.79.199 - - [29/Jul/2019:18:41:32 +0300] "GET / HTTP/1.1" 200 1241 "-" "Mozilla/5.0 (Linux; Android 6.0.1; Nexus 5X Build/MMB29P) AppleWebKit/537.36 (KHTML, like Gecko) Chrome/41.0.2272.96 Mobile Safari/537.36 (compatible; Googlebot/2.1; +http://www.google.com/bot.html)"
66.249.79.199 - - [30/Jul/2019:03:26:09 +0300] "GET / HTTP/1.1" 200 1241 "-" "Mozilla/5.0 (Linux; Android 6.0.1; Nexus 5X Build/MMB29P) AppleWebKit/537.36 (KHTML, like Gecko) Chrome/41.0.2272.96 Mobile Safari/537.36 (compatible; Googlebot/2.1; +http://www.google.com/bot.html)"
66.249.79.199 - - [30/Jul/2019:13:01:21 +0300] "GET /robots.txt HTTP/1.1" 404 1054 "-" "Mozilla/5.0 (compatible; Googlebot/2.1; +http://www.google.com/bot.html)"
66.249.79.194 - - [30/Jul/2019:13:01:21 +0300] "GET / HTTP/1.1" 200 1241 "-" "Mozilla/5.0 (Linux; Android 6.0.1; Nexus 5X Build/MMB29P) AppleWebKit/537.36 (KHTML, like Gecko) Chrome/41.0.2272.96 Mobile Safari/537.36 (compatible; Googlebot/2.1; +http://www.google.com/bot.html)"
192.245.60.132 - - [30/Jul/2019:21:11:52 +0300] "GET //wp-login.php HTTP/1.1" 404 1187 "http://www.google.com.hk" "Mozilla/5.0 (Windows NT 6.1; WOW64) AppleWebKit/537.36 (KHTML, like Gecko) Chrome/42.0.2311.90 Safari/537.36"
66.249.79.197 - - [30/Jul/2019:23:00:48 +0300] "GET / HTTP/1.1" 200 1241 "-" "Mozilla/5.0 (Linux; Android 6.0.1; Nexus 5X Build/MMB29P) AppleWebKit/537.36 (KHTML, like Gecko) Chrome/41.0.2272.96 Mobile Safari/537.36 (compatible; Googlebot/2.1; +http://www.google.com/bot.html)"
207.46.13.78 - - [31/Jul/2019:15:07:46 +0300] "GET / HTTP/1.1" 200 1241 "-" "Mozilla/5.0 (compatible; bingbot/2.0; +http://www.bing.com/bingbot.htm)"
94.25.229.139 - - [31/Jul/2019:20:18:55 +0300] "GET / HTTP/1.1" 200 1241 "https://www.google.ru/" "Mozilla/5.0 (iPhone; CPU iPhone OS 12_3_1 like Mac OS X) AppleWebKit/605.1.15 (KHTML, like Gecko) Version/12.1.1 Mobile/15E148 Safari/604.1"
94.25.229.139 - - [31/Jul/2019:20:18:55 +0300] "GET /itiy2.css HTTP/1.1" 200 6173 "http://fitu.technolog.edu.ru/" "Mozilla/5.0 (iPhone; CPU iPhone OS 12_3_1 like Mac OS X) AppleWebKit/605.1.15 (KHTML, like Gecko) Version/12.1.1 Mobile/15E148 Safari/604.1"
94.25.229.139 - - [31/Jul/2019:20:18:55 +0300] "GET /images/ti.png HTTP/1.1" 200 10316 "http://fitu.technolog.edu.ru/" "Mozilla/5.0 (iPhone; CPU iPhone OS 12_3_1 like Mac OS X) AppleWebKit/605.1.15 (KHTML, like Gecko) Version/12.1.1 Mobile/15E148 Safari/604.1"
94.25.229.139 - - [31/Jul/2019:20:18:56 +0300] "GET /images/line3.jpg HTTP/1.1" 200 9943 "http://fitu.technolog.edu.ru/" "Mozilla/5.0 (iPhone; CPU iPhone OS 12_3_1 like Mac OS X) AppleWebKit/605.1.15 (KHTML, like Gecko) Version/12.1.1 Mobile/15E148 Safari/604.1"
94.25.229.139 - - [31/Jul/2019:20:18:56 +0300] "GET /images/line4.jpg HTTP/1.1" 200 9964 "http://fitu.technolog.edu.ru/" "Mozilla/5.0 (iPhone; CPU iPhone OS 12_3_1 like Mac OS X) AppleWebKit/605.1.15 (KHTML, like Gecko) Version/12.1.1 Mobile/15E148 Safari/604.1"
94.25.229.139 - - [31/Jul/2019:20:18:56 +0300] "GET /favicon.ico HTTP/1.1" 404 1197 "http://fitu.technolog.edu.ru/" "Mozilla/5.0 (iPhone; CPU iPhone OS 12_3_1 like Mac OS X) AppleWebKit/605.1.15 (KHTML, like Gecko) Version/12.1.1 Mobile/15E148 Safari/604.1"
94.25.229.139 - - [31/Jul/2019:20:19:06 +0300] "GET / HTTP/1.1" 200 1241 "http://fitu.technolog.edu.ru/" "Mozilla/5.0 (iPhone; CPU iPhone OS 12_3_1 like Mac OS X) AppleWebKit/605.1.15 (KHTML, like Gecko) Version/12.1.1 Mobile/15E148 Safari/604.1"
5.18.202.118 - - [31/Jul/2019:20:54:48 +0300] "GET / HTTP/1.1" 200 1241 "https://www.google.com/" "Mozilla/5.0 (Windows NT 10.0; Win64; x64) AppleWebKit/537.36 (KHTML, like Gecko) Chrome/75.0.3770.142 Safari/537.36"
5.18.202.118 - - [31/Jul/2019:20:54:48 +0300] "GET /itiy2.css HTTP/1.1" 200 6173 "http://fitu.technolog.edu.ru/" "Mozilla/5.0 (Windows NT 10.0; Win64; x64) AppleWebKit/537.36 (KHTML, like Gecko) Chrome/75.0.3770.142 Safari/537.36"
