192.168.36.144 - dekan04 [04/Apr/2019:12:51:57 +0300] "GET /stprep.php HTTP/1.1" 200 1910 "http://fitu.technolog.edu.ru/" "Mozilla/5.0 (Windows NT 6.1; Trident/7.0; rv:11.0) like Gecko"
192.168.27.117 - - [04/Apr/2019:13:20:49 +0300] "GET / HTTP/1.1" 200 1241 "https://www.google.ru/" "Mozilla/5.0 (Windows NT 6.1) AppleWebKit/537.36 (KHTML, like Gecko) Chrome/73.0.3683.86 Safari/537.36"
192.168.27.117 - - [04/Apr/2019:13:20:49 +0300] "GET /itiy2.css HTTP/1.1" 200 6173 "http://fitu.technolog.edu.ru/" "Mozilla/5.0 (Windows NT 6.1) AppleWebKit/537.36 (KHTML, like Gecko) Chrome/73.0.3683.86 Safari/537.36"
192.168.27.117 - - [04/Apr/2019:13:20:49 +0300] "GET /images/ti.png HTTP/1.1" 200 10316 "http://fitu.technolog.edu.ru/" "Mozilla/5.0 (Windows NT 6.1) AppleWebKit/537.36 (KHTML, like Gecko) Chrome/73.0.3683.86 Safari/537.36"
192.168.27.117 - - [04/Apr/2019:13:20:49 +0300] "GET /images/line3.jpg HTTP/1.1" 200 9943 "http://fitu.technolog.edu.ru/itiy2.css" "Mozilla/5.0 (Windows NT 6.1) AppleWebKit/537.36 (KHTML, like Gecko) Chrome/73.0.3683.86 Safari/537.36"
192.168.27.117 - - [04/Apr/2019:13:20:49 +0300] "GET /images/line4.jpg HTTP/1.1" 200 9964 "http://fitu.technolog.edu.ru/itiy2.css" "Mozilla/5.0 (Windows NT 6.1) AppleWebKit/537.36 (KHTML, like Gecko) Chrome/73.0.3683.86 Safari/537.36"
192.168.27.117 - - [04/Apr/2019:13:20:49 +0300] "GET /favicon.ico HTTP/1.1" 404 1197 "http://fitu.technolog.edu.ru/" "Mozilla/5.0 (Windows NT 6.1) AppleWebKit/537.36 (KHTML, like Gecko) Chrome/73.0.3683.86 Safari/537.36"
66.249.65.166 - - [04/Apr/2019:15:11:59 +0300] "GET /robots.txt HTTP/1.1" 404 1054 "-" "Mozilla/5.0 (compatible; Googlebot/2.1; +http://www.google.com/bot.html)"
66.249.65.166 - - [04/Apr/2019:15:11:59 +0300] "GET / HTTP/1.1" 200 1241 "-" "Mozilla/5.0 (Linux; Android 6.0.1; Nexus 5X Build/MMB29P) AppleWebKit/537.36 (KHTML, like Gecko) Chrome/41.0.2272.96 Mobile Safari/537.36 (compatible; Googlebot/2.1; +http://www.google.com/bot.html)"
66.249.65.166 - - [05/Apr/2019:01:33:10 +0300] "GET / HTTP/1.1" 200 1241 "-" "Mozilla/5.0 (Linux; Android 6.0.1; Nexus 5X Build/MMB29P) AppleWebKit/537.36 (KHTML, like Gecko) Chrome/41.0.2272.96 Mobile Safari/537.36 (compatible; Googlebot/2.1; +http://www.google.com/bot.html)"
66.249.65.166 - - [05/Apr/2019:01:33:12 +0300] "GET /itiy2.css HTTP/1.1" 200 6173 "http://fitu.technolog.edu.ru/" "Mozilla/5.0 (Linux; Android 6.0.1; Nexus 5X Build/MMB29P) AppleWebKit/537.36 (KHTML, like Gecko) Chrome/41.0.2272.96 Mobile Safari/537.36 (compatible; Googlebot/2.1; +http://www.google.com/bot.html)"
93.100.118.19 - - [05/Apr/2019:09:10:46 +0300] "GET / HTTP/1.1" 200 1241 "https://www.google.com/" "Mozilla/5.0 (Windows NT 10.0; Win64; x64) AppleWebKit/537.36 (KHTML, like Gecko) Chrome/73.0.3683.86 Safari/537.36"
93.100.118.19 - - [05/Apr/2019:09:10:46 +0300] "GET /itiy2.css HTTP/1.1" 200 6173 "http://fitu.technolog.edu.ru/" "Mozilla/5.0 (Windows NT 10.0; Win64; x64) AppleWebKit/537.36 (KHTML, like Gecko) Chrome/73.0.3683.86 Safari/537.36"
93.100.118.19 - - [05/Apr/2019:09:10:46 +0300] "GET /images/ti.png HTTP/1.1" 200 10316 "http://fitu.technolog.edu.ru/" "Mozilla/5.0 (Windows NT 10.0; Win64; x64) AppleWebKit/537.36 (KHTML, like Gecko) Chrome/73.0.3683.86 Safari/537.36"
93.100.118.19 - - [05/Apr/2019:09:10:46 +0300] "GET /images/line4.jpg HTTP/1.1" 200 9964 "http://fitu.technolog.edu.ru/itiy2.css" "Mozilla/5.0 (Windows NT 10.0; Win64; x64) AppleWebKit/537.36 (KHTML, like Gecko) Chrome/73.0.3683.86 Safari/537.36"
93.100.118.19 - - [05/Apr/2019:09:10:46 +0300] "GET /images/line3.jpg HTTP/1.1" 200 9943 "http://fitu.technolog.edu.ru/itiy2.css" "Mozilla/5.0 (Windows NT 10.0; Win64; x64) AppleWebKit/537.36 (KHTML, like Gecko) Chrome/73.0.3683.86 Safari/537.36"
93.100.118.19 - - [05/Apr/2019:09:10:46 +0300] "GET /favicon.ico HTTP/1.1" 404 1197 "http://fitu.technolog.edu.ru/" "Mozilla/5.0 (Windows NT 10.0; Win64; x64) AppleWebKit/537.36 (KHTML, like Gecko) Chrome/73.0.3683.86 Safari/537.36"
37.9.113.93 - - [05/Apr/2019:10:48:18 +0300] "GET /robots.txt HTTP/1.1" 404 1054 "-" "Mozilla/5.0 (compatible; YandexBot/3.0; +http://yandex.com/bots)"
37.9.113.93 - - [05/Apr/2019:10:48:22 +0300] "GET / HTTP/1.1" 200 1241 "-" "Mozilla/5.0 (compatible; YandexBot/3.0; +http://yandex.com/bots)"
66.249.79.70 - - [05/Apr/2019:11:09:44 +0300] "GET /robots.txt HTTP/1.1" 404 1054 "-" "Mozilla/5.0 (compatible; Googlebot/2.1; +http://www.google.com/bot.html)"
66.249.79.72 - - [05/Apr/2019:11:09:44 +0300] "GET / HTTP/1.1" 200 1241 "-" "Mozilla/5.0 (Linux; Android 6.0.1; Nexus 5X Build/MMB29P) AppleWebKit/537.36 (KHTML, like Gecko) Chrome/41.0.2272.96 Mobile Safari/537.36 (compatible; Googlebot/2.1; +http://www.google.com/bot.html)"
66.102.9.136 - - [05/Apr/2019:16:16:11 +0300] "GET / HTTP/1.1" 200 1241 "https://www.google.com/" "Mozilla/5.0 (Linux; Android 7.0; SM-A510F) AppleWebKit/537.36 (KHTML, like Gecko) Chrome/73.0.3683.90 Mobile Safari/537.36"
66.102.9.136 - - [05/Apr/2019:16:16:13 +0300] "GET /itiy2.css HTTP/1.1" 200 6173 "http://fitu.technolog.edu.ru/" "Mozilla/5.0 (Linux; Android 7.0; SM-A510F) AppleWebKit/537.36 (KHTML, like Gecko) Chrome/73.0.3683.90 Mobile Safari/537.36"
66.102.9.136 - - [05/Apr/2019:16:16:13 +0300] "GET /images/ti.png HTTP/1.1" 200 10316 "http://fitu.technolog.edu.ru/" "Mozilla/5.0 (Linux; Android 7.0; SM-A510F) AppleWebKit/537.36 (KHTML, like Gecko) Chrome/73.0.3683.90 Mobile Safari/537.36"
66.102.9.136 - - [05/Apr/2019:16:16:13 +0300] "GET /images/line3.jpg HTTP/1.1" 200 9943 "http://fitu.technolog.edu.ru/itiy2.css" "Mozilla/5.0 (Linux; Android 7.0; SM-A510F) AppleWebKit/537.36 (KHTML, like Gecko) Chrome/73.0.3683.90 Mobile Safari/537.36"
66.102.9.138 - - [05/Apr/2019:16:16:13 +0300] "GET /images/line4.jpg HTTP/1.1" 200 9964 "http://fitu.technolog.edu.ru/itiy2.css" "Mozilla/5.0 (Linux; Android 7.0; SM-A510F) AppleWebKit/537.36 (KHTML, like Gecko) Chrome/73.0.3683.90 Mobile Safari/537.36"
66.102.9.138 - - [05/Apr/2019:16:16:13 +0300] "GET /favicon.ico HTTP/1.1" 404 1197 "http://fitu.technolog.edu.ru/" "Mozilla/5.0 (Linux; Android 7.0; SM-A510F) AppleWebKit/537.36 (KHTML, like Gecko) Chrome/73.0.3683.90 Mobile Safari/537.36"
66.249.79.70 - - [05/Apr/2019:20:02:17 +0300] "GET / HTTP/1.1" 200 1241 "-" "Mozilla/5.0 (Linux; Android 6.0.1; Nexus 5X Build/MMB29P) AppleWebKit/537.36 (KHTML, like Gecko) Chrome/41.0.2272.96 Mobile Safari/537.36 (compatible; Googlebot/2.1; +http://www.google.com/bot.html)"
141.8.183.14 - - [05/Apr/2019:22:59:02 +0300] "GET /robots.txt HTTP/1.1" 404 1054 "-" "Mozilla/5.0 (compatible; YandexBot/3.0; +http://yandex.com/bots)"
141.8.183.14 - - [05/Apr/2019:22:59:05 +0300] "GET /stdek.php HTTP/1.1" 401 116 "-" "Mozilla/5.0 (compatible; YandexBot/3.0; +http://yandex.com/bots)"
66.249.75.17 - - [06/Apr/2019:20:58:14 +0300] "GET /robots.txt HTTP/1.1" 404 1054 "-" "Mozilla/5.0 (compatible; Googlebot/2.1; +http://www.google.com/bot.html)"
66.249.75.18 - - [06/Apr/2019:20:58:14 +0300] "GET /images/ti.png HTTP/1.1" 304 - "-" "Googlebot-Image/1.0"
66.249.75.16 - - [07/Apr/2019:07:39:16 +0300] "GET / HTTP/1.1" 200 1241 "-" "Mozilla/5.0 (Linux; Android 6.0.1; Nexus 5X Build/MMB29P) AppleWebKit/537.36 (KHTML, like Gecko) Chrome/41.0.2272.96 Mobile Safari/537.36 (compatible; Googlebot/2.1; +http://www.google.com/bot.html)"
66.249.75.16 - - [07/Apr/2019:09:09:27 +0300] "GET /robots.txt HTTP/1.1" 404 1054 "-" "Mozilla/5.0 (compatible; Googlebot/2.1; +http://www.google.com/bot.html)"
66.249.75.18 - - [07/Apr/2019:09:09:28 +0300] "GET / HTTP/1.1" 200 1241 "-" "Mozilla/5.0 (compatible; Googlebot/2.1; +http://www.google.com/bot.html)"
66.249.75.17 - - [07/Apr/2019:09:12:53 +0300] "GET /favicon.ico HTTP/1.1" 404 1054 "-" "Googlebot-Image/1.0"
66.249.75.16 - - [07/Apr/2019:14:44:30 +0300] "GET /images/ti.png HTTP/1.1" 304 - "-" "Googlebot-Image/1.0"
66.249.75.17 - - [07/Apr/2019:16:51:17 +0300] "GET / HTTP/1.1" 200 1241 "-" "Mozilla/5.0 (Linux; Android 6.0.1; Nexus 5X Build/MMB29P) AppleWebKit/537.36 (KHTML, like Gecko) Chrome/41.0.2272.96 Mobile Safari/537.36 (compatible; Googlebot/2.1; +http://www.google.com/bot.html)"
141.8.183.14 - - [08/Apr/2019:04:12:52 +0300] "GET /robots.txt HTTP/1.1" 404 1054 "-" "Mozilla/5.0 (compatible; YandexBot/3.0; +http://yandex.com/bots)"
141.8.183.14 - - [08/Apr/2019:04:12:56 +0300] "GET / HTTP/1.1" 200 1241 "-" "Mozilla/5.0 (compatible; YandexBot/3.0; +http://yandex.com/bots)"
66.249.75.17 - - [08/Apr/2019:04:20:57 +0300] "GET /robots.txt HTTP/1.1" 404 1054 "-" "Mozilla/5.0 (compatible; Googlebot/2.1; +http://www.google.com/bot.html)"
66.249.75.17 - - [08/Apr/2019:04:20:57 +0300] "GET / HTTP/1.1" 200 1241 "-" "Mozilla/5.0 (Linux; Android 6.0.1; Nexus 5X Build/MMB29P) AppleWebKit/537.36 (KHTML, like Gecko) Chrome/41.0.2272.96 Mobile Safari/537.36 (compatible; Googlebot/2.1; +http://www.google.com/bot.html)"
66.249.75.16 - - [08/Apr/2019:04:21:01 +0300] "GET /favicon.ico HTTP/1.1" 404 1054 "-" "Googlebot-Image/1.0"
192.168.36.152 - - [08/Apr/2019:14:26:30 +0300] "GET / HTTP/1.1" 200 1241 "-" "Mozilla/5.0 (Windows NT 6.1; WOW64; Trident/7.0; rv:11.0) like Gecko"
192.168.36.152 - - [08/Apr/2019:14:26:30 +0300] "GET /itiy2.css HTTP/1.1" 304 - "http://fitu.technolog.edu.ru/" "Mozilla/5.0 (Windows NT 6.1; WOW64; Trident/7.0; rv:11.0) like Gecko"
192.168.36.152 - - [08/Apr/2019:14:26:30 +0300] "GET /images/ti.png HTTP/1.1" 304 - "http://fitu.technolog.edu.ru/" "Mozilla/5.0 (Windows NT 6.1; WOW64; Trident/7.0; rv:11.0) like Gecko"
192.168.36.152 - - [08/Apr/2019:14:26:30 +0300] "GET /images/line3.jpg HTTP/1.1" 304 - "http://fitu.technolog.edu.ru/" "Mozilla/5.0 (Windows NT 6.1; WOW64; Trident/7.0; rv:11.0) like Gecko"
192.168.36.152 - - [08/Apr/2019:14:26:30 +0300] "GET /favicon.ico HTTP/1.1" 404 1054 "-" "Mozilla/5.0 (Windows NT 6.1; WOW64; Trident/7.0; rv:11.0) like Gecko"
192.168.36.152 - - [08/Apr/2019:14:26:31 +0300] "GET /images/line4.jpg HTTP/1.1" 304 - "http://fitu.technolog.edu.ru/" "Mozilla/5.0 (Windows NT 6.1; WOW64; Trident/7.0; rv:11.0) like Gecko"
192.168.36.152 - - [08/Apr/2019:14:26:33 +0300] "GET /stdek.php HTTP/1.1" 401 116 "http://fitu.technolog.edu.ru/" "Mozilla/5.0 (Windows NT 6.1; WOW64; Trident/7.0; rv:11.0) like Gecko"
192.168.36.152 - dekan04 [08/Apr/2019:14:26:42 +0300] "GET /stdek.php HTTP/1.1" 200 1414 "http://fitu.technolog.edu.ru/" "Mozilla/5.0 (Windows NT 6.1; WOW64; Trident/7.0; rv:11.0) like Gecko"
192.168.36.152 - - [08/Apr/2019:14:26:42 +0300] "GET /favicon.ico HTTP/1.1" 404 1054 "-" "Mozilla/5.0 (Windows NT 6.1; WOW64; Trident/7.0; rv:11.0) like Gecko"
192.168.36.152 - dekan04 [08/Apr/2019:14:26:50 +0300] "POST /reytp.php HTTP/1.1" 200 1339 "http://fitu.technolog.edu.ru/stdek.php" "Mozilla/5.0 (Windows NT 6.1; WOW64; Trident/7.0; rv:11.0) like Gecko"
192.168.36.152 - - [08/Apr/2019:14:26:52 +0300] "GET /css/table.css HTTP/1.1" 304 - "http://fitu.technolog.edu.ru/reytp.php" "Mozilla/5.0 (Windows NT 6.1; WOW64; Trident/7.0; rv:11.0) like Gecko"
192.168.36.152 - dekan04 [08/Apr/2019:14:27:00 +0300] "POST /outtabp.php HTTP/1.1" 200 2820 "http://fitu.technolog.edu.ru/reytp.php" "Mozilla/5.0 (Windows NT 6.1; WOW64; Trident/7.0; rv:11.0) like Gecko"
192.168.36.152 - dekan04 [08/Apr/2019:14:27:27 +0300] "POST /reytp.php HTTP/1.1" 200 1702 "http://fitu.technolog.edu.ru/stdek.php" "Mozilla/5.0 (Windows NT 6.1; WOW64; Trident/7.0; rv:11.0) like Gecko"
192.168.36.152 - dekan04 [08/Apr/2019:14:27:38 +0300] "POST /reytp.php HTTP/1.1" 200 1699 "http://fitu.technolog.edu.ru/stdek.php" "Mozilla/5.0 (Windows NT 6.1; WOW64; Trident/7.0; rv:11.0) like Gecko"
192.168.36.152 - dekan04 [08/Apr/2019:14:27:50 +0300] "POST /reytp.php HTTP/1.1" 200 1702 "http://fitu.technolog.edu.ru/stdek.php" "Mozilla/5.0 (Windows NT 6.1; WOW64; Trident/7.0; rv:11.0) like Gecko"
192.168.36.152 - dekan04 [08/Apr/2019:14:27:54 +0300] "POST /reytp.php HTTP/1.1" 200 1339 "http://fitu.technolog.edu.ru/stdek.php" "Mozilla/5.0 (Windows NT 6.1; WOW64; Trident/7.0; rv:11.0) like Gecko"
192.168.36.152 - dekan04 [08/Apr/2019:14:27:56 +0300] "POST /outtabp.php HTTP/1.1" 200 2820 "http://fitu.technolog.edu.ru/reytp.php" "Mozilla/5.0 (Windows NT 6.1; WOW64; Trident/7.0; rv:11.0) like Gecko"
192.168.36.152 - dekan04 [08/Apr/2019:14:28:04 +0300] "GET /stprep.php HTTP/1.1" 200 1910 "http://fitu.technolog.edu.ru/" "Mozilla/5.0 (Windows NT 6.1; WOW64; Trident/7.0; rv:11.0) like Gecko"
192.168.36.152 - dekan04 [08/Apr/2019:14:28:22 +0300] "POST /new1.php HTTP/1.1" 200 1441 "http://fitu.technolog.edu.ru/stprep.php" "Mozilla/5.0 (Windows NT 6.1; WOW64; Trident/7.0; rv:11.0) like Gecko"
192.168.36.152 - dekan04 [08/Apr/2019:14:28:30 +0300] "POST /new1.php HTTP/1.1" 200 2796 "http://fitu.technolog.edu.ru/stprep.php" "Mozilla/5.0 (Windows NT 6.1; WOW64; Trident/7.0; rv:11.0) like Gecko"
192.168.36.152 - dekan04 [08/Apr/2019:14:28:37 +0300] "POST /new1.php HTTP/1.1" 200 2796 "http://fitu.technolog.edu.ru/stprep.php" "Mozilla/5.0 (Windows NT 6.1; WOW64; Trident/7.0; rv:11.0) like Gecko"
192.168.36.152 - dekan04 [08/Apr/2019:14:29:02 +0300] "POST /new1.php HTTP/1.1" 200 7039 "http://fitu.technolog.edu.ru/stprep.php" "Mozilla/5.0 (Windows NT 6.1; WOW64; Trident/7.0; rv:11.0) like Gecko"
192.168.36.152 - dekan04 [08/Apr/2019:14:29:46 +0300] "POST /new1.php HTTP/1.1" 200 7956 "http://fitu.technolog.edu.ru/stprep.php" "Mozilla/5.0 (Windows NT 6.1; WOW64; Trident/7.0; rv:11.0) like Gecko"
37.9.113.93 - - [09/Apr/2019:04:19:09 +0300] "GET /robots.txt HTTP/1.1" 404 1054 "-" "Mozilla/5.0 (compatible; YandexBot/3.0; +http://yandex.com/bots)"
37.9.113.93 - - [09/Apr/2019:04:19:13 +0300] "GET / HTTP/1.1" 200 1241 "-" "Mozilla/5.0 (compatible; YandexBot/3.0; +http://yandex.com/bots)"
141.8.183.14 - - [09/Apr/2019:08:19:02 +0300] "GET /robots.txt HTTP/1.1" 404 1054 "-" "Mozilla/5.0 (compatible; YandexBot/3.0; +http://yandex.com/bots)"
141.8.183.14 - - [09/Apr/2019:08:19:06 +0300] "GET /stprep.php HTTP/1.1" 401 116 "-" "Mozilla/5.0 (compatible; YandexBot/3.0; +http://yandex.com/bots)"
148.251.179.137 - - [09/Apr/2019:12:29:51 +0300] "GET /robots.txt HTTP/1.1" 404 1054 "-" "Mozilla/5.0 (compatible; BLEXBot/1.0; +http://webmeup-crawler.com/)"
148.251.179.137 - - [09/Apr/2019:12:29:53 +0300] "GET / HTTP/1.1" 200 1241 "-" "Mozilla/5.0 (compatible; BLEXBot/1.0; +http://webmeup-crawler.com/)"
148.251.179.137 - - [09/Apr/2019:17:03:25 +0300] "GET /robots.txt HTTP/1.1" 404 1054 "-" "Mozilla/5.0 (compatible; BLEXBot/1.0; +http://webmeup-crawler.com/)"
148.251.179.137 - - [09/Apr/2019:17:03:25 +0300] "GET /sitemap.xml HTTP/1.1" 404 1054 "-" "Mozilla/5.0 (compatible; BLEXBot/1.0; +http://webmeup-crawler.com/)"
148.251.179.137 - - [09/Apr/2019:17:03:30 +0300] "GET /stdek.php HTTP/1.1" 401 116 "-" "Mozilla/5.0 (compatible; BLEXBot/1.0; +http://webmeup-crawler.com/)"
148.251.179.137 - - [09/Apr/2019:17:03:33 +0300] "GET /stprep.php HTTP/1.1" 401 116 "-" "Mozilla/5.0 (compatible; BLEXBot/1.0; +http://webmeup-crawler.com/)"
141.8.183.14 - - [10/Apr/2019:02:09:14 +0300] "GET /robots.txt HTTP/1.1" 404 1054 "-" "Mozilla/5.0 (compatible; YandexBot/3.0; +http://yandex.com/bots)"
37.9.113.108 - - [10/Apr/2019:02:09:18 +0300] "GET / HTTP/1.1" 200 1241 "-" "Mozilla/5.0 (compatible; YandexBot/3.0; +http://yandex.com/bots)"
192.168.36.144 - - [10/Apr/2019:11:01:34 +0300] "GET / HTTP/1.1" 200 1241 "-" "Mozilla/5.0 (Windows NT 6.1; Trident/7.0; rv:11.0) like Gecko"
192.168.36.144 - - [10/Apr/2019:11:01:35 +0300] "GET /favicon.ico HTTP/1.1" 404 1054 "-" "Mozilla/5.0 (Windows NT 6.1; Trident/7.0; rv:11.0) like Gecko"
192.168.36.144 - - [10/Apr/2019:11:02:02 +0300] "GET /stprep.php HTTP/1.1" 401 116 "http://fitu.technolog.edu.ru/" "Mozilla/5.0 (Windows NT 6.1; Trident/7.0; rv:11.0) like Gecko"
192.168.36.144 - dekan04 [10/Apr/2019:11:02:16 +0300] "GET /stprep.php HTTP/1.1" 200 1910 "http://fitu.technolog.edu.ru/" "Mozilla/5.0 (Windows NT 6.1; Trident/7.0; rv:11.0) like Gecko"
192.168.36.144 - - [10/Apr/2019:11:02:16 +0300] "GET /favicon.ico HTTP/1.1" 404 1054 "-" "Mozilla/5.0 (Windows NT 6.1; Trident/7.0; rv:11.0) like Gecko"
192.168.36.144 - dekan04 [10/Apr/2019:11:02:19 +0300] "POST /new1.php HTTP/1.1" 200 1441 "http://fitu.technolog.edu.ru/stprep.php" "Mozilla/5.0 (Windows NT 6.1; Trident/7.0; rv:11.0) like Gecko"
192.168.36.144 - dekan04 [10/Apr/2019:11:10:53 +0300] "GET /index.php HTTP/1.1" 200 1241 "http://fitu.technolog.edu.ru/new1.php" "Mozilla/5.0 (Windows NT 6.1; Trident/7.0; rv:11.0) like Gecko"
192.168.36.144 - dekan04 [10/Apr/2019:11:10:55 +0300] "GET /stprep.php HTTP/1.1" 200 1910 "http://fitu.technolog.edu.ru/index.php" "Mozilla/5.0 (Windows NT 6.1; Trident/7.0; rv:11.0) like Gecko"
192.168.36.144 - dekan04 [10/Apr/2019:11:11:05 +0300] "POST /new1.php HTTP/1.1" 200 2648 "http://fitu.technolog.edu.ru/stprep.php" "Mozilla/5.0 (Windows NT 6.1; Trident/7.0; rv:11.0) like Gecko"
192.168.36.144 - dekan04 [10/Apr/2019:11:11:55 +0300] "POST /new1.php HTTP/1.1" 200 7956 "http://fitu.technolog.edu.ru/stprep.php" "Mozilla/5.0 (Windows NT 6.1; Trident/7.0; rv:11.0) like Gecko"
192.168.36.144 - dekan04 [10/Apr/2019:11:12:25 +0300] "POST /new1.php HTTP/1.1" 200 7039 "http://fitu.technolog.edu.ru/stprep.php" "Mozilla/5.0 (Windows NT 6.1; Trident/7.0; rv:11.0) like Gecko"
192.168.36.144 - dekan04 [10/Apr/2019:11:12:40 +0300] "POST /new1.php HTTP/1.1" 200 2796 "http://fitu.technolog.edu.ru/stprep.php" "Mozilla/5.0 (Windows NT 6.1; Trident/7.0; rv:11.0) like Gecko"
192.168.36.144 - dekan04 [10/Apr/2019:11:12:49 +0300] "POST /new1.php HTTP/1.1" 200 1441 "http://fitu.technolog.edu.ru/stprep.php" "Mozilla/5.0 (Windows NT 6.1; Trident/7.0; rv:11.0) like Gecko"
192.168.36.144 - dekan04 [10/Apr/2019:11:12:59 +0300] "GET /index.php HTTP/1.1" 200 1241 "http://fitu.technolog.edu.ru/new1.php" "Mozilla/5.0 (Windows NT 6.1; Trident/7.0; rv:11.0) like Gecko"
66.249.66.82 - - [10/Apr/2019:14:25:16 +0300] "GET /robots.txt HTTP/1.1" 404 1054 "-" "Mozilla/5.0 (compatible; Googlebot/2.1; +http://www.google.com/bot.html)"
66.249.66.82 - - [10/Apr/2019:14:25:16 +0300] "GET / HTTP/1.1" 200 1241 "-" "Mozilla/5.0 (Linux; Android 6.0.1; Nexus 5X Build/MMB29P) AppleWebKit/537.36 (KHTML, like Gecko) Chrome/41.0.2272.96 Mobile Safari/537.36 (compatible; Googlebot/2.1; +http://www.google.com/bot.html)"
66.249.66.80 - - [11/Apr/2019:00:58:15 +0300] "GET / HTTP/1.1" 200 1241 "-" "Mozilla/5.0 (Linux; Android 6.0.1; Nexus 5X Build/MMB29P) AppleWebKit/537.36 (KHTML, like Gecko) Chrome/41.0.2272.96 Mobile Safari/537.36 (compatible; Googlebot/2.1; +http://www.google.com/bot.html)"
141.8.183.14 - - [11/Apr/2019:08:00:38 +0300] "GET /robots.txt HTTP/1.1" 404 1054 "-" "Mozilla/5.0 (compatible; YandexBot/3.0; +http://yandex.com/bots)"
141.8.183.14 - - [11/Apr/2019:08:00:42 +0300] "GET / HTTP/1.1" 200 1241 "-" "Mozilla/5.0 (compatible; YandexBot/3.0; +http://yandex.com/bots)"
66.249.66.81 - - [11/Apr/2019:10:11:21 +0300] "GET /robots.txt HTTP/1.1" 404 1054 "-" "Mozilla/5.0 (compatible; Googlebot/2.1; +http://www.google.com/bot.html)"
66.249.66.80 - - [11/Apr/2019:10:11:21 +0300] "GET / HTTP/1.1" 200 1241 "-" "Mozilla/5.0 (Linux; Android 6.0.1; Nexus 5X Build/MMB29P) AppleWebKit/537.36 (KHTML, like Gecko) Chrome/41.0.2272.96 Mobile Safari/537.36 (compatible; Googlebot/2.1; +http://www.google.com/bot.html)"
192.168.36.144 - - [11/Apr/2019:12:30:01 +0300] "GET / HTTP/1.1" 200 1241 "-" "Mozilla/5.0 (Windows NT 6.1; Trident/7.0; rv:11.0) like Gecko"
192.168.36.144 - - [11/Apr/2019:12:30:05 +0300] "GET /stprep.php HTTP/1.1" 401 116 "http://fitu.technolog.edu.ru/" "Mozilla/5.0 (Windows NT 6.1; Trident/7.0; rv:11.0) like Gecko"
192.168.36.144 - dekan04 [11/Apr/2019:12:30:08 +0300] "GET /stprep.php HTTP/1.1" 200 1910 "http://fitu.technolog.edu.ru/" "Mozilla/5.0 (Windows NT 6.1; Trident/7.0; rv:11.0) like Gecko"
192.168.36.144 - dekan04 [11/Apr/2019:12:30:19 +0300] "POST /new1.php HTTP/1.1" 200 2796 "http://fitu.technolog.edu.ru/stprep.php" "Mozilla/5.0 (Windows NT 6.1; Trident/7.0; rv:11.0) like Gecko"
192.168.36.144 - dekan04 [11/Apr/2019:12:42:51 +0300] "POST /start03.php HTTP/1.1" 200 1261 "http://fitu.technolog.edu.ru/new1.php" "Mozilla/5.0 (Windows NT 6.1; Trident/7.0; rv:11.0) like Gecko"
192.168.36.144 - dekan04 [11/Apr/2019:12:43:03 +0300] "POST /outtabp.php HTTP/1.1" 200 2911 "http://fitu.technolog.edu.ru/start03.php" "Mozilla/5.0 (Windows NT 6.1; Trident/7.0; rv:11.0) like Gecko"
192.168.36.144 - dekan04 [11/Apr/2019:12:44:00 +0300] "POST /outtabp.php HTTP/1.1" 200 1547 "http://fitu.technolog.edu.ru/start03.php" "Mozilla/5.0 (Windows NT 6.1; Trident/7.0; rv:11.0) like Gecko"
66.249.66.81 - - [11/Apr/2019:19:03:03 +0300] "GET / HTTP/1.1" 200 1241 "-" "Mozilla/5.0 (Linux; Android 6.0.1; Nexus 5X Build/MMB29P) AppleWebKit/537.36 (KHTML, like Gecko) Chrome/41.0.2272.96 Mobile Safari/537.36 (compatible; Googlebot/2.1; +http://www.google.com/bot.html)"
46.229.168.161 - - [12/Apr/2019:05:34:00 +0300] "GET /robots.txt HTTP/1.1" 404 1054 "-" "Mozilla/5.0 (compatible; SemrushBot/3~bl; +http://www.semrush.com/bot.html)"
46.229.168.138 - - [12/Apr/2019:05:34:00 +0300] "GET / HTTP/1.1" 200 1241 "-" "Mozilla/5.0 (compatible; SemrushBot/3~bl; +http://www.semrush.com/bot.html)"
46.229.168.161 - - [12/Apr/2019:05:34:03 +0300] "GET /sitemap.xml HTTP/1.1" 404 1054 "-" "Mozilla/5.0 (compatible; SemrushBot/3~bl; +http://www.semrush.com/bot.html)"
66.249.66.80 - - [13/Apr/2019:08:49:28 +0300] "GET /robots.txt HTTP/1.1" 404 1054 "-" "Mozilla/5.0 (compatible; Googlebot/2.1; +http://www.google.com/bot.html)"
66.249.66.81 - - [13/Apr/2019:08:49:29 +0300] "GET / HTTP/1.1" 200 1241 "-" "Mozilla/5.0 (compatible; Googlebot/2.1; +http://www.google.com/bot.html)"
66.249.66.80 - - [13/Apr/2019:08:49:49 +0300] "GET /favicon.ico HTTP/1.1" 404 1054 "-" "Googlebot-Image/1.0"
66.249.66.81 - - [13/Apr/2019:11:08:38 +0300] "GET /favicon.ico HTTP/1.1" 404 1054 "-" "Googlebot-Image/1.0"
37.9.113.93 - - [13/Apr/2019:12:25:49 +0300] "GET /robots.txt HTTP/1.1" 404 1054 "-" "Mozilla/5.0 (compatible; YandexBot/3.0; +http://yandex.com/bots)"
37.9.113.93 - - [13/Apr/2019:12:25:53 +0300] "GET / HTTP/1.1" 200 1241 "-" "Mozilla/5.0 (compatible; YandexBot/3.0; +http://yandex.com/bots)"
66.249.66.82 - - [13/Apr/2019:19:22:52 +0300] "GET / HTTP/1.1" 200 1241 "-" "Mozilla/5.0 (Linux; Android 6.0.1; Nexus 5X Build/MMB29P) AppleWebKit/537.36 (KHTML, like Gecko) Chrome/41.0.2272.96 Mobile Safari/537.36 (compatible; Googlebot/2.1; +http://www.google.com/bot.html)"
66.249.66.81 - - [13/Apr/2019:19:23:15 +0300] "GET /favicon.ico HTTP/1.1" 404 1054 "-" "Googlebot-Image/1.0"
66.249.66.81 - - [14/Apr/2019:08:33:46 +0300] "GET /robots.txt HTTP/1.1" 404 1054 "-" "Mozilla/5.0 (compatible; Googlebot/2.1; +http://www.google.com/bot.html)"
66.249.66.82 - - [14/Apr/2019:08:33:46 +0300] "GET / HTTP/1.1" 200 1241 "-" "Mozilla/5.0 (Linux; Android 6.0.1; Nexus 5X Build/MMB29P) AppleWebKit/537.36 (KHTML, like Gecko) Chrome/41.0.2272.96 Mobile Safari/537.36 (compatible; Googlebot/2.1; +http://www.google.com/bot.html)"
66.249.66.81 - - [15/Apr/2019:01:01:13 +0300] "GET /robots.txt HTTP/1.1" 404 1054 "-" "Mozilla/5.0 (compatible; Googlebot/2.1; +http://www.google.com/bot.html)"
66.249.66.80 - - [15/Apr/2019:01:01:19 +0300] "GET / HTTP/1.1" 200 1241 "-" "Mozilla/5.0 (Linux; Android 6.0.1; Nexus 5X Build/MMB29P) AppleWebKit/537.36 (KHTML, like Gecko) Chrome/41.0.2272.96 Mobile Safari/537.36 (compatible; Googlebot/2.1; +http://www.google.com/bot.html)"
141.8.183.14 - - [15/Apr/2019:06:59:11 +0300] "GET /robots.txt HTTP/1.1" 404 1054 "-" "Mozilla/5.0 (compatible; YandexBot/3.0; +http://yandex.com/bots)"
37.9.113.93 - - [15/Apr/2019:06:59:15 +0300] "GET / HTTP/1.1" 200 1241 "-" "Mozilla/5.0 (compatible; YandexBot/3.0; +http://yandex.com/bots)"
66.249.66.81 - - [15/Apr/2019:12:46:26 +0300] "GET / HTTP/1.1" 200 1241 "-" "Mozilla/5.0 (Linux; Android 6.0.1; Nexus 5X Build/MMB29P) AppleWebKit/537.36 (KHTML, like Gecko) Chrome/41.0.2272.96 Mobile Safari/537.36 (compatible; Googlebot/2.1; +http://www.google.com/bot.html)"
54.36.148.237 - - [17/Apr/2019:04:16:19 +0300] "GET /robots.txt HTTP/1.1" 404 1054 "-" "Mozilla/5.0 (compatible; AhrefsBot/6.1; +http://ahrefs.com/robot/)"
141.8.183.14 - - [17/Apr/2019:05:15:26 +0300] "GET /robots.txt HTTP/1.1" 404 1054 "-" "Mozilla/5.0 (compatible; YandexBot/3.0; +http://yandex.com/bots)"
37.9.113.93 - - [17/Apr/2019:05:15:29 +0300] "GET / HTTP/1.1" 200 1241 "-" "Mozilla/5.0 (compatible; YandexBot/3.0; +http://yandex.com/bots)"
37.9.113.93 - - [18/Apr/2019:02:25:42 +0300] "GET /robots.txt HTTP/1.1" 404 1054 "-" "Mozilla/5.0 (compatible; YandexBot/3.0; +http://yandex.com/bots)"
141.8.183.14 - - [18/Apr/2019:02:25:46 +0300] "GET / HTTP/1.1" 200 1241 "-" "Mozilla/5.0 (compatible; YandexBot/3.0; +http://yandex.com/bots)"
192.168.36.144 - - [18/Apr/2019:10:26:28 +0300] "GET / HTTP/1.1" 200 1241 "-" "Mozilla/5.0 (Windows NT 6.1; Trident/7.0; rv:11.0) like Gecko"
192.168.36.144 - - [18/Apr/2019:10:26:35 +0300] "GET /stprep.php HTTP/1.1" 401 116 "http://fitu.technolog.edu.ru/" "Mozilla/5.0 (Windows NT 6.1; Trident/7.0; rv:11.0) like Gecko"
192.168.36.144 - dekan04 [18/Apr/2019:10:26:37 +0300] "GET /stprep.php HTTP/1.1" 200 1910 "http://fitu.technolog.edu.ru/" "Mozilla/5.0 (Windows NT 6.1; Trident/7.0; rv:11.0) like Gecko"
192.168.36.144 - dekan04 [18/Apr/2019:10:26:39 +0300] "POST /new1.php HTTP/1.1" 200 1441 "http://fitu.technolog.edu.ru/stprep.php" "Mozilla/5.0 (Windows NT 6.1; Trident/7.0; rv:11.0) like Gecko"
54.36.150.186 - - [18/Apr/2019:12:11:09 +0300] "GET /robots.txt HTTP/1.1" 404 1054 "-" "Mozilla/5.0 (compatible; AhrefsBot/6.1; +http://ahrefs.com/robot/)"
192.168.36.144 - dekan04 [18/Apr/2019:12:43:54 +0300] "GET /index.php HTTP/1.1" 200 1241 "http://fitu.technolog.edu.ru/new1.php" "Mozilla/5.0 (Windows NT 6.1; Trident/7.0; rv:11.0) like Gecko"
192.168.36.144 - dekan04 [18/Apr/2019:12:43:57 +0300] "GET /stprep.php HTTP/1.1" 200 1910 "http://fitu.technolog.edu.ru/index.php" "Mozilla/5.0 (Windows NT 6.1; Trident/7.0; rv:11.0) like Gecko"
192.168.36.144 - dekan04 [18/Apr/2019:12:44:04 +0300] "POST /new1.php HTTP/1.1" 200 2796 "http://fitu.technolog.edu.ru/stprep.php" "Mozilla/5.0 (Windows NT 6.1; Trident/7.0; rv:11.0) like Gecko"
192.168.36.144 - dekan04 [18/Apr/2019:12:44:37 +0300] "POST /start03.php HTTP/1.1" 200 1261 "http://fitu.technolog.edu.ru/new1.php" "Mozilla/5.0 (Windows NT 6.1; Trident/7.0; rv:11.0) like Gecko"
192.168.36.144 - dekan04 [18/Apr/2019:12:44:41 +0300] "POST /outtabp.php HTTP/1.1" 200 1547 "http://fitu.technolog.edu.ru/start03.php" "Mozilla/5.0 (Windows NT 6.1; Trident/7.0; rv:11.0) like Gecko"
192.168.36.144 - dekan04 [18/Apr/2019:12:48:40 +0300] "GET /index.php HTTP/1.1" 200 1241 "http://fitu.technolog.edu.ru/outtabp.php" "Mozilla/5.0 (Windows NT 6.1; Trident/7.0; rv:11.0) like Gecko"
192.168.36.144 - dekan04 [18/Apr/2019:12:48:45 +0300] "GET /stprep.php HTTP/1.1" 200 1910 "http://fitu.technolog.edu.ru/index.php" "Mozilla/5.0 (Windows NT 6.1; Trident/7.0; rv:11.0) like Gecko"
192.168.36.144 - dekan04 [18/Apr/2019:12:48:59 +0300] "POST /new1.php HTTP/1.1" 200 7039 "http://fitu.technolog.edu.ru/stprep.php" "Mozilla/5.0 (Windows NT 6.1; Trident/7.0; rv:11.0) like Gecko"
192.168.36.144 - dekan04 [18/Apr/2019:12:49:10 +0300] "POST /new1.php HTTP/1.1" 200 1441 "http://fitu.technolog.edu.ru/stprep.php" "Mozilla/5.0 (Windows NT 6.1; Trident/7.0; rv:11.0) like Gecko"
66.249.79.202 - - [18/Apr/2019:20:06:27 +0300] "GET /robots.txt HTTP/1.1" 404 1054 "-" "Mozilla/5.0 (compatible; Googlebot/2.1; +http://www.google.com/bot.html)"
66.249.79.198 - - [18/Apr/2019:20:06:27 +0300] "GET / HTTP/1.1" 200 1241 "-" "Mozilla/5.0 (Linux; Android 6.0.1; Nexus 5X Build/MMB29P) AppleWebKit/537.36 (KHTML, like Gecko) Chrome/41.0.2272.96 Mobile Safari/537.36 (compatible; Googlebot/2.1; +http://www.google.com/bot.html)"
66.249.79.200 - - [18/Apr/2019:22:56:50 +0300] "GET / HTTP/1.1" 200 1241 "-" "Mozilla/5.0 (compatible; Googlebot/2.1; +http://www.google.com/bot.html)"
66.249.79.202 - - [18/Apr/2019:22:56:54 +0300] "GET /favicon.ico HTTP/1.1" 404 1054 "-" "Googlebot-Image/1.0"
66.249.79.202 - - [19/Apr/2019:01:08:31 +0300] "GET /favicon.ico HTTP/1.1" 404 1054 "-" "Googlebot-Image/1.0"
66.249.79.198 - - [19/Apr/2019:05:20:19 +0300] "GET / HTTP/1.1" 200 1241 "-" "Mozilla/5.0 (Linux; Android 6.0.1; Nexus 5X Build/MMB29P) AppleWebKit/537.36 (KHTML, like Gecko) Chrome/41.0.2272.96 Mobile Safari/537.36 (compatible; Googlebot/2.1; +http://www.google.com/bot.html)"
46.229.168.129 - - [19/Apr/2019:06:20:48 +0300] "GET /robots.txt HTTP/1.1" 404 1054 "-" "Mozilla/5.0 (compatible; SemrushBot/3~bl; +http://www.semrush.com/bot.html)"
46.229.168.137 - - [19/Apr/2019:06:20:48 +0300] "GET /stdek.php HTTP/1.1" 401 116 "-" "Mozilla/5.0 (compatible; SemrushBot/3~bl; +http://www.semrush.com/bot.html)"
66.249.79.198 - - [19/Apr/2019:10:38:40 +0300] "GET /robots.txt HTTP/1.1" 404 1054 "-" "Mozilla/5.0 (compatible; Googlebot/2.1; +http://www.google.com/bot.html)"
66.249.79.202 - - [19/Apr/2019:10:38:41 +0300] "GET / HTTP/1.1" 200 1241 "-" "Mozilla/5.0 (Linux; Android 6.0.1; Nexus 5X Build/MMB29P) AppleWebKit/537.36 (KHTML, like Gecko) Chrome/41.0.2272.96 Mobile Safari/537.36 (compatible; Googlebot/2.1; +http://www.google.com/bot.html)"
66.249.79.198 - - [19/Apr/2019:10:38:47 +0300] "GET /favicon.ico HTTP/1.1" 404 1054 "-" "Googlebot-Image/1.0"
66.249.79.200 - - [19/Apr/2019:13:08:31 +0300] "GET /favicon.ico HTTP/1.1" 404 1054 "-" "Googlebot-Image/1.0"
66.249.79.202 - - [19/Apr/2019:15:00:29 +0300] "GET / HTTP/1.1" 200 1241 "-" "Mozilla/5.0 (Linux; Android 6.0.1; Nexus 5X Build/MMB29P) AppleWebKit/537.36 (KHTML, like Gecko) Chrome/41.0.2272.96 Mobile Safari/537.36 (compatible; Googlebot/2.1; +http://www.google.com/bot.html)"
141.8.183.14 - - [20/Apr/2019:04:14:21 +0300] "GET /robots.txt HTTP/1.1" 404 1054 "-" "Mozilla/5.0 (compatible; YandexBot/3.0; +http://yandex.com/bots)"
141.8.183.14 - - [20/Apr/2019:04:14:25 +0300] "GET / HTTP/1.1" 200 1241 "-" "Mozilla/5.0 (compatible; YandexBot/3.0; +http://yandex.com/bots)"
94.180.138.121 - - [20/Apr/2019:18:48:47 +0300] "GET /start03.php HTTP/1.1" 401 116 "https://yandex.ru/clck/jsredir?from=yandex.ru%3Bsearch%3Bweb%3B%3B&text=&etext=2129.kt3FrSFHvWKro_65PPsCrtX_4Bsx6szhDggGwczve94tTVbLrri2esydxPmaAkiM.069511cc84f772786af2ebe70d8cea6e2211966c&uuid=&state=_BLhILn4SxNIvvL0W45KSic66uCIg23qh8iRG98qeIXmeppkgUc0YG-XUIUpxKrkaoPisARVvB8&data=UlNrNmk5WktYejR0eWJFYk1LdmtxblBtQTJjd2tCS0tvV2NzXzRlMEZkYjk3X0NDdDZOa3RZQzRtQ3pxa21ueVU1U3p5WnlCWWVEdWpNbURpTVRLX1NKWWs3bXNkOXNmYko1REZIaENmY3NRUmJrd053N3FpY19iaTV2X3RFVm0&b64e=2&sign=8bc9e701863f48c3b8ee99097e957dcb&keyno=0&cst=AiuY0DBWFJ7IXge4WdYJQSaYtyyri96Fr-Fqh9SalM3qvibQd_1sYx8Rz2PUbXrZ32MXOztu3vaho7EIt1joF7CTPdxzwmUqHBmqGaekM_O0Lp3CjWlOarqZmELBjK5QUWngydXDMAVpQeGJBPTeca61HfIkURdg&ref=orjY4mGPRjk5boDnW0uvlrrd71vZw9kp5uQozpMtKCV-HtQ36UFK0yP0HXRiaD8053Sjq3FKFssaTvqqQmPwyUS0N_jnEbKPJpmvGOlrs616GHI-zDLiIpKCf4av4zSo&l10n=ru&cts=1555773652842&mc=1.6524654226" "Mozilla/5.0 (compatible; MSIE 10.0; Windows NT 6.2; Trident/6.0; MASBJS)"
141.8.183.14 - - [21/Apr/2019:06:35:16 +0300] "GET /robots.txt HTTP/1.1" 404 1054 "-" "Mozilla/5.0 (compatible; YandexBot/3.0; +http://yandex.com/bots)"
141.8.183.14 - - [21/Apr/2019:06:35:20 +0300] "GET / HTTP/1.1" 200 1241 "-" "Mozilla/5.0 (compatible; YandexBot/3.0; +http://yandex.com/bots)"
66.249.66.81 - - [22/Apr/2019:03:17:45 +0300] "GET /robots.txt HTTP/1.1" 404 1054 "-" "Mozilla/5.0 (compatible; Googlebot/2.1; +http://www.google.com/bot.html)"
66.249.66.81 - - [22/Apr/2019:03:17:45 +0300] "GET / HTTP/1.1" 200 1241 "-" "Mozilla/5.0 (Linux; Android 6.0.1; Nexus 5X Build/MMB29P) AppleWebKit/537.36 (KHTML, like Gecko) Chrome/41.0.2272.96 Mobile Safari/537.36 (compatible; Googlebot/2.1; +http://www.google.com/bot.html)"
66.249.66.81 - - [22/Apr/2019:12:20:37 +0300] "GET / HTTP/1.1" 200 1241 "-" "Mozilla/5.0 (Linux; Android 6.0.1; Nexus 5X Build/MMB29P) AppleWebKit/537.36 (KHTML, like Gecko) Chrome/41.0.2272.96 Mobile Safari/537.36 (compatible; Googlebot/2.1; +http://www.google.com/bot.html)"
141.8.183.14 - - [22/Apr/2019:13:18:15 +0300] "GET /robots.txt HTTP/1.1" 404 1054 "-" "Mozilla/5.0 (compatible; YandexBot/3.0; +http://yandex.com/bots)"
141.8.183.14 - - [22/Apr/2019:13:18:19 +0300] "GET / HTTP/1.1" 200 1241 "-" "Mozilla/5.0 (compatible; YandexBot/3.0; +http://yandex.com/bots)"
66.249.66.82 - - [22/Apr/2019:22:03:07 +0300] "GET /robots.txt HTTP/1.1" 404 1054 "-" "Mozilla/5.0 (compatible; Googlebot/2.1; +http://www.google.com/bot.html)"
66.249.66.82 - - [22/Apr/2019:22:03:07 +0300] "GET / HTTP/1.1" 200 1241 "-" "Mozilla/5.0 (Linux; Android 6.0.1; Nexus 5X Build/MMB29P) AppleWebKit/537.36 (KHTML, like Gecko) Chrome/41.0.2272.96 Mobile Safari/537.36 (compatible; Googlebot/2.1; +http://www.google.com/bot.html)"
66.249.64.72 - - [23/Apr/2019:07:52:45 +0300] "GET /stdek.php HTTP/1.1" 401 116 "-" "Mozilla/5.0 (Linux; Android 6.0.1; Nexus 5X Build/MMB29P) AppleWebKit/537.36 (KHTML, like Gecko) Chrome/41.0.2272.96 Mobile Safari/537.36 (compatible; Googlebot/2.1; +http://www.google.com/bot.html)"
66.249.64.70 - - [23/Apr/2019:09:52:20 +0300] "GET / HTTP/1.1" 200 1241 "-" "Mozilla/5.0 (Linux; Android 6.0.1; Nexus 5X Build/MMB29P) AppleWebKit/537.36 (KHTML, like Gecko) Chrome/41.0.2272.96 Mobile Safari/537.36 (compatible; Googlebot/2.1; +http://www.google.com/bot.html)"
66.249.66.80 - - [24/Apr/2019:21:26:48 +0300] "GET /robots.txt HTTP/1.1" 404 1054 "-" "Mozilla/5.0 (compatible; Googlebot/2.1; +http://www.google.com/bot.html)"
66.249.66.81 - - [24/Apr/2019:21:26:49 +0300] "GET / HTTP/1.1" 200 1241 "-" "Mozilla/5.0 (compatible; Googlebot/2.1; +http://www.google.com/bot.html)"
141.8.183.14 - - [24/Apr/2019:22:33:40 +0300] "GET /robots.txt HTTP/1.1" 404 1054 "-" "Mozilla/5.0 (compatible; YandexBot/3.0; +http://yandex.com/bots)"
141.8.183.14 - - [24/Apr/2019:22:33:44 +0300] "GET / HTTP/1.1" 200 1241 "-" "Mozilla/5.0 (compatible; YandexBot/3.0; +http://yandex.com/bots)"
3.84.228.228 - - [24/Apr/2019:23:58:36 +0300] "GET /robots.txt HTTP/1.1" 404 1054 "-" "MixnodeCache/1.8(+https://cache.mixnode.com/)"
3.84.228.228 - - [24/Apr/2019:23:58:37 +0300] "GET /ads.txt HTTP/1.1" 404 1054 "-" "MixnodeCache/1.8(+https://cache.mixnode.com/)"
66.249.66.81 - - [25/Apr/2019:01:14:52 +0300] "GET /favicon.ico HTTP/1.1" 404 1054 "-" "Googlebot-Image/1.0"
66.249.66.80 - - [25/Apr/2019:01:40:39 +0300] "GET / HTTP/1.1" 200 1241 "-" "Mozilla/5.0 (Linux; Android 6.0.1; Nexus 5X Build/MMB29P) AppleWebKit/537.36 (KHTML, like Gecko) Chrome/41.0.2272.96 Mobile Safari/537.36 (compatible; Googlebot/2.1; +http://www.google.com/bot.html)"
66.249.66.82 - - [25/Apr/2019:01:53:33 +0300] "GET /favicon.ico HTTP/1.1" 404 1054 "-" "Googlebot-Image/1.0"
66.249.66.82 - - [25/Apr/2019:03:08:31 +0300] "GET /favicon.ico HTTP/1.1" 404 1054 "-" "Googlebot-Image/1.0"
66.249.66.81 - - [25/Apr/2019:11:23:52 +0300] "GET /robots.txt HTTP/1.1" 404 1054 "-" "Mozilla/5.0 (compatible; Googlebot/2.1; +http://www.google.com/bot.html)"
66.249.66.82 - - [25/Apr/2019:11:23:52 +0300] "GET / HTTP/1.1" 200 1241 "-" "Mozilla/5.0 (Linux; Android 6.0.1; Nexus 5X Build/MMB29P) AppleWebKit/537.36 (KHTML, like Gecko) Chrome/41.0.2272.96 Mobile Safari/537.36 (compatible; Googlebot/2.1; +http://www.google.com/bot.html)"
66.249.66.80 - - [25/Apr/2019:11:23:56 +0300] "GET /itiy2.css HTTP/1.1" 200 6173 "http://fitu.technolog.edu.ru/" "Mozilla/5.0 (Linux; Android 6.0.1; Nexus 5X Build/MMB29P) AppleWebKit/537.36 (KHTML, like Gecko) Chrome/41.0.2272.96 Mobile Safari/537.36 (compatible; Googlebot/2.1; +http://www.google.com/bot.html)"
192.168.36.144 - - [25/Apr/2019:12:42:40 +0300] "GET / HTTP/1.1" 200 1241 "-" "Mozilla/5.0 (Windows NT 6.1; Trident/7.0; rv:11.0) like Gecko"
192.168.36.144 - - [25/Apr/2019:12:42:43 +0300] "GET /itiy2.css HTTP/1.1" 304 - "http://fitu.technolog.edu.ru/" "Mozilla/5.0 (Windows NT 6.1; Trident/7.0; rv:11.0) like Gecko"
192.168.36.144 - - [25/Apr/2019:12:42:47 +0300] "GET /stprep.php HTTP/1.1" 401 116 "http://fitu.technolog.edu.ru/" "Mozilla/5.0 (Windows NT 6.1; Trident/7.0; rv:11.0) like Gecko"
192.168.36.144 - dekan04 [25/Apr/2019:12:42:53 +0300] "GET /stprep.php HTTP/1.1" 200 1910 "http://fitu.technolog.edu.ru/" "Mozilla/5.0 (Windows NT 6.1; Trident/7.0; rv:11.0) like Gecko"
192.168.36.144 - dekan04 [25/Apr/2019:12:43:00 +0300] "POST /new1.php HTTP/1.1" 200 2796 "http://fitu.technolog.edu.ru/stprep.php" "Mozilla/5.0 (Windows NT 6.1; Trident/7.0; rv:11.0) like Gecko"
192.168.36.144 - - [25/Apr/2019:12:43:01 +0300] "GET /css/table.css HTTP/1.1" 304 - "http://fitu.technolog.edu.ru/new1.php" "Mozilla/5.0 (Windows NT 6.1; Trident/7.0; rv:11.0) like Gecko"
192.168.36.144 - dekan04 [25/Apr/2019:12:43:27 +0300] "POST /start03.php HTTP/1.1" 200 1261 "http://fitu.technolog.edu.ru/new1.php" "Mozilla/5.0 (Windows NT 6.1; Trident/7.0; rv:11.0) like Gecko"
192.168.36.144 - dekan04 [25/Apr/2019:12:43:29 +0300] "POST /outtabp.php HTTP/1.1" 200 1547 "http://fitu.technolog.edu.ru/start03.php" "Mozilla/5.0 (Windows NT 6.1; Trident/7.0; rv:11.0) like Gecko"
192.168.36.144 - dekan04 [25/Apr/2019:12:44:23 +0300] "POST /outtabp.php HTTP/1.1" 200 3089 "http://fitu.technolog.edu.ru/start03.php" "Mozilla/5.0 (Windows NT 6.1; Trident/7.0; rv:11.0) like Gecko"
192.168.36.144 - dekan04 [25/Apr/2019:12:45:02 +0300] "POST /new1.php HTTP/1.1" 200 5301 "http://fitu.technolog.edu.ru/stprep.php" "Mozilla/5.0 (Windows NT 6.1; Trident/7.0; rv:11.0) like Gecko"
192.168.36.144 - dekan04 [25/Apr/2019:12:45:20 +0300] "POST /start3.php HTTP/1.1" 200 1258 "http://fitu.technolog.edu.ru/new1.php" "Mozilla/5.0 (Windows NT 6.1; Trident/7.0; rv:11.0) like Gecko"
192.168.36.144 - dekan04 [25/Apr/2019:12:45:22 +0300] "POST /outtabp.php HTTP/1.1" 200 3091 "http://fitu.technolog.edu.ru/start3.php" "Mozilla/5.0 (Windows NT 6.1; Trident/7.0; rv:11.0) like Gecko"
192.168.36.144 - dekan04 [25/Apr/2019:12:49:10 +0300] "GET /index.php HTTP/1.1" 200 1241 "http://fitu.technolog.edu.ru/outtabp.php" "Mozilla/5.0 (Windows NT 6.1; Trident/7.0; rv:11.0) like Gecko"
192.168.36.144 - dekan04 [25/Apr/2019:12:49:20 +0300] "GET /stdek.php HTTP/1.1" 200 1414 "http://fitu.technolog.edu.ru/index.php" "Mozilla/5.0 (Windows NT 6.1; Trident/7.0; rv:11.0) like Gecko"
192.168.36.144 - dekan04 [25/Apr/2019:12:49:25 +0300] "POST /reytp.php HTTP/1.1" 200 1699 "http://fitu.technolog.edu.ru/stdek.php" "Mozilla/5.0 (Windows NT 6.1; Trident/7.0; rv:11.0) like Gecko"
192.168.36.144 - dekan04 [25/Apr/2019:12:51:27 +0300] "POST /reytp.php HTTP/1.1" 200 1702 "http://fitu.technolog.edu.ru/stdek.php" "Mozilla/5.0 (Windows NT 6.1; Trident/7.0; rv:11.0) like Gecko"
66.249.66.81 - - [25/Apr/2019:21:25:45 +0300] "GET / HTTP/1.1" 200 1241 "-" "Mozilla/5.0 (Linux; Android 6.0.1; Nexus 5X Build/MMB29P) AppleWebKit/537.36 (KHTML, like Gecko) Chrome/41.0.2272.96 Mobile Safari/537.36 (compatible; Googlebot/2.1; +http://www.google.com/bot.html)"
37.9.113.93 - - [26/Apr/2019:07:25:48 +0300] "GET /robots.txt HTTP/1.1" 404 1054 "-" "Mozilla/5.0 (compatible; YandexBot/3.0; +http://yandex.com/bots)"
37.9.113.93 - - [26/Apr/2019:07:25:52 +0300] "GET / HTTP/1.1" 200 1241 "-" "Mozilla/5.0 (compatible; YandexBot/3.0; +http://yandex.com/bots)"
66.249.66.81 - - [26/Apr/2019:07:28:47 +0300] "GET /robots.txt HTTP/1.1" 404 1054 "-" "Mozilla/5.0 (compatible; Googlebot/2.1; +http://www.google.com/bot.html)"
66.249.66.80 - - [26/Apr/2019:07:28:47 +0300] "GET / HTTP/1.1" 200 1241 "-" "Mozilla/5.0 (Linux; Android 6.0.1; Nexus 5X Build/MMB29P) AppleWebKit/537.36 (KHTML, like Gecko) Chrome/41.0.2272.96 Mobile Safari/537.36 (compatible; Googlebot/2.1; +http://www.google.com/bot.html)"
66.249.66.82 - - [26/Apr/2019:10:04:33 +0300] "GET /stprep.php HTTP/1.1" 401 116 "-" "Mozilla/5.0 (Linux; Android 6.0.1; Nexus 5X Build/MMB29P) AppleWebKit/537.36 (KHTML, like Gecko) Chrome/41.0.2272.96 Mobile Safari/537.36 (compatible; Googlebot/2.1; +http://www.google.com/bot.html)"
46.17.203.253 - - [26/Apr/2019:10:36:34 +0300] "GET /robots.txt HTTP/1.1" 404 1054 "-" "*"
46.17.203.253 - - [26/Apr/2019:10:36:34 +0300] "GET / HTTP/1.1" 200 1241 "-" "Mozilla/5.0 (Windows NT 10.0; Win64; x64) AppleWebKit/537.36 (KHTML, like Gecko) Chrome/60.0.3112.113 Safari/537.36"
37.146.77.40 - - [26/Apr/2019:11:03:07 +0300] "GET /outtabp.php HTTP/1.1" 401 116 "https://yandex.ru/clck/jsredir?from=yandex.ru%3Bsearch%3Bweb%3B%3B&text=&etext=2135.N-bNcizUI3eUN2sOPbdwkM7ZsLtAOw2qQ1e95PhsvcgEv4MUaOZ7Kw4MBz6iU-pJ.b6504aaaaf802b49000bb83ddb506c621cb17af0&uuid=&state=_BLhILn4SxNIvvL0W45KSic66uCIg23qh8iRG98qeIXmeppkgUc0YGHEttDsYq_w3pSJtejupWg&data=UlNrNmk5WktYejR0eWJFYk1LdmtxblBtQTJjd2tCS0tvV2NzXzRlMEZkYjk3X0NDdDZOa3RWU1VkTlpua3JObnRnUnItTE4tTk5naXV3WXdUSVpCRjVUZzRNWkEzaFVjODBkVGNUWUpiV19ucXpXNFhYTmc5SXZzd3RoeFNMbmg&b64e=2&sign=6e5a3d9637258490419ba5c9550302b6&keyno=0&cst=AiuY0DBWFJ7IXge4WdYJQYP93Xfrtkba26e4FBR9HgYJ3xD5qv28EKxYsgHDLvnC4kEy2j_f3RFuZC1LtH1ipU6mh8_KfVp62lFxw9alxjwUQLRxZuTuCXad7jsoMk4l-_hx5tOh-jppDRtcgFOU-gLwHDuJo33z&ref=orjY4mGPRjk5boDnW0uvlrrd71vZw9kp5uQozpMtKCVLVIUOk4qiEJjuGTiC_I6xGZOih12PC9IdWhEgj5rjWIjgp7TvsfFzByxswWMZ1ju4pigFWfs52Q-ta8EO4huo&l10n=ru&cts=1556264100274&mc=6.1769817103" "Mozilla/5.0 (compatible; MSIE 10.0; Windows NT 6.2; Trident/6.0; Touch; MASMJS)"
66.249.66.82 - - [26/Apr/2019:18:38:47 +0300] "GET / HTTP/1.1" 200 1241 "-" "Mozilla/5.0 (Linux; Android 6.0.1; Nexus 5X Build/MMB29P) AppleWebKit/537.36 (KHTML, like Gecko) Chrome/41.0.2272.96 Mobile Safari/537.36 (compatible; Googlebot/2.1; +http://www.google.com/bot.html)"
37.9.113.108 - - [27/Apr/2019:11:41:14 +0300] "GET /robots.txt HTTP/1.1" 404 1054 "-" "Mozilla/5.0 (compatible; YandexBot/3.0; +http://yandex.com/bots)"
37.9.113.93 - - [27/Apr/2019:11:41:18 +0300] "GET / HTTP/1.1" 200 1241 "-" "Mozilla/5.0 (compatible; YandexBot/3.0; +http://yandex.com/bots)"
37.9.113.108 - - [28/Apr/2019:10:52:42 +0300] "GET /robots.txt HTTP/1.1" 404 1054 "-" "Mozilla/5.0 (compatible; YandexBot/3.0; +http://yandex.com/bots)"
141.8.183.14 - - [28/Apr/2019:10:52:46 +0300] "GET / HTTP/1.1" 200 1241 "-" "Mozilla/5.0 (compatible; YandexBot/3.0; +http://yandex.com/bots)"
66.249.66.82 - - [28/Apr/2019:22:41:34 +0300] "GET /robots.txt HTTP/1.1" 404 1054 "-" "Mozilla/5.0 (compatible; Googlebot/2.1; +http://www.google.com/bot.html)"
66.249.66.80 - - [28/Apr/2019:22:41:35 +0300] "GET / HTTP/1.1" 200 1241 "-" "Mozilla/5.0 (Linux; Android 6.0.1; Nexus 5X Build/MMB29P) AppleWebKit/537.36 (KHTML, like Gecko) Chrome/41.0.2272.96 Mobile Safari/537.36 (compatible; Googlebot/2.1; +http://www.google.com/bot.html)"
192.168.36.144 - - [29/Apr/2019:09:56:10 +0300] "GET / HTTP/1.1" 200 1241 "-" "Mozilla/5.0 (Windows NT 6.1; Trident/7.0; rv:11.0) like Gecko"
192.168.36.144 - - [29/Apr/2019:09:56:17 +0300] "GET /stprep.php HTTP/1.1" 401 116 "http://fitu.technolog.edu.ru/" "Mozilla/5.0 (Windows NT 6.1; Trident/7.0; rv:11.0) like Gecko"
192.168.36.144 - dekan04 [29/Apr/2019:09:56:25 +0300] "GET /stprep.php HTTP/1.1" 200 1910 "http://fitu.technolog.edu.ru/" "Mozilla/5.0 (Windows NT 6.1; Trident/7.0; rv:11.0) like Gecko"
192.168.36.144 - dekan04 [29/Apr/2019:09:56:36 +0300] "POST /new1.php HTTP/1.1" 200 2796 "http://fitu.technolog.edu.ru/stprep.php" "Mozilla/5.0 (Windows NT 6.1; Trident/7.0; rv:11.0) like Gecko"
192.168.36.144 - - [29/Apr/2019:09:57:03 +0300] "GET /stprep.php HTTP/1.1" 401 116 "http://fitu.technolog.edu.ru/" "Mozilla/5.0 (Windows NT 6.1; Trident/7.0; rv:11.0) like Gecko"
192.168.36.144 - dekan04 [29/Apr/2019:09:57:03 +0300] "GET /stprep.php HTTP/1.1" 200 1910 "http://fitu.technolog.edu.ru/" "Mozilla/5.0 (Windows NT 6.1; Trident/7.0; rv:11.0) like Gecko"
192.168.36.144 - dekan04 [29/Apr/2019:09:57:15 +0300] "POST /new1.php HTTP/1.1" 200 2796 "http://fitu.technolog.edu.ru/stprep.php" "Mozilla/5.0 (Windows NT 6.1; Trident/7.0; rv:11.0) like Gecko"
192.168.36.144 - dekan04 [29/Apr/2019:09:58:16 +0300] "POST /start03.php HTTP/1.1" 200 1261 "http://fitu.technolog.edu.ru/new1.php" "Mozilla/5.0 (Windows NT 6.1; Trident/7.0; rv:11.0) like Gecko"
192.168.36.144 - dekan04 [29/Apr/2019:09:58:28 +0300] "POST /outtabp.php HTTP/1.1" 200 1547 "http://fitu.technolog.edu.ru/start03.php" "Mozilla/5.0 (Windows NT 6.1; Trident/7.0; rv:11.0) like Gecko"
66.249.66.81 - - [29/Apr/2019:13:37:23 +0300] "GET /robots.txt HTTP/1.1" 404 1054 "-" "Mozilla/5.0 (compatible; Googlebot/2.1; +http://www.google.com/bot.html)"
66.249.66.80 - - [29/Apr/2019:13:37:24 +0300] "GET / HTTP/1.1" 200 1241 "-" "Mozilla/5.0 (Linux; Android 6.0.1; Nexus 5X Build/MMB29P) AppleWebKit/537.36 (KHTML, like Gecko) Chrome/41.0.2272.96 Mobile Safari/537.36 (compatible; Googlebot/2.1; +http://www.google.com/bot.html)"
37.9.113.93 - - [29/Apr/2019:17:16:58 +0300] "GET /robots.txt HTTP/1.1" 404 1054 "-" "Mozilla/5.0 (compatible; YandexBot/3.0; +http://yandex.com/bots)"
37.9.113.108 - - [29/Apr/2019:17:17:02 +0300] "GET / HTTP/1.1" 200 1241 "-" "Mozilla/5.0 (compatible; YandexBot/3.0; +http://yandex.com/bots)"
37.146.77.40 - - [29/Apr/2019:18:16:55 +0300] "GET /stprep.php HTTP/1.1" 401 116 "https://yandex.ru/clck/jsredir?from=yandex.ru%3Bsearch%3Bweb%3B%3B&text=&etext=2138.qkzoJsVnQsCIMbQU9hdUSu4ypKwSlT_RsYwBOFmFu1eC_fG4xNpJTJfaKa4TVtjf.c132db6e2d0c5844fc080655f255cf7ae09decb7&uuid=&state=_BLhILn4SxNIvvL0W45KSic66uCIg23qh8iRG98qeIXmeppkgUc0YLeQVNu7TCjFWhspMNrg36Y&data=UlNrNmk5WktYejR0eWJFYk1LdmtxblBtQTJjd2tCS0tvV2NzXzRlMEZkYjk3X0NDdDZOa3RXS1ZpMU5ubE5JQ3R0X2NYaFotVEV2SmFhaHZFa2Uyell5MDBtT1oyY0x6UFNQWXk2X1RERFlxYUVRc1VzaDlXdw&b64e=2&sign=1b2f98fa73de42d7c2c0e47ec9b265b0&keyno=0&cst=AiuY0DBWFJ7IXge4WdYJQaYgAYq7JarriOD6jiW8UlNr9bpmS1xMAwuiFtDGvtR-Tkj4zwl4s0RQ2cd1xhSWbBcsHFbLh-ebFY-rQvH-jxvoyI2W0m7eOg-H3fuZ1diJUoI_HNHYpPLutOekJ_nBkA&ref=orjY4mGPRjk5boDnW0uvlrrd71vZw9kp5uQozpMtKCXWw0iTWKpk3IefSjo6jSAt-Nrgiua6SZUO9bldkJTnW4wevz9qb9NDUnZQrYskmFOcon0Ble6ECYoewwvf3_cK&l10n=ru&cts=1556549258672&mc=5.77334213752" "Mozilla/5.0 (compatible; MSIE 10.0; Windows NT 6.2; Trident/6.0; Touch; MASMJS)"
157.55.39.43 - - [29/Apr/2019:20:15:53 +0300] "GET /robots.txt HTTP/1.1" 404 1054 "-" "Mozilla/5.0 (compatible; bingbot/2.0; +http://www.bing.com/bingbot.htm)"
157.55.39.8 - - [29/Apr/2019:20:16:15 +0300] "GET / HTTP/1.1" 200 1241 "-" "Mozilla/5.0 (compatible; bingbot/2.0; +http://www.bing.com/bingbot.htm)"
54.165.59.7 - - [30/Apr/2019:13:56:07 +0300] "GET /robots.txt HTTP/1.0" 404 1054 "-" "ia_archiver"
54.165.59.7 - - [30/Apr/2019:13:56:08 +0300] "GET /index.php HTTP/1.0" 200 1241 "-" "ia_archiver"
66.249.65.170 - - [30/Apr/2019:14:01:58 +0300] "GET /robots.txt HTTP/1.1" 404 1054 "-" "Mozilla/5.0 (compatible; Googlebot/2.1; +http://www.google.com/bot.html)"
66.249.65.166 - - [30/Apr/2019:14:01:58 +0300] "GET / HTTP/1.1" 200 1241 "-" "Mozilla/5.0 (compatible; Googlebot/2.1; +http://www.google.com/bot.html)"
66.249.65.166 - - [30/Apr/2019:14:02:10 +0300] "GET /favicon.ico HTTP/1.1" 404 1054 "-" "Googlebot-Image/1.0"
66.249.65.166 - - [30/Apr/2019:15:08:32 +0300] "GET /favicon.ico HTTP/1.1" 404 1054 "-" "Googlebot-Image/1.0"
54.165.59.7 - - [30/Apr/2019:15:14:03 +0300] "GET /robots.txt HTTP/1.0" 404 1054 "-" "ia_archiver"
54.165.59.7 - - [30/Apr/2019:15:14:03 +0300] "GET /stprep.php HTTP/1.0" 401 116 "-" "ia_archiver"
54.165.59.7 - - [30/Apr/2019:20:38:18 +0300] "GET /robots.txt HTTP/1.0" 404 1054 "-" "ia_archiver"
54.165.59.7 - - [30/Apr/2019:20:38:20 +0300] "GET /stdek.php HTTP/1.0" 401 116 "-" "ia_archiver"
54.165.59.7 - - [30/Apr/2019:21:02:43 +0300] "GET /reytp.php HTTP/1.0" 401 116 "-" "ia_archiver"
54.165.59.7 - - [30/Apr/2019:21:13:20 +0300] "GET /outtabp.php HTTP/1.0" 401 116 "-" "ia_archiver"
54.165.59.7 - - [30/Apr/2019:21:33:53 +0300] "GET /start3.php HTTP/1.0" 401 116 "-" "ia_archiver"
66.249.69.74 - - [30/Apr/2019:23:06:17 +0300] "GET / HTTP/1.1" 200 1241 "-" "Mozilla/5.0 (Linux; Android 6.0.1; Nexus 5X Build/MMB29P) AppleWebKit/537.36 (KHTML, like Gecko) Chrome/41.0.2272.96 Mobile Safari/537.36 (compatible; Googlebot/2.1; +http://www.google.com/bot.html)"
66.249.69.72 - - [30/Apr/2019:23:13:23 +0300] "GET /favicon.ico HTTP/1.1" 404 1054 "-" "Googlebot-Image/1.0"
209.17.96.66 - - [01/May/2019:08:30:14 +0300] "GET / HTTP/1.1" 200 1241 "-" "Mozilla/5.0 (compatible; Nimbostratus-Bot/v1.3.2; http://cloudsystemnetworks.com)"
37.9.113.93 - - [02/May/2019:07:29:54 +0300] "GET /robots.txt HTTP/1.1" 404 1054 "-" "Mozilla/5.0 (compatible; YandexBot/3.0; +http://yandex.com/bots)"
37.9.113.108 - - [02/May/2019:07:29:58 +0300] "GET / HTTP/1.1" 200 1241 "-" "Mozilla/5.0 (compatible; YandexBot/3.0; +http://yandex.com/bots)"
66.249.64.74 - - [04/May/2019:06:16:45 +0300] "GET /robots.txt HTTP/1.1" 404 1054 "-" "Mozilla/5.0 (compatible; Googlebot/2.1; +http://www.google.com/bot.html)"
66.249.64.72 - - [04/May/2019:06:16:45 +0300] "GET / HTTP/1.1" 200 1241 "-" "Mozilla/5.0 (Linux; Android 6.0.1; Nexus 5X Build/MMB29P) AppleWebKit/537.36 (KHTML, like Gecko) Chrome/41.0.2272.96 Mobile Safari/537.36 (compatible; Googlebot/2.1; +http://www.google.com/bot.html)"
66.249.64.74 - - [04/May/2019:06:16:48 +0300] "GET /itiy2.css HTTP/1.1" 200 6173 "http://fitu.technolog.edu.ru/" "Mozilla/5.0 (Linux; Android 6.0.1; Nexus 5X Build/MMB29P) AppleWebKit/537.36 (KHTML, like Gecko) Chrome/41.0.2272.96 Mobile Safari/537.36 (compatible; Googlebot/2.1; +http://www.google.com/bot.html)"
141.8.183.14 - - [04/May/2019:06:42:35 +0300] "GET /robots.txt HTTP/1.1" 404 1054 "-" "Mozilla/5.0 (compatible; YandexBot/3.0; +http://yandex.com/bots)"
37.9.113.93 - - [04/May/2019:06:42:39 +0300] "GET / HTTP/1.1" 200 1241 "-" "Mozilla/5.0 (compatible; YandexBot/3.0; +http://yandex.com/bots)"
66.249.64.70 - - [04/May/2019:15:35:02 +0300] "GET / HTTP/1.1" 200 1241 "-" "Mozilla/5.0 (Linux; Android 6.0.1; Nexus 5X Build/MMB29P) AppleWebKit/537.36 (KHTML, like Gecko) Chrome/41.0.2272.96 Mobile Safari/537.36 (compatible; Googlebot/2.1; +http://www.google.com/bot.html)"
66.249.64.72 - - [05/May/2019:00:43:08 +0300] "GET /robots.txt HTTP/1.1" 404 1054 "-" "Mozilla/5.0 (compatible; Googlebot/2.1; +http://www.google.com/bot.html)"
