141.8.183.14 - - [23/Oct/2018:23:57:31 +0300] "GET /robots.txt HTTP/1.1" 403 1044 "-" "Mozilla/5.0 (compatible; YandexBot/3.0; +http://yandex.com/bots)"
141.8.183.14 - - [23/Oct/2018:23:57:35 +0300] "GET /stprep.php HTTP/1.1" 403 1044 "-" "Mozilla/5.0 (compatible; YandexBot/3.0; +http://yandex.com/bots)"
141.8.183.14 - - [24/Oct/2018:06:50:39 +0300] "GET /robots.txt HTTP/1.1" 403 1044 "-" "Mozilla/5.0 (compatible; YandexBot/3.0; +http://yandex.com/bots)"
141.8.183.14 - - [24/Oct/2018:06:50:43 +0300] "GET / HTTP/1.1" 403 1058 "-" "Mozilla/5.0 (compatible; YandexBot/3.0; +http://yandex.com/bots)"
82.145.223.69 - - [24/Oct/2018:12:47:04 +0300] "GET / HTTP/1.1" 403 1058 "http://sa.technolog.edu.ru/kafedra_contact.html" "Mozilla/5.0 (Windows NT 10.0; WOW64) AppleWebKit/537.36 (KHTML, like Gecko) Chrome/55.0.2883.87 Safari/537.36 OPR/42.0.2393.137"
5.18.235.49 - - [24/Oct/2018:12:47:04 +0300] "GET / HTTP/1.1" 403 1058 "http://sa.technolog.edu.ru/kafedra_contact.html" "Mozilla/5.0 (Windows NT 10.0; WOW64) AppleWebKit/537.36 (KHTML, like Gecko) Chrome/55.0.2883.87 Safari/537.36 OPR/42.0.2393.137"
82.145.223.69 - - [24/Oct/2018:12:47:04 +0300] "GET /favicon.ico HTTP/1.1" 403 1044 "http://fitu.technolog.edu.ru/" "Mozilla/5.0 (Windows NT 10.0; WOW64) AppleWebKit/537.36 (KHTML, like Gecko) Chrome/55.0.2883.87 Safari/537.36 OPR/42.0.2393.137"
5.18.235.49 - - [24/Oct/2018:12:47:04 +0300] "GET /favicon.ico HTTP/1.1" 403 1044 "http://fitu.technolog.edu.ru/" "Mozilla/5.0 (Windows NT 10.0; WOW64) AppleWebKit/537.36 (KHTML, like Gecko) Chrome/55.0.2883.87 Safari/537.36 OPR/42.0.2393.137"
37.9.113.93 - - [24/Oct/2018:17:19:23 +0300] "GET /robots.txt HTTP/1.1" 403 1044 "-" "Mozilla/5.0 (compatible; YandexBot/3.0; +http://yandex.com/bots)"
37.9.113.93 - - [24/Oct/2018:17:19:27 +0300] "GET / HTTP/1.1" 403 1058 "-" "Mozilla/5.0 (compatible; YandexBot/3.0; +http://yandex.com/bots)"
141.8.183.14 - - [25/Oct/2018:14:20:48 +0300] "GET /robots.txt HTTP/1.1" 403 1044 "-" "Mozilla/5.0 (compatible; YandexBot/3.0; +http://yandex.com/bots)"
141.8.183.14 - - [25/Oct/2018:14:20:51 +0300] "GET / HTTP/1.1" 403 1058 "-" "Mozilla/5.0 (compatible; YandexBot/3.0; +http://yandex.com/bots)"
141.8.183.14 - - [25/Oct/2018:16:20:59 +0300] "GET /robots.txt HTTP/1.1" 403 1044 "-" "Mozilla/5.0 (compatible; YandexBot/3.0; +http://yandex.com/bots)"
141.8.183.14 - - [25/Oct/2018:16:21:02 +0300] "GET /favicon.ico HTTP/1.1" 403 1044 "-" "Mozilla/5.0 (compatible; YandexBot/3.0; +http://yandex.com/bots)"
37.9.113.108 - - [25/Oct/2018:18:30:55 +0300] "GET /robots.txt HTTP/1.1" 403 1044 "-" "Mozilla/5.0 (compatible; YandexBot/3.0; +http://yandex.com/bots)"
37.9.113.93 - - [25/Oct/2018:18:30:59 +0300] "GET / HTTP/1.1" 403 1058 "-" "Mozilla/5.0 (compatible; YandexBot/3.0; +http://yandex.com/bots)"
157.55.39.27 - - [25/Oct/2018:19:13:45 +0300] "GET /robots.txt HTTP/1.1" 403 1044 "-" "Mozilla/5.0 (compatible; bingbot/2.0; +http://www.bing.com/bingbot.htm)"
207.46.13.208 - - [25/Oct/2018:19:13:54 +0300] "GET / HTTP/1.1" 403 1058 "-" "Mozilla/5.0 (compatible; bingbot/2.0; +http://www.bing.com/bingbot.htm)"
37.9.113.108 - - [26/Oct/2018:16:48:53 +0300] "GET /robots.txt HTTP/1.1" 403 1044 "-" "Mozilla/5.0 (compatible; YandexBot/3.0; +http://yandex.com/bots)"
37.9.113.108 - - [26/Oct/2018:16:48:57 +0300] "GET / HTTP/1.1" 403 1058 "-" "Mozilla/5.0 (compatible; YandexBot/3.0; +http://yandex.com/bots)"
66.249.79.116 - - [26/Oct/2018:19:35:42 +0300] "GET /robots.txt HTTP/1.1" 403 1044 "-" "Mozilla/5.0 (compatible; Googlebot/2.1; +http://www.google.com/bot.html)"
66.249.79.118 - - [26/Oct/2018:19:35:42 +0300] "GET / HTTP/1.1" 403 1058 "-" "Mozilla/5.0 (Linux; Android 6.0.1; Nexus 5X Build/MMB29P) AppleWebKit/537.36 (KHTML, like Gecko) Chrome/41.0.2272.96 Mobile Safari/537.36 (compatible; Googlebot/2.1; +http://www.google.com/bot.html)"
95.163.255.13 - - [27/Oct/2018:02:31:49 +0300] "GET /robots.txt HTTP/1.0" 403 1044 "-" "Mozilla/5.0 (compatible; Linux x86_64; Mail.RU_Bot/2.0; +http://go.mail.ru/help/robots)"
95.163.255.15 - - [27/Oct/2018:02:32:11 +0300] "GET /abitur.html HTTP/1.1" 403 1044 "-" "Mozilla/5.0 (compatible; Linux x86_64; Mail.RU_Bot/2.0; +http://go.mail.ru/help/robots)"
37.9.113.108 - - [28/Oct/2018:03:40:22 +0300] "GET /robots.txt HTTP/1.1" 403 1044 "-" "Mozilla/5.0 (compatible; YandexBot/3.0; +http://yandex.com/bots)"
141.8.183.14 - - [28/Oct/2018:03:40:26 +0300] "GET / HTTP/1.1" 403 1058 "-" "Mozilla/5.0 (compatible; YandexBot/3.0; +http://yandex.com/bots)"
37.9.113.108 - - [28/Oct/2018:18:18:47 +0300] "GET /robots.txt HTTP/1.1" 403 1044 "-" "Mozilla/5.0 (compatible; YandexBot/3.0; +http://yandex.com/bots)"
37.9.113.93 - - [28/Oct/2018:18:18:51 +0300] "GET / HTTP/1.1" 403 1058 "-" "Mozilla/5.0 (compatible; YandexBot/3.0; +http://yandex.com/bots)"
66.249.66.27 - - [28/Oct/2018:20:12:43 +0300] "GET /robots.txt HTTP/1.1" 403 1044 "-" "Mozilla/5.0 (compatible; Googlebot/2.1; +http://www.google.com/bot.html)"
66.249.66.25 - - [28/Oct/2018:20:12:43 +0300] "GET / HTTP/1.1" 403 1058 "-" "Mozilla/5.0 (Linux; Android 6.0.1; Nexus 5X Build/MMB29P) AppleWebKit/537.36 (KHTML, like Gecko) Chrome/41.0.2272.96 Mobile Safari/537.36 (compatible; Googlebot/2.1; +http://www.google.com/bot.html)"
37.9.113.93 - - [29/Oct/2018:20:02:32 +0300] "GET /robots.txt HTTP/1.1" 403 1044 "-" "Mozilla/5.0 (compatible; YandexBot/3.0; +http://yandex.com/bots)"
37.9.113.93 - - [29/Oct/2018:20:02:36 +0300] "GET / HTTP/1.1" 403 1058 "-" "Mozilla/5.0 (compatible; YandexBot/3.0; +http://yandex.com/bots)"
217.66.158.113 - - [29/Oct/2018:21:41:25 +0300] "GET / HTTP/1.1" 403 1058 "https://www.google.ru/" "Mozilla/5.0 (iPhone; CPU iPhone OS 11_3 like Mac OS X) AppleWebKit/605.1.15 (KHTML, like Gecko) Version/11.0 Mobile/15E148 Safari/604.1"
217.69.143.70 - - [29/Oct/2018:23:59:54 +0300] "GET /robots.txt HTTP/1.0" 403 1044 "-" "Mozilla/5.0 (compatible; Linux x86_64; Mail.RU_Bot/Img/2.0; +http://go.mail.ru/help/robots)"
217.69.143.69 - - [30/Oct/2018:00:06:36 +0300] "GET /images/institut.jpg HTTP/1.1" 403 1044 "http://go.mail.ru/search_images" "Mozilla/5.0 (compatible; Linux x86_64; Mail.RU_Bot/Img/2.0; +http://go.mail.ru/help/robots)"
66.249.73.82 - - [30/Oct/2018:08:33:52 +0300] "GET /robots.txt HTTP/1.1" 403 1044 "-" "Mozilla/5.0 (compatible; Googlebot/2.1; +http://www.google.com/bot.html)"
66.249.73.82 - - [30/Oct/2018:08:33:52 +0300] "GET / HTTP/1.1" 403 1058 "-" "Mozilla/5.0 (Linux; Android 6.0.1; Nexus 5X Build/MMB29P) AppleWebKit/537.36 (KHTML, like Gecko) Chrome/41.0.2272.96 Mobile Safari/537.36 (compatible; Googlebot/2.1; +http://www.google.com/bot.html)"
192.168.88.231 - - [30/Oct/2018:11:21:29 +0300] "GET / HTTP/1.1" 403 1058 "http://sa.technolog.edu.ru/bachelor_menu.html" "Mozilla/5.0 (Windows NT 6.1) AppleWebKit/537.36 (KHTML, like Gecko) Chrome/70.0.3538.77 Safari/537.36"
192.168.88.231 - - [30/Oct/2018:11:21:29 +0300] "GET /favicon.ico HTTP/1.1" 403 1044 "http://fitu.technolog.edu.ru/" "Mozilla/5.0 (Windows NT 6.1) AppleWebKit/537.36 (KHTML, like Gecko) Chrome/70.0.3538.77 Safari/537.36"
66.249.73.82 - - [30/Oct/2018:15:34:22 +0300] "GET /index.php HTTP/1.1" 403 1044 "-" "Mozilla/5.0 (Linux; Android 6.0.1; Nexus 5X Build/MMB29P) AppleWebKit/537.36 (KHTML, like Gecko) Chrome/41.0.2272.96 Mobile Safari/537.36 (compatible; Googlebot/2.1; +http://www.google.com/bot.html)"
141.8.183.14 - - [30/Oct/2018:16:57:42 +0300] "GET /robots.txt HTTP/1.1" 403 1044 "-" "Mozilla/5.0 (compatible; YandexBot/3.0; +http://yandex.com/bots)"
141.8.183.14 - - [30/Oct/2018:16:57:46 +0300] "GET / HTTP/1.1" 403 1058 "-" "Mozilla/5.0 (compatible; YandexBot/3.0; +http://yandex.com/bots)"
141.8.183.14 - - [31/Oct/2018:16:58:32 +0300] "GET /robots.txt HTTP/1.1" 403 1044 "-" "Mozilla/5.0 (compatible; YandexBot/3.0; +http://yandex.com/bots)"
141.8.183.14 - - [31/Oct/2018:16:58:36 +0300] "GET / HTTP/1.1" 403 1058 "-" "Mozilla/5.0 (compatible; YandexBot/3.0; +http://yandex.com/bots)"
37.9.113.108 - - [31/Oct/2018:19:41:30 +0300] "GET /robots.txt HTTP/1.1" 403 1044 "-" "Mozilla/5.0 (compatible; YandexBot/3.0; +http://yandex.com/bots)"
37.9.113.93 - - [31/Oct/2018:19:41:33 +0300] "GET / HTTP/1.1" 403 1058 "-" "Mozilla/5.0 (compatible; YandexBot/3.0; +http://yandex.com/bots)"
157.55.39.31 - - [01/Nov/2018:08:40:25 +0300] "GET /robots.txt HTTP/1.1" 403 1044 "-" "Mozilla/5.0 (compatible; bingbot/2.0; +http://www.bing.com/bingbot.htm)"
40.77.167.127 - - [01/Nov/2018:08:40:44 +0300] "GET / HTTP/1.1" 403 1058 "-" "Mozilla/5.0 (compatible; bingbot/2.0; +http://www.bing.com/bingbot.htm)"
66.249.64.148 - - [01/Nov/2018:15:49:22 +0300] "GET /robots.txt HTTP/1.1" 403 1044 "-" "Mozilla/5.0 (compatible; Googlebot/2.1; +http://www.google.com/bot.html)"
66.249.64.146 - - [01/Nov/2018:15:49:22 +0300] "GET / HTTP/1.1" 403 1058 "-" "Mozilla/5.0 (Linux; Android 6.0.1; Nexus 5X Build/MMB29P) AppleWebKit/537.36 (KHTML, like Gecko) Chrome/41.0.2272.96 Mobile Safari/537.36 (compatible; Googlebot/2.1; +http://www.google.com/bot.html)"
37.9.113.108 - - [01/Nov/2018:16:29:39 +0300] "GET /robots.txt HTTP/1.1" 403 1044 "-" "Mozilla/5.0 (compatible; YandexBot/3.0; +http://yandex.com/bots)"
37.9.113.108 - - [01/Nov/2018:16:29:43 +0300] "GET / HTTP/1.1" 403 1058 "-" "Mozilla/5.0 (compatible; YandexBot/3.0; +http://yandex.com/bots)"
66.249.64.150 - - [02/Nov/2018:03:33:26 +0300] "GET / HTTP/1.1" 403 1058 "-" "Mozilla/5.0 (Linux; Android 6.0.1; Nexus 5X Build/MMB29P) AppleWebKit/537.36 (KHTML, like Gecko) Chrome/41.0.2272.96 Mobile Safari/537.36 (compatible; Googlebot/2.1; +http://www.google.com/bot.html)"
37.9.113.93 - - [02/Nov/2018:17:49:56 +0300] "GET /robots.txt HTTP/1.1" 403 1044 "-" "Mozilla/5.0 (compatible; YandexBot/3.0; +http://yandex.com/bots)"
141.8.183.14 - - [02/Nov/2018:17:50:00 +0300] "GET / HTTP/1.1" 403 1058 "-" "Mozilla/5.0 (compatible; YandexBot/3.0; +http://yandex.com/bots)"
66.249.66.25 - - [03/Nov/2018:08:26:52 +0300] "GET /robots.txt HTTP/1.1" 403 1044 "-" "Mozilla/5.0 (compatible; Googlebot/2.1; +http://www.google.com/bot.html)"
66.249.66.25 - - [03/Nov/2018:08:26:52 +0300] "GET / HTTP/1.1" 403 1058 "-" "Mozilla/5.0 (Linux; Android 6.0.1; Nexus 5X Build/MMB29P) AppleWebKit/537.36 (KHTML, like Gecko) Chrome/41.0.2272.96 Mobile Safari/537.36 (compatible; Googlebot/2.1; +http://www.google.com/bot.html)"
95.108.213.32 - - [03/Nov/2018:16:22:19 +0300] "GET /robots.txt HTTP/1.1" 403 1044 "-" "Mozilla/5.0 (compatible; YandexBot/3.0; +http://yandex.com/bots)"
37.9.113.93 - - [03/Nov/2018:16:22:22 +0300] "GET / HTTP/1.1" 403 1058 "-" "Mozilla/5.0 (compatible; YandexBot/3.0; +http://yandex.com/bots)"
66.249.66.25 - - [03/Nov/2018:19:51:27 +0300] "GET / HTTP/1.1" 403 1058 "-" "Mozilla/5.0 (Linux; Android 6.0.1; Nexus 5X Build/MMB29P) AppleWebKit/537.36 (KHTML, like Gecko) Chrome/41.0.2272.96 Mobile Safari/537.36 (compatible; Googlebot/2.1; +http://www.google.com/bot.html)"
141.8.183.14 - - [04/Nov/2018:09:37:34 +0300] "GET /robots.txt HTTP/1.1" 403 1044 "-" "Mozilla/5.0 (compatible; YandexBot/3.0; +http://yandex.com/bots)"
141.8.183.14 - - [04/Nov/2018:09:37:38 +0300] "GET / HTTP/1.1" 403 1058 "-" "Mozilla/5.0 (compatible; YandexBot/3.0; +http://yandex.com/bots)"
37.9.113.93 - - [04/Nov/2018:19:19:35 +0300] "GET /robots.txt HTTP/1.1" 403 1044 "-" "Mozilla/5.0 (compatible; YandexBot/3.0; +http://yandex.com/bots)"
141.8.183.14 - - [04/Nov/2018:19:19:39 +0300] "GET / HTTP/1.1" 403 1058 "-" "Mozilla/5.0 (compatible; YandexBot/3.0; +http://yandex.com/bots)"
141.8.183.14 - - [05/Nov/2018:17:15:22 +0300] "GET /robots.txt HTTP/1.1" 403 1044 "-" "Mozilla/5.0 (compatible; YandexBot/3.0; +http://yandex.com/bots)"
37.9.113.108 - - [05/Nov/2018:17:15:26 +0300] "GET / HTTP/1.1" 403 1058 "-" "Mozilla/5.0 (compatible; YandexBot/3.0; +http://yandex.com/bots)"
141.8.183.14 - - [06/Nov/2018:18:07:58 +0300] "GET /robots.txt HTTP/1.1" 403 1044 "-" "Mozilla/5.0 (compatible; YandexBot/3.0; +http://yandex.com/bots)"
141.8.183.14 - - [06/Nov/2018:18:08:02 +0300] "GET / HTTP/1.1" 403 1058 "-" "Mozilla/5.0 (compatible; YandexBot/3.0; +http://yandex.com/bots)"
66.249.64.150 - - [07/Nov/2018:18:03:40 +0300] "GET /robots.txt HTTP/1.1" 403 1044 "-" "Mozilla/5.0 (compatible; Googlebot/2.1; +http://www.google.com/bot.html)"
66.249.64.150 - - [07/Nov/2018:18:03:40 +0300] "GET /itiy2.css HTTP/1.1" 403 1044 "http://fitu.technolog.edu.ru/index.php" "Mozilla/5.0 AppleWebKit/537.36 (KHTML, like Gecko; compatible; Googlebot/2.1; +http://www.google.com/bot.html) Safari/537.36"
141.8.183.14 - - [07/Nov/2018:21:58:29 +0300] "GET /robots.txt HTTP/1.1" 403 1044 "-" "Mozilla/5.0 (compatible; YandexBot/3.0; +http://yandex.com/bots)"
141.8.183.14 - - [07/Nov/2018:21:58:33 +0300] "GET / HTTP/1.1" 403 1058 "-" "Mozilla/5.0 (compatible; YandexBot/3.0; +http://yandex.com/bots)"
95.163.255.5 - - [08/Nov/2018:05:19:22 +0300] "GET /robots.txt HTTP/1.0" 403 1044 "-" "Mozilla/5.0 (compatible; Linux x86_64; Mail.RU_Bot/2.0; +http://go.mail.ru/help/robots)"
66.249.69.86 - - [08/Nov/2018:12:06:49 +0300] "GET /robots.txt HTTP/1.1" 403 1044 "-" "Mozilla/5.0 (compatible; Googlebot/2.1; +http://www.google.com/bot.html)"
66.249.69.86 - - [08/Nov/2018:12:06:49 +0300] "GET / HTTP/1.1" 403 1058 "-" "Mozilla/5.0 (Linux; Android 6.0.1; Nexus 5X Build/MMB29P) AppleWebKit/537.36 (KHTML, like Gecko) Chrome/41.0.2272.96 Mobile Safari/537.36 (compatible; Googlebot/2.1; +http://www.google.com/bot.html)"
37.9.113.93 - - [08/Nov/2018:19:08:35 +0300] "GET /robots.txt HTTP/1.1" 403 1044 "-" "Mozilla/5.0 (compatible; YandexBot/3.0; +http://yandex.com/bots)"
141.8.183.14 - - [08/Nov/2018:19:08:39 +0300] "GET / HTTP/1.1" 403 1058 "-" "Mozilla/5.0 (compatible; YandexBot/3.0; +http://yandex.com/bots)"
66.249.66.27 - - [08/Nov/2018:21:45:54 +0300] "GET / HTTP/1.1" 403 1058 "-" "Mozilla/5.0 (Linux; Android 6.0.1; Nexus 5X Build/MMB29P) AppleWebKit/537.36 (KHTML, like Gecko) Chrome/41.0.2272.96 Mobile Safari/537.36 (compatible; Googlebot/2.1; +http://www.google.com/bot.html)"
66.249.64.148 - - [09/Nov/2018:06:29:31 +0300] "GET /robots.txt HTTP/1.1" 403 1044 "-" "Mozilla/5.0 (compatible; Googlebot/2.1; +http://www.google.com/bot.html)"
66.249.64.150 - - [09/Nov/2018:06:29:31 +0300] "GET / HTTP/1.1" 403 1058 "-" "Mozilla/5.0 (Linux; Android 6.0.1; Nexus 5X Build/MMB29P) AppleWebKit/537.36 (KHTML, like Gecko) Chrome/41.0.2272.96 Mobile Safari/537.36 (compatible; Googlebot/2.1; +http://www.google.com/bot.html)"
66.249.64.148 - - [09/Nov/2018:06:29:32 +0300] "GET / HTTP/1.1" 403 1058 "-" "Mozilla/5.0 (Linux; Android 6.0.1; Nexus 5X Build/MMB29P) AppleWebKit/537.36 (KHTML, like Gecko) Chrome/41.0.2272.96 Mobile Safari/537.36 (compatible; Googlebot/2.1; +http://www.google.com/bot.html)"
66.249.64.150 - - [09/Nov/2018:06:37:40 +0300] "GET / HTTP/1.1" 403 1058 "-" "Mozilla/5.0 (Linux; Android 6.0.1; Nexus 5X Build/MMB29P) AppleWebKit/537.36 (KHTML, like Gecko) Chrome/41.0.2272.96 Mobile Safari/537.36 (compatible; Googlebot/2.1; +http://www.google.com/bot.html)"
141.8.183.14 - - [09/Nov/2018:18:47:52 +0300] "GET /robots.txt HTTP/1.1" 403 1044 "-" "Mozilla/5.0 (compatible; YandexBot/3.0; +http://yandex.com/bots)"
37.9.113.93 - - [09/Nov/2018:18:47:56 +0300] "GET / HTTP/1.1" 403 1058 "-" "Mozilla/5.0 (compatible; YandexBot/3.0; +http://yandex.com/bots)"
66.249.64.148 - - [10/Nov/2018:00:20:36 +0300] "GET /robots.txt HTTP/1.1" 403 1044 "-" "Mozilla/5.0 (compatible; Googlebot/2.1; +http://www.google.com/bot.html)"
66.249.64.148 - - [10/Nov/2018:00:20:36 +0300] "GET / HTTP/1.1" 403 1058 "-" "Mozilla/5.0 (Linux; Android 6.0.1; Nexus 5X Build/MMB29P) AppleWebKit/537.36 (KHTML, like Gecko) Chrome/41.0.2272.96 Mobile Safari/537.36 (compatible; Googlebot/2.1; +http://www.google.com/bot.html)"
141.8.183.14 - - [10/Nov/2018:03:21:02 +0300] "GET /robots.txt HTTP/1.1" 403 1044 "-" "Mozilla/5.0 (compatible; YandexBot/3.0; +http://yandex.com/bots)"
141.8.183.14 - - [10/Nov/2018:03:21:06 +0300] "GET / HTTP/1.1" 403 1058 "-" "Mozilla/5.0 (compatible; YandexBot/3.0; +http://yandex.com/bots)"
66.249.64.146 - - [10/Nov/2018:17:47:48 +0300] "GET /robots.txt HTTP/1.1" 403 1044 "-" "Mozilla/5.0 (compatible; Googlebot/2.1; +http://www.google.com/bot.html)"
66.249.64.148 - - [10/Nov/2018:17:47:48 +0300] "GET / HTTP/1.1" 403 1058 "-" "Mozilla/5.0 (compatible; Googlebot/2.1; +http://www.google.com/bot.html)"
66.249.65.180 - - [11/Nov/2018:03:40:15 +0300] "GET / HTTP/1.1" 403 1058 "-" "Mozilla/5.0 (Linux; Android 6.0.1; Nexus 5X Build/MMB29P) AppleWebKit/537.36 (KHTML, like Gecko) Chrome/41.0.2272.96 Mobile Safari/537.36 (compatible; Googlebot/2.1; +http://www.google.com/bot.html)"
37.9.113.93 - - [11/Nov/2018:07:36:04 +0300] "GET /robots.txt HTTP/1.1" 403 1044 "-" "Mozilla/5.0 (compatible; YandexBot/3.0; +http://yandex.com/bots)"
37.9.113.108 - - [11/Nov/2018:07:36:08 +0300] "GET / HTTP/1.1" 403 1058 "-" "Mozilla/5.0 (compatible; YandexBot/3.0; +http://yandex.com/bots)"
95.163.255.16 - - [11/Nov/2018:11:05:46 +0300] "GET /robots.txt HTTP/1.0" 403 1044 "-" "Mozilla/5.0 (compatible; Linux x86_64; Mail.RU_Bot/2.0; +http://go.mail.ru/help/robots)"
95.163.255.14 - - [11/Nov/2018:11:05:52 +0300] "GET /files/senkevich/1%D1%84/2016-17/1__.pdf HTTP/1.1" 403 1044 "-" "Mozilla/5.0 (compatible; Linux x86_64; Mail.RU_Bot/2.0; +http://go.mail.ru/help/robots)"
66.249.65.180 - - [11/Nov/2018:12:54:36 +0300] "GET /robots.txt HTTP/1.1" 403 1044 "-" "Mozilla/5.0 (compatible; Googlebot/2.1; +http://www.google.com/bot.html)"
66.249.65.182 - - [11/Nov/2018:12:54:36 +0300] "GET / HTTP/1.1" 403 1058 "-" "Mozilla/5.0 (Linux; Android 6.0.1; Nexus 5X Build/MMB29P) AppleWebKit/537.36 (KHTML, like Gecko) Chrome/41.0.2272.96 Mobile Safari/537.36 (compatible; Googlebot/2.1; +http://www.google.com/bot.html)"
141.8.183.14 - - [11/Nov/2018:18:21:22 +0300] "GET /robots.txt HTTP/1.1" 403 1044 "-" "Mozilla/5.0 (compatible; YandexBot/3.0; +http://yandex.com/bots)"
37.9.113.93 - - [11/Nov/2018:18:21:26 +0300] "GET / HTTP/1.1" 403 1058 "-" "Mozilla/5.0 (compatible; YandexBot/3.0; +http://yandex.com/bots)"
95.163.255.18 - - [12/Nov/2018:22:11:26 +0300] "GET /robots.txt HTTP/1.0" 403 1044 "-" "Mozilla/5.0 (compatible; Linux x86_64; Mail.RU_Bot/2.0; +http://go.mail.ru/help/robots)"
95.163.255.16 - - [12/Nov/2018:22:11:33 +0300] "GET /abitur.html HTTP/1.1" 403 1044 "-" "Mozilla/5.0 (compatible; Linux x86_64; Mail.RU_Bot/2.0; +http://go.mail.ru/help/robots)"
37.9.113.93 - - [12/Nov/2018:22:15:03 +0300] "GET /robots.txt HTTP/1.1" 403 1044 "-" "Mozilla/5.0 (compatible; YandexBot/3.0; +http://yandex.com/bots)"
141.8.183.14 - - [12/Nov/2018:22:15:07 +0300] "GET / HTTP/1.1" 403 1058 "-" "Mozilla/5.0 (compatible; YandexBot/3.0; +http://yandex.com/bots)"
95.163.255.4 - - [13/Nov/2018:00:33:50 +0300] "GET /robots.txt HTTP/1.0" 403 1044 "-" "Mozilla/5.0 (compatible; Linux x86_64; Mail.RU_Bot/2.0; +http://go.mail.ru/help/robots)"
66.249.66.27 - - [13/Nov/2018:10:04:57 +0300] "GET /robots.txt HTTP/1.1" 403 1044 "-" "Mozilla/5.0 (compatible; Googlebot/2.1; +http://www.google.com/bot.html)"
66.249.66.26 - - [13/Nov/2018:10:04:59 +0300] "GET / HTTP/1.1" 403 1058 "-" "Mozilla/5.0 (Linux; Android 6.0.1; Nexus 5X Build/MMB29P) AppleWebKit/537.36 (KHTML, like Gecko) Chrome/41.0.2272.96 Mobile Safari/537.36 (compatible; Googlebot/2.1; +http://www.google.com/bot.html)"
141.8.183.14 - - [13/Nov/2018:12:02:59 +0300] "GET /robots.txt HTTP/1.1" 403 1044 "-" "Mozilla/5.0 (compatible; YandexBot/3.0; +http://yandex.com/bots)"
141.8.183.14 - - [13/Nov/2018:12:03:03 +0300] "GET / HTTP/1.1" 403 1058 "-" "Mozilla/5.0 (compatible; YandexBot/3.0; +http://yandex.com/bots)"
54.165.59.7 - - [13/Nov/2018:16:59:13 +0300] "GET /robots.txt HTTP/1.0" 403 1044 "-" "ia_archiver"
37.9.113.108 - - [13/Nov/2018:17:24:17 +0300] "GET /robots.txt HTTP/1.1" 403 1044 "-" "Mozilla/5.0 (compatible; YandexBot/3.0; +http://yandex.com/bots)"
37.9.113.93 - - [13/Nov/2018:17:24:21 +0300] "GET / HTTP/1.1" 403 1058 "-" "Mozilla/5.0 (compatible; YandexBot/3.0; +http://yandex.com/bots)"
178.154.171.67 - - [14/Nov/2018:17:53:10 +0300] "GET /robots.txt HTTP/1.1" 403 1044 "-" "Mozilla/5.0 (compatible; YandexBot/3.0; +http://yandex.com/bots)"
5.45.207.66 - - [14/Nov/2018:17:53:14 +0300] "GET / HTTP/1.1" 403 1058 "-" "Mozilla/5.0 (compatible; YandexBot/3.0; +http://yandex.com/bots)"
66.249.66.27 - - [14/Nov/2018:22:42:14 +0300] "GET /robots.txt HTTP/1.1" 403 1044 "-" "Mozilla/5.0 (compatible; Googlebot/2.1; +http://www.google.com/bot.html)"
66.249.66.26 - - [14/Nov/2018:22:42:14 +0300] "GET / HTTP/1.1" 403 1058 "-" "Mozilla/5.0 (Linux; Android 6.0.1; Nexus 5X Build/MMB29P) AppleWebKit/537.36 (KHTML, like Gecko) Chrome/41.0.2272.96 Mobile Safari/537.36 (compatible; Googlebot/2.1; +http://www.google.com/bot.html)"
54.165.59.7 - - [15/Nov/2018:05:08:56 +0300] "GET /robots.txt HTTP/1.0" 403 1044 "-" "ia_archiver"
95.163.255.18 - - [15/Nov/2018:14:58:07 +0300] "GET /robots.txt HTTP/1.0" 403 1044 "-" "Mozilla/5.0 (compatible; Linux x86_64; Mail.RU_Bot/2.0; +http://go.mail.ru/help/robots)"
95.163.255.19 - - [15/Nov/2018:14:58:09 +0300] "GET /index.php?Itemid=157&id=52:technolozhka&option=com_phocagallery&view=category HTTP/1.1" 403 1044 "-" "Mozilla/5.0 (compatible; Linux x86_64; Mail.RU_Bot/2.0; +http://go.mail.ru/help/robots)"
141.8.183.14 - - [15/Nov/2018:16:20:07 +0300] "GET /robots.txt HTTP/1.1" 403 1044 "-" "Mozilla/5.0 (compatible; YandexBot/3.0; +http://yandex.com/bots)"
37.9.113.93 - - [15/Nov/2018:16:20:26 +0300] "GET /index.php HTTP/1.1" 403 1044 "-" "Mozilla/5.0 (compatible; YandexBot/3.0; +http://yandex.com/bots)"
66.102.9.146 - - [15/Nov/2018:17:54:32 +0300] "GET / HTTP/1.1" 403 1058 "-" "Mozilla/5.0 (X11; Linux x86_64) AppleWebKit/537.36 (KHTML, like Gecko) Chrome/49.0.2623.75 Safari/537.36 Google Favicon"
141.8.183.14 - - [15/Nov/2018:18:46:16 +0300] "GET /robots.txt HTTP/1.1" 403 1044 "-" "Mozilla/5.0 (compatible; YandexBot/3.0; +http://yandex.com/bots)"
141.8.183.14 - - [15/Nov/2018:18:46:20 +0300] "GET / HTTP/1.1" 403 1058 "-" "Mozilla/5.0 (compatible; YandexBot/3.0; +http://yandex.com/bots)"
66.249.66.21 - - [15/Nov/2018:20:25:12 +0300] "GET /robots.txt HTTP/1.1" 403 1044 "-" "Mozilla/5.0 (compatible; Googlebot/2.1; +http://www.google.com/bot.html)"
66.249.66.22 - - [15/Nov/2018:20:25:13 +0300] "GET / HTTP/1.1" 403 1058 "-" "Mozilla/5.0 (Linux; Android 6.0.1; Nexus 5X Build/MMB29P) AppleWebKit/537.36 (KHTML, like Gecko) Chrome/41.0.2272.96 Mobile Safari/537.36 (compatible; Googlebot/2.1; +http://www.google.com/bot.html)"
66.249.66.25 - - [16/Nov/2018:09:34:35 +0300] "GET /robots.txt HTTP/1.1" 403 1044 "-" "Mozilla/5.0 (compatible; Googlebot/2.1; +http://www.google.com/bot.html)"
66.249.66.26 - - [16/Nov/2018:09:34:35 +0300] "GET / HTTP/1.1" 403 1058 "-" "Mozilla/5.0 (compatible; Googlebot/2.1; +http://www.google.com/bot.html)"
66.249.66.26 - - [16/Nov/2018:13:34:34 +0300] "GET / HTTP/1.1" 403 1058 "-" "Mozilla/5.0 (Linux; Android 6.0.1; Nexus 5X Build/MMB29P) AppleWebKit/537.36 (KHTML, like Gecko) Chrome/41.0.2272.96 Mobile Safari/537.36 (compatible; Googlebot/2.1; +http://www.google.com/bot.html)"
141.8.183.14 - - [16/Nov/2018:17:19:28 +0300] "GET /robots.txt HTTP/1.1" 403 1044 "-" "Mozilla/5.0 (compatible; YandexBot/3.0; +http://yandex.com/bots)"
141.8.183.14 - - [16/Nov/2018:17:19:32 +0300] "GET / HTTP/1.1" 403 1058 "-" "Mozilla/5.0 (compatible; YandexBot/3.0; +http://yandex.com/bots)"
54.165.59.7 - - [17/Nov/2018:03:37:54 +0300] "GET /robots.txt HTTP/1.0" 403 1044 "-" "ia_archiver"
66.249.65.194 - - [17/Nov/2018:04:41:57 +0300] "GET /robots.txt HTTP/1.1" 403 1044 "-" "Mozilla/5.0 (compatible; Googlebot/2.1; +http://www.google.com/bot.html)"
66.249.65.194 - - [17/Nov/2018:04:41:57 +0300] "GET / HTTP/1.1" 403 1058 "-" "Mozilla/5.0 (Linux; Android 6.0.1; Nexus 5X Build/MMB29P) AppleWebKit/537.36 (KHTML, like Gecko) Chrome/41.0.2272.96 Mobile Safari/537.36 (compatible; Googlebot/2.1; +http://www.google.com/bot.html)"
95.163.255.14 - - [17/Nov/2018:13:52:53 +0300] "GET /robots.txt HTTP/1.0" 403 1044 "-" "Mozilla/5.0 (compatible; Linux x86_64; Mail.RU_Bot/2.0; +http://go.mail.ru/help/robots)"
141.8.183.14 - - [17/Nov/2018:17:43:15 +0300] "GET /robots.txt HTTP/1.1" 403 1044 "-" "Mozilla/5.0 (compatible; YandexBot/3.0; +http://yandex.com/bots)"
141.8.183.14 - - [17/Nov/2018:17:43:19 +0300] "GET / HTTP/1.1" 403 1058 "-" "Mozilla/5.0 (compatible; YandexBot/3.0; +http://yandex.com/bots)"
141.8.183.14 - - [17/Nov/2018:22:02:18 +0300] "GET /robots.txt HTTP/1.1" 403 1044 "-" "Mozilla/5.0 (compatible; YandexBot/3.0; +http://yandex.com/bots)"
141.8.183.14 - - [17/Nov/2018:22:02:22 +0300] "GET /favicon.ico HTTP/1.1" 403 1044 "-" "Mozilla/5.0 (compatible; YandexBot/3.0; +http://yandex.com/bots)"
141.8.183.14 - - [18/Nov/2018:10:31:04 +0300] "GET /robots.txt HTTP/1.1" 403 1044 "-" "Mozilla/5.0 (compatible; YandexBot/3.0; +http://yandex.com/bots)"
141.8.183.14 - - [18/Nov/2018:10:31:09 +0300] "GET /favicon.ico HTTP/1.1" 403 1044 "-" "Mozilla/5.0 (compatible; YandexBot/3.0; +http://yandex.com/bots)"
37.9.113.93 - - [18/Nov/2018:21:39:52 +0300] "GET /robots.txt HTTP/1.1" 403 1044 "-" "Mozilla/5.0 (compatible; YandexBot/3.0; +http://yandex.com/bots)"
141.8.183.14 - - [18/Nov/2018:21:39:56 +0300] "GET / HTTP/1.1" 403 1058 "-" "Mozilla/5.0 (compatible; YandexBot/3.0; +http://yandex.com/bots)"
66.249.69.82 - - [19/Nov/2018:07:40:35 +0300] "GET /robots.txt HTTP/1.1" 403 1044 "-" "Mozilla/5.0 (compatible; Googlebot/2.1; +http://www.google.com/bot.html)"
66.249.69.86 - - [19/Nov/2018:07:40:35 +0300] "GET / HTTP/1.1" 403 1058 "-" "Mozilla/5.0 (Linux; Android 6.0.1; Nexus 5X Build/MMB29P) AppleWebKit/537.36 (KHTML, like Gecko) Chrome/41.0.2272.96 Mobile Safari/537.36 (compatible; Googlebot/2.1; +http://www.google.com/bot.html)"
54.165.59.7 - - [19/Nov/2018:12:59:23 +0300] "GET /robots.txt HTTP/1.0" 403 1044 "-" "ia_archiver"
66.249.66.27 - - [19/Nov/2018:16:41:30 +0300] "GET / HTTP/1.1" 403 1058 "-" "Mozilla/5.0 (Linux; Android 6.0.1; Nexus 5X Build/MMB29P) AppleWebKit/537.36 (KHTML, like Gecko) Chrome/41.0.2272.96 Mobile Safari/537.36 (compatible; Googlebot/2.1; +http://www.google.com/bot.html)"
66.249.66.26 - - [20/Nov/2018:05:14:41 +0300] "GET /robots.txt HTTP/1.1" 403 1044 "-" "Mozilla/5.0 (compatible; Googlebot/2.1; +http://www.google.com/bot.html)"
66.249.66.26 - - [20/Nov/2018:05:14:42 +0300] "GET / HTTP/1.1" 403 1058 "-" "Mozilla/5.0 (Linux; Android 6.0.1; Nexus 5X Build/MMB29P) AppleWebKit/537.36 (KHTML, like Gecko) Chrome/41.0.2272.96 Mobile Safari/537.36 (compatible; Googlebot/2.1; +http://www.google.com/bot.html)"
141.8.183.14 - - [20/Nov/2018:16:04:06 +0300] "GET /robots.txt HTTP/1.1" 403 1044 "-" "Mozilla/5.0 (compatible; YandexBot/3.0; +http://yandex.com/bots)"
141.8.183.14 - - [20/Nov/2018:16:04:10 +0300] "GET / HTTP/1.1" 403 1058 "-" "Mozilla/5.0 (compatible; YandexBot/3.0; +http://yandex.com/bots)"
141.8.183.14 - - [20/Nov/2018:17:26:12 +0300] "GET /robots.txt HTTP/1.1" 403 1044 "-" "Mozilla/5.0 (compatible; YandexBot/3.0; +http://yandex.com/bots)"
37.9.113.93 - - [20/Nov/2018:17:26:16 +0300] "GET / HTTP/1.1" 403 1058 "-" "Mozilla/5.0 (compatible; YandexBot/3.0; +http://yandex.com/bots)"
37.9.113.108 - - [21/Nov/2018:20:20:35 +0300] "GET /robots.txt HTTP/1.1" 403 1044 "-" "Mozilla/5.0 (compatible; YandexBot/3.0; +http://yandex.com/bots)"
141.8.183.14 - - [21/Nov/2018:20:20:39 +0300] "GET / HTTP/1.1" 403 1058 "-" "Mozilla/5.0 (compatible; YandexBot/3.0; +http://yandex.com/bots)"
95.163.255.8 - - [21/Nov/2018:20:32:15 +0300] "GET /robots.txt HTTP/1.0" 403 1044 "-" "Mozilla/5.0 (compatible; Linux x86_64; Mail.RU_Bot/2.0; +http://go.mail.ru/help/robots)"
66.249.64.198 - - [21/Nov/2018:23:53:19 +0300] "GET /robots.txt HTTP/1.1" 403 1044 "-" "Mozilla/5.0 (compatible; Googlebot/2.1; +http://www.google.com/bot.html)"
66.249.64.198 - - [21/Nov/2018:23:53:19 +0300] "GET / HTTP/1.1" 403 1058 "-" "Mozilla/5.0 (compatible; Googlebot/2.1; +http://www.google.com/bot.html)"
95.163.255.174 - - [22/Nov/2018:07:12:26 +0300] "GET /robots.txt HTTP/1.0" 403 1044 "-" "Mozilla/5.0 (compatible; Linux x86_64; Mail.RU_Bot/2.0; +http://go.mail.ru/help/robots)"
95.163.255.170 - - [22/Nov/2018:07:12:27 +0300] "GET /files/senkevich/1%D1%84/2016-17/1__.pdf HTTP/1.1" 403 1044 "-" "Mozilla/5.0 (compatible; Linux x86_64; Mail.RU_Bot/2.0; +http://go.mail.ru/help/robots)"
66.249.64.212 - - [22/Nov/2018:09:12:16 +0300] "GET / HTTP/1.1" 403 1058 "-" "Mozilla/5.0 (Linux; Android 6.0.1; Nexus 5X Build/MMB29P) AppleWebKit/537.36 (KHTML, like Gecko) Chrome/41.0.2272.96 Mobile Safari/537.36 (compatible; Googlebot/2.1; +http://www.google.com/bot.html)"
66.249.64.214 - - [22/Nov/2018:18:06:28 +0300] "GET /robots.txt HTTP/1.1" 403 1044 "-" "Mozilla/5.0 (compatible; Googlebot/2.1; +http://www.google.com/bot.html)"
37.9.113.93 - - [22/Nov/2018:18:50:29 +0300] "GET /robots.txt HTTP/1.1" 403 1044 "-" "Mozilla/5.0 (compatible; YandexBot/3.0; +http://yandex.com/bots)"
141.8.183.14 - - [22/Nov/2018:18:50:33 +0300] "GET / HTTP/1.1" 403 1058 "-" "Mozilla/5.0 (compatible; YandexBot/3.0; +http://yandex.com/bots)"
157.55.39.31 - - [23/Nov/2018:05:11:46 +0300] "GET /robots.txt HTTP/1.1" 403 1044 "-" "Mozilla/5.0 (compatible; bingbot/2.0; +http://www.bing.com/bingbot.htm)"
207.46.13.42 - - [23/Nov/2018:05:11:49 +0300] "GET / HTTP/1.1" 403 1058 "-" "Mozilla/5.0 (compatible; bingbot/2.0; +http://www.bing.com/bingbot.htm)"
141.8.183.14 - - [23/Nov/2018:18:35:45 +0300] "GET /robots.txt HTTP/1.1" 403 1044 "-" "Mozilla/5.0 (compatible; YandexBot/3.0; +http://yandex.com/bots)"
141.8.183.14 - - [23/Nov/2018:18:35:49 +0300] "GET / HTTP/1.1" 403 1058 "-" "Mozilla/5.0 (compatible; YandexBot/3.0; +http://yandex.com/bots)"
141.8.183.14 - - [23/Nov/2018:19:26:09 +0300] "GET /robots.txt HTTP/1.1" 403 1044 "-" "Mozilla/5.0 (compatible; YandexBot/3.0; +http://yandex.com/bots)"
141.8.183.14 - - [23/Nov/2018:19:26:13 +0300] "GET / HTTP/1.1" 403 1058 "-" "Mozilla/5.0 (compatible; YandexBot/3.0; +http://yandex.com/bots)"
95.108.213.32 - - [23/Nov/2018:20:09:10 +0300] "GET / HTTP/1.1" 403 1058 "-" "Mozilla/5.0 (compatible; YandexBot/3.0; +http://yandex.com/bots)"
37.9.113.93 - - [24/Nov/2018:18:06:48 +0300] "GET /robots.txt HTTP/1.1" 403 1044 "-" "Mozilla/5.0 (compatible; YandexBot/3.0; +http://yandex.com/bots)"
141.8.183.14 - - [24/Nov/2018:18:06:52 +0300] "GET / HTTP/1.1" 403 1058 "-" "Mozilla/5.0 (compatible; YandexBot/3.0; +http://yandex.com/bots)"
95.163.255.192 - - [25/Nov/2018:01:12:27 +0300] "GET /robots.txt HTTP/1.0" 403 1044 "-" "Mozilla/5.0 (compatible; Linux x86_64; Mail.RU_Bot/2.0; +http://go.mail.ru/help/robots)"
95.163.255.157 - - [25/Nov/2018:01:12:28 +0300] "GET /dekanat.php HTTP/1.1" 403 1044 "-" "Mozilla/5.0 (compatible; Linux x86_64; Mail.RU_Bot/2.0; +http://go.mail.ru/help/robots)"
217.69.143.217 - - [25/Nov/2018:03:01:13 +0300] "GET / HTTP/1.1" 403 1058 "-" "Mozilla/5.0 (X11; Linux x86_64; rv:18.0) Gecko/20100101 Firefox/18.0"
217.69.143.217 - - [25/Nov/2018:03:01:13 +0300] "GET /favicon.ico HTTP/1.1" 403 1044 "-" "Mozilla/5.0 (X11; Linux x86_64; rv:18.0) Gecko/20100101 Firefox/18.0"
217.69.143.217 - - [25/Nov/2018:03:01:13 +0300] "GET /favicon.png HTTP/1.1" 403 1044 "-" "Mozilla/5.0 (X11; Linux x86_64; rv:18.0) Gecko/20100101 Firefox/18.0"
141.8.183.14 - - [25/Nov/2018:08:24:10 +0300] "GET /robots.txt HTTP/1.1" 403 1044 "-" "Mozilla/5.0 (compatible; YandexBot/3.0; +http://yandex.com/bots)"
141.8.183.14 - - [25/Nov/2018:08:24:14 +0300] "GET / HTTP/1.1" 403 1058 "-" "Mozilla/5.0 (compatible; YandexBot/3.0; +http://yandex.com/bots)"
95.163.255.169 - - [25/Nov/2018:09:08:09 +0300] "GET /robots.txt HTTP/1.0" 403 1044 "-" "Mozilla/5.0 (compatible; Linux x86_64; Mail.RU_Bot/2.0; +http://go.mail.ru/help/robots)"
95.163.255.192 - - [25/Nov/2018:09:08:10 +0300] "GET /new0.php HTTP/1.1" 403 1044 "-" "Mozilla/5.0 (compatible; Linux x86_64; Mail.RU_Bot/2.0; +http://go.mail.ru/help/robots)"
95.163.255.174 - - [25/Nov/2018:10:25:46 +0300] "GET /robots.txt HTTP/1.0" 403 1044 "-" "Mozilla/5.0 (compatible; Linux x86_64; Mail.RU_Bot/2.0; +http://go.mail.ru/help/robots)"
95.163.255.182 - - [25/Nov/2018:10:25:52 +0300] "GET / HTTP/1.1" 403 1058 "-" "Mozilla/5.0 (compatible; Linux x86_64; Mail.RU_Bot/2.0; +http://go.mail.ru/help/robots)"
95.163.255.166 - - [25/Nov/2018:18:11:14 +0300] "GET /robots.txt HTTP/1.0" 403 1044 "-" "Mozilla/5.0 (compatible; Linux x86_64; Mail.RU_Bot/2.0; +http://go.mail.ru/help/robots)"
95.163.255.154 - - [25/Nov/2018:18:11:17 +0300] "GET /index.php?Itemid=157&id=52:technolozhka&option=com_phocagallery&view=category HTTP/1.1" 403 1044 "-" "Mozilla/5.0 (compatible; Linux x86_64; Mail.RU_Bot/2.0; +http://go.mail.ru/help/robots)"
141.8.183.14 - - [25/Nov/2018:21:58:09 +0300] "GET /robots.txt HTTP/1.1" 403 1044 "-" "Mozilla/5.0 (compatible; YandexBot/3.0; +http://yandex.com/bots)"
141.8.183.14 - - [25/Nov/2018:21:58:13 +0300] "GET / HTTP/1.1" 403 1058 "-" "Mozilla/5.0 (compatible; YandexBot/3.0; +http://yandex.com/bots)"
95.163.255.190 - - [26/Nov/2018:08:50:53 +0300] "GET /robots.txt HTTP/1.0" 403 1044 "-" "Mozilla/5.0 (compatible; Linux x86_64; Mail.RU_Bot/2.0; +http://go.mail.ru/help/robots)"
95.163.255.157 - - [26/Nov/2018:08:50:55 +0300] "GET /index.php?Itemid=157&id=52:technolozhka&option=com_phocagallery&view=category HTTP/1.1" 403 1044 "-" "Mozilla/5.0 (compatible; Linux x86_64; Mail.RU_Bot/2.0; +http://go.mail.ru/help/robots)"
37.9.113.93 - - [26/Nov/2018:20:50:45 +0300] "GET /robots.txt HTTP/1.1" 403 1044 "-" "Mozilla/5.0 (compatible; YandexBot/3.0; +http://yandex.com/bots)"
37.9.113.93 - - [26/Nov/2018:20:50:49 +0300] "GET / HTTP/1.1" 403 1058 "-" "Mozilla/5.0 (compatible; YandexBot/3.0; +http://yandex.com/bots)"
95.163.255.154 - - [27/Nov/2018:00:16:11 +0300] "GET /robots.txt HTTP/1.0" 403 1044 "-" "Mozilla/5.0 (compatible; Linux x86_64; Mail.RU_Bot/2.0; +http://go.mail.ru/help/robots)"
95.163.255.183 - - [27/Nov/2018:00:16:12 +0300] "GET / HTTP/1.1" 403 1058 "-" "Mozilla/5.0 (compatible; Linux x86_64; Mail.RU_Bot/2.0; +http://go.mail.ru/help/robots)"
66.249.64.150 - - [27/Nov/2018:09:54:34 +0300] "GET /robots.txt HTTP/1.1" 403 1044 "-" "Mozilla/5.0 (compatible; Googlebot/2.1; +http://www.google.com/bot.html)"
66.249.64.150 - - [27/Nov/2018:09:54:34 +0300] "GET / HTTP/1.1" 403 1058 "-" "Mozilla/5.0 (Linux; Android 6.0.1; Nexus 5X Build/MMB29P) AppleWebKit/537.36 (KHTML, like Gecko) Chrome/41.0.2272.96 Mobile Safari/537.36 (compatible; Googlebot/2.1; +http://www.google.com/bot.html)"
66.249.64.148 - - [27/Nov/2018:14:04:41 +0300] "GET / HTTP/1.1" 403 1058 "-" "Mozilla/5.0 (compatible; Googlebot/2.1; +http://www.google.com/bot.html)"
141.8.183.14 - - [27/Nov/2018:17:45:22 +0300] "GET /robots.txt HTTP/1.1" 403 1044 "-" "Mozilla/5.0 (compatible; YandexBot/3.0; +http://yandex.com/bots)"
141.8.183.14 - - [27/Nov/2018:17:45:26 +0300] "GET / HTTP/1.1" 403 1058 "-" "Mozilla/5.0 (compatible; YandexBot/3.0; +http://yandex.com/bots)"
66.249.64.150 - - [27/Nov/2018:20:10:23 +0300] "GET / HTTP/1.1" 403 1058 "-" "Mozilla/5.0 (Linux; Android 6.0.1; Nexus 5X Build/MMB29P) AppleWebKit/537.36 (KHTML, like Gecko) Chrome/41.0.2272.96 Mobile Safari/537.36 (compatible; Googlebot/2.1; +http://www.google.com/bot.html)"
66.249.64.146 - - [27/Nov/2018:23:36:02 +0300] "GET /robots.txt HTTP/1.1" 403 1044 "-" "Mozilla/5.0 (compatible; Googlebot/2.1; +http://www.google.com/bot.html)"
66.249.64.146 - - [28/Nov/2018:05:35:33 +0300] "GET / HTTP/1.1" 403 1058 "-" "Mozilla/5.0 (Linux; Android 6.0.1; Nexus 5X Build/MMB29P) AppleWebKit/537.36 (KHTML, like Gecko) Chrome/41.0.2272.96 Mobile Safari/537.36 (compatible; Googlebot/2.1; +http://www.google.com/bot.html)"
66.249.65.114 - - [28/Nov/2018:18:52:01 +0300] "GET /robots.txt HTTP/1.1" 403 1044 "-" "Mozilla/5.0 (compatible; Googlebot/2.1; +http://www.google.com/bot.html)"
66.249.65.114 - - [28/Nov/2018:18:52:01 +0300] "GET / HTTP/1.1" 403 1058 "-" "Mozilla/5.0 (Linux; Android 6.0.1; Nexus 5X Build/MMB29P) AppleWebKit/537.36 (KHTML, like Gecko) Chrome/41.0.2272.96 Mobile Safari/537.36 (compatible; Googlebot/2.1; +http://www.google.com/bot.html)"
66.249.65.223 - - [29/Nov/2018:06:06:06 +0300] "GET / HTTP/1.1" 403 1058 "-" "Mozilla/5.0 (Linux; Android 6.0.1; Nexus 5X Build/MMB29P) AppleWebKit/537.36 (KHTML, like Gecko) Chrome/41.0.2272.96 Mobile Safari/537.36 (compatible; Googlebot/2.1; +http://www.google.com/bot.html)"
66.249.65.223 - - [29/Nov/2018:15:28:34 +0300] "GET /robots.txt HTTP/1.1" 403 1044 "-" "Mozilla/5.0 (compatible; Googlebot/2.1; +http://www.google.com/bot.html)"
66.249.65.223 - - [29/Nov/2018:15:28:34 +0300] "GET / HTTP/1.1" 403 1058 "-" "Mozilla/5.0 (Linux; Android 6.0.1; Nexus 5X Build/MMB29P) AppleWebKit/537.36 (KHTML, like Gecko) Chrome/41.0.2272.96 Mobile Safari/537.36 (compatible; Googlebot/2.1; +http://www.google.com/bot.html)"
141.8.183.14 - - [29/Nov/2018:16:38:02 +0300] "GET /robots.txt HTTP/1.1" 403 1044 "-" "Mozilla/5.0 (compatible; YandexBot/3.0; +http://yandex.com/bots)"
37.9.113.108 - - [29/Nov/2018:16:38:06 +0300] "GET / HTTP/1.1" 403 1058 "-" "Mozilla/5.0 (compatible; YandexBot/3.0; +http://yandex.com/bots)"
66.249.64.146 - - [30/Nov/2018:00:09:57 +0300] "GET / HTTP/1.1" 403 1058 "-" "Mozilla/5.0 (Linux; Android 6.0.1; Nexus 5X Build/MMB29P) AppleWebKit/537.36 (KHTML, like Gecko) Chrome/41.0.2272.96 Mobile Safari/537.36 (compatible; Googlebot/2.1; +http://www.google.com/bot.html)"
141.8.183.14 - - [30/Nov/2018:12:46:21 +0300] "GET /robots.txt HTTP/1.1" 403 1044 "-" "Mozilla/5.0 (compatible; YandexBot/3.0; +http://yandex.com/bots)"
141.8.183.14 - - [30/Nov/2018:12:46:25 +0300] "GET / HTTP/1.1" 403 1058 "-" "Mozilla/5.0 (compatible; YandexBot/3.0; +http://yandex.com/bots)"
66.249.64.148 - - [30/Nov/2018:14:29:34 +0300] "GET /robots.txt HTTP/1.1" 403 1044 "-" "Mozilla/5.0 (compatible; Googlebot/2.1; +http://www.google.com/bot.html)"
66.249.64.150 - - [30/Nov/2018:14:29:34 +0300] "GET / HTTP/1.1" 403 1058 "-" "Mozilla/5.0 (Linux; Android 6.0.1; Nexus 5X Build/MMB29P) AppleWebKit/537.36 (KHTML, like Gecko) Chrome/41.0.2272.96 Mobile Safari/537.36 (compatible; Googlebot/2.1; +http://www.google.com/bot.html)"
66.249.64.146 - - [01/Dec/2018:03:01:26 +0300] "GET /robots.txt HTTP/1.1" 403 1044 "-" "Mozilla/5.0 (compatible; Googlebot/2.1; +http://www.google.com/bot.html)"
66.249.64.146 - - [01/Dec/2018:03:01:26 +0300] "GET / HTTP/1.1" 403 1058 "-" "Mozilla/5.0 (Linux; Android 6.0.1; Nexus 5X Build/MMB29P) AppleWebKit/537.36 (KHTML, like Gecko) Chrome/41.0.2272.96 Mobile Safari/537.36 (compatible; Googlebot/2.1; +http://www.google.com/bot.html)"
46.229.168.131 - - [01/Dec/2018:05:20:03 +0300] "GET /robots.txt HTTP/1.1" 403 1044 "-" "Mozilla/5.0 (compatible; SemrushBot/2~bl; +http://www.semrush.com/bot.html)"
46.229.168.133 - - [01/Dec/2018:05:20:04 +0300] "GET / HTTP/1.1" 403 1058 "-" "Mozilla/5.0 (compatible; SemrushBot/2~bl; +http://www.semrush.com/bot.html)"
46.229.168.138 - - [01/Dec/2018:05:20:05 +0300] "GET /sitemap.xml HTTP/1.1" 403 1044 "-" "Mozilla/5.0 (compatible; SemrushBot/2~bl; +http://www.semrush.com/bot.html)"
157.55.39.17 - - [02/Dec/2018:14:09:58 +0300] "GET /robots.txt HTTP/1.1" 403 1044 "-" "Mozilla/5.0 (compatible; bingbot/2.0; +http://www.bing.com/bingbot.htm)"
157.55.39.17 - - [02/Dec/2018:14:12:17 +0300] "GET /robots.txt HTTP/1.1" 403 1044 "-" "Mozilla/5.0 (compatible; bingbot/2.0; +http://www.bing.com/bingbot.htm)"
37.9.113.93 - - [02/Dec/2018:16:30:09 +0300] "GET /robots.txt HTTP/1.1" 403 1044 "-" "Mozilla/5.0 (compatible; YandexBot/3.0; +http://yandex.com/bots)"
141.8.183.14 - - [02/Dec/2018:16:30:13 +0300] "GET /favicon.ico HTTP/1.1" 403 1044 "-" "Mozilla/5.0 (compatible; YandexBot/3.0; +http://yandex.com/bots)"
40.77.167.90 - - [02/Dec/2018:19:49:10 +0300] "GET / HTTP/1.1" 403 1058 "-" "Mozilla/5.0 (compatible; bingbot/2.0; +http://www.bing.com/bingbot.htm)"
95.163.255.155 - - [02/Dec/2018:23:58:04 +0300] "GET /robots.txt HTTP/1.0" 403 1044 "-" "Mozilla/5.0 (compatible; Linux x86_64; Mail.RU_Bot/2.0; +http://go.mail.ru/help/robots)"
95.163.255.158 - - [02/Dec/2018:23:58:26 +0300] "GET /facult.html HTTP/1.1" 403 1044 "-" "Mozilla/5.0 (compatible; Linux x86_64; Mail.RU_Bot/2.0; +http://go.mail.ru/help/robots)"
66.249.76.49 - - [03/Dec/2018:04:24:19 +0300] "GET /robots.txt HTTP/1.1" 403 1044 "-" "Mozilla/5.0 (compatible; Googlebot/2.1; +http://www.google.com/bot.html)"
66.249.76.49 - - [03/Dec/2018:04:24:20 +0300] "GET / HTTP/1.1" 403 1058 "-" "Mozilla/5.0 (compatible; Googlebot/2.1; +http://www.google.com/bot.html)"
66.249.76.146 - - [03/Dec/2018:14:17:45 +0300] "GET / HTTP/1.1" 403 1058 "-" "Mozilla/5.0 (Linux; Android 6.0.1; Nexus 5X Build/MMB29P) AppleWebKit/537.36 (KHTML, like Gecko) Chrome/41.0.2272.96 Mobile Safari/537.36 (compatible; Googlebot/2.1; +http://www.google.com/bot.html)"
95.163.255.169 - - [03/Dec/2018:22:38:27 +0300] "GET /robots.txt HTTP/1.0" 403 1044 "-" "Mozilla/5.0 (compatible; Linux x86_64; Mail.RU_Bot/2.0; +http://go.mail.ru/help/robots)"
95.163.255.162 - - [03/Dec/2018:22:38:29 +0300] "GET /files/senkevich/1%D1%84/2016-17/1__.pdf HTTP/1.1" 403 1044 "-" "Mozilla/5.0 (compatible; Linux x86_64; Mail.RU_Bot/2.0; +http://go.mail.ru/help/robots)"
66.249.64.54 - - [03/Dec/2018:23:30:02 +0300] "GET /robots.txt HTTP/1.1" 403 1044 "-" "Mozilla/5.0 (compatible; Googlebot/2.1; +http://www.google.com/bot.html)"
95.163.255.188 - - [04/Dec/2018:13:52:11 +0300] "GET /robots.txt HTTP/1.0" 403 1044 "-" "Mozilla/5.0 (compatible; Linux x86_64; Mail.RU_Bot/2.0; +http://go.mail.ru/help/robots)"
95.163.255.154 - - [04/Dec/2018:13:52:12 +0300] "GET /index.php?Itemid=157&id=52:technolozhka&option=com_phocagallery&view=category HTTP/1.1" 403 1044 "-" "Mozilla/5.0 (compatible; Linux x86_64; Mail.RU_Bot/2.0; +http://go.mail.ru/help/robots)"
95.163.255.185 - - [04/Dec/2018:18:28:10 +0300] "GET /robots.txt HTTP/1.0" 403 1044 "-" "Mozilla/5.0 (compatible; Linux x86_64; Mail.RU_Bot/2.0; +http://go.mail.ru/help/robots)"
95.163.255.153 - - [04/Dec/2018:18:28:11 +0300] "GET /files/senkevich/1%D1%84/2016-17/1__.pdf HTTP/1.1" 403 1044 "-" "Mozilla/5.0 (compatible; Linux x86_64; Mail.RU_Bot/2.0; +http://go.mail.ru/help/robots)"
95.163.255.177 - - [04/Dec/2018:20:18:16 +0300] "GET /robots.txt HTTP/1.0" 403 1044 "-" "Mozilla/5.0 (compatible; Linux x86_64; Mail.RU_Bot/2.0; +http://go.mail.ru/help/robots)"
95.163.255.155 - - [04/Dec/2018:20:18:17 +0300] "GET /facult.html HTTP/1.1" 403 1044 "-" "Mozilla/5.0 (compatible; Linux x86_64; Mail.RU_Bot/2.0; +http://go.mail.ru/help/robots)"
95.163.255.192 - - [07/Dec/2018:05:42:19 +0300] "GET /robots.txt HTTP/1.0" 403 1044 "-" "Mozilla/5.0 (compatible; Linux x86_64; Mail.RU_Bot/2.0; +http://go.mail.ru/help/robots)"
95.163.255.171 - - [07/Dec/2018:05:42:20 +0300] "GET /abitur.html HTTP/1.1" 403 1044 "-" "Mozilla/5.0 (compatible; Linux x86_64; Mail.RU_Bot/2.0; +http://go.mail.ru/help/robots)"
37.9.113.108 - - [07/Dec/2018:12:36:26 +0300] "GET /robots.txt HTTP/1.1" 403 1044 "-" "Mozilla/5.0 (compatible; YandexBot/3.0; +http://yandex.com/bots)"
37.9.113.108 - - [07/Dec/2018:12:36:30 +0300] "GET / HTTP/1.1" 403 1058 "-" "Mozilla/5.0 (compatible; YandexBot/3.0; +http://yandex.com/bots)"
46.229.168.130 - - [08/Dec/2018:02:48:53 +0300] "GET /robots.txt HTTP/1.1" 403 1044 "-" "Mozilla/5.0 (compatible; SemrushBot/2~bl; +http://www.semrush.com/bot.html)"
46.229.168.135 - - [08/Dec/2018:02:48:55 +0300] "GET / HTTP/1.1" 403 1058 "-" "Mozilla/5.0 (compatible; SemrushBot/2~bl; +http://www.semrush.com/bot.html)"
46.229.168.152 - - [08/Dec/2018:02:48:55 +0300] "GET /sitemap.xml HTTP/1.1" 403 1044 "-" "Mozilla/5.0 (compatible; SemrushBot/2~bl; +http://www.semrush.com/bot.html)"
209.17.96.18 - - [08/Dec/2018:04:22:50 +0300] "GET / HTTP/1.1" 403 1058 "-" "Mozilla/5.0 (compatible; Nimbostratus-Bot/v1.3.2; http://cloudsystemnetworks.com)"
141.8.183.14 - - [08/Dec/2018:04:53:34 +0300] "GET /robots.txt HTTP/1.1" 403 1044 "-" "Mozilla/5.0 (compatible; YandexBot/3.0; +http://yandex.com/bots)"
141.8.183.14 - - [08/Dec/2018:04:53:38 +0300] "GET / HTTP/1.1" 403 1058 "-" "Mozilla/5.0 (compatible; YandexBot/3.0; +http://yandex.com/bots)"
66.249.66.25 - - [08/Dec/2018:22:21:11 +0300] "GET /robots.txt HTTP/1.1" 403 1044 "-" "Mozilla/5.0 (compatible; Googlebot/2.1; +http://www.google.com/bot.html)"
66.249.66.25 - - [08/Dec/2018:22:21:11 +0300] "GET / HTTP/1.1" 403 1058 "-" "Mozilla/5.0 (compatible; Googlebot/2.1; +http://www.google.com/bot.html)"
66.249.66.25 - - [09/Dec/2018:05:45:00 +0300] "GET / HTTP/1.1" 403 1058 "-" "Mozilla/5.0 (Linux; Android 6.0.1; Nexus 5X Build/MMB29P) AppleWebKit/537.36 (KHTML, like Gecko) Chrome/41.0.2272.96 Mobile Safari/537.36 (compatible; Googlebot/2.1; +http://www.google.com/bot.html)"
66.249.66.26 - - [09/Dec/2018:14:32:44 +0300] "GET /robots.txt HTTP/1.1" 403 1044 "-" "Mozilla/5.0 (compatible; Googlebot/2.1; +http://www.google.com/bot.html)"
46.17.203.253 - - [11/Dec/2018:04:44:35 +0300] "GET /robots.txt HTTP/1.1" 403 1044 "-" "*"
46.17.203.253 - - [11/Dec/2018:04:44:35 +0300] "GET / HTTP/1.1" 403 1058 "-" "-"
217.69.143.217 - - [11/Dec/2018:07:23:34 +0300] "GET / HTTP/1.1" 403 1058 "-" "Mozilla/5.0 (X11; Linux x86_64; rv:18.0) Gecko/20100101 Firefox/18.0"
217.69.143.217 - - [11/Dec/2018:07:23:34 +0300] "GET /favicon.ico HTTP/1.1" 403 1044 "-" "Mozilla/5.0 (X11; Linux x86_64; rv:18.0) Gecko/20100101 Firefox/18.0"
217.69.143.217 - - [11/Dec/2018:07:23:34 +0300] "GET /favicon.png HTTP/1.1" 403 1044 "-" "Mozilla/5.0 (X11; Linux x86_64; rv:18.0) Gecko/20100101 Firefox/18.0"
66.249.66.27 - - [14/Dec/2018:00:14:41 +0300] "GET /robots.txt HTTP/1.1" 403 1044 "-" "Mozilla/5.0 (compatible; Googlebot/2.1; +http://www.google.com/bot.html)"
66.249.66.25 - - [14/Dec/2018:00:14:41 +0300] "GET / HTTP/1.1" 403 1058 "-" "Mozilla/5.0 (Linux; Android 6.0.1; Nexus 5X Build/MMB29P) AppleWebKit/537.36 (KHTML, like Gecko) Chrome/41.0.2272.96 Mobile Safari/537.36 (compatible; Googlebot/2.1; +http://www.google.com/bot.html)"
37.9.113.93 - - [14/Dec/2018:05:05:48 +0300] "GET /robots.txt HTTP/1.1" 403 1044 "-" "Mozilla/5.0 (compatible; YandexBot/3.0; +http://yandex.com/bots)"
141.8.183.14 - - [14/Dec/2018:05:05:52 +0300] "GET / HTTP/1.1" 403 1058 "-" "Mozilla/5.0 (compatible; YandexBot/3.0; +http://yandex.com/bots)"
141.8.183.14 - - [14/Dec/2018:06:14:13 +0300] "GET /robots.txt HTTP/1.1" 403 1044 "-" "Mozilla/5.0 (compatible; YandexBot/3.0; +http://yandex.com/bots)"
141.8.183.14 - - [14/Dec/2018:06:14:17 +0300] "GET /favicon.ico HTTP/1.1" 403 1044 "-" "Mozilla/5.0 (compatible; YandexBot/3.0; +http://yandex.com/bots)"
66.249.66.68 - - [14/Dec/2018:09:59:33 +0300] "GET / HTTP/1.1" 403 1058 "-" "Mozilla/5.0 (Linux; Android 6.0.1; Nexus 5X Build/MMB29P) AppleWebKit/537.36 (KHTML, like Gecko) Chrome/41.0.2272.96 Mobile Safari/537.36 (compatible; Googlebot/2.1; +http://www.google.com/bot.html)"
66.249.66.26 - - [14/Dec/2018:13:00:51 +0300] "GET /robots.txt HTTP/1.1" 403 1044 "-" "Mozilla/5.0 (compatible; Googlebot/2.1; +http://www.google.com/bot.html)"
66.249.66.27 - - [14/Dec/2018:13:00:52 +0300] "GET / HTTP/1.1" 403 1058 "-" "Mozilla/5.0 (compatible; Googlebot/2.1; +http://www.google.com/bot.html)"
66.249.66.27 - - [14/Dec/2018:20:11:48 +0300] "GET / HTTP/1.1" 403 1058 "-" "Mozilla/5.0 (Linux; Android 6.0.1; Nexus 5X Build/MMB29P) AppleWebKit/537.36 (KHTML, like Gecko) Chrome/41.0.2272.96 Mobile Safari/537.36 (compatible; Googlebot/2.1; +http://www.google.com/bot.html)"
141.8.183.14 - - [14/Dec/2018:20:19:10 +0300] "GET /robots.txt HTTP/1.1" 403 1044 "-" "Mozilla/5.0 (compatible; YandexBot/3.0; +http://yandex.com/bots)"
141.8.183.14 - - [14/Dec/2018:20:19:14 +0300] "GET / HTTP/1.1" 403 1058 "-" "Mozilla/5.0 (compatible; YandexBot/3.0; +http://yandex.com/bots)"
95.163.255.158 - - [15/Dec/2018:04:32:06 +0300] "GET /robots.txt HTTP/1.0" 403 1044 "-" "Mozilla/5.0 (compatible; Linux x86_64; Mail.RU_Bot/2.0; +http://go.mail.ru/help/robots)"
95.163.255.175 - - [15/Dec/2018:04:32:11 +0300] "GET /sitemap.xml HTTP/1.1" 403 1044 "-" "Mozilla/5.0 (compatible; Linux x86_64; Mail.RU_Bot/2.0; +http://go.mail.ru/help/robots)"
66.249.66.26 - - [15/Dec/2018:08:06:30 +0300] "GET /robots.txt HTTP/1.1" 403 1044 "-" "Mozilla/5.0 (compatible; Googlebot/2.1; +http://www.google.com/bot.html)"
66.249.66.27 - - [15/Dec/2018:08:06:30 +0300] "GET / HTTP/1.1" 403 1058 "-" "Mozilla/5.0 (Linux; Android 6.0.1; Nexus 5X Build/MMB29P) AppleWebKit/537.36 (KHTML, like Gecko) Chrome/41.0.2272.96 Mobile Safari/537.36 (compatible; Googlebot/2.1; +http://www.google.com/bot.html)"
141.8.183.14 - - [15/Dec/2018:23:15:27 +0300] "GET /robots.txt HTTP/1.1" 403 1044 "-" "Mozilla/5.0 (compatible; YandexBot/3.0; +http://yandex.com/bots)"
37.9.113.93 - - [15/Dec/2018:23:15:31 +0300] "GET / HTTP/1.1" 403 1058 "-" "Mozilla/5.0 (compatible; YandexBot/3.0; +http://yandex.com/bots)"
66.249.66.25 - - [16/Dec/2018:04:01:44 +0300] "GET /robots.txt HTTP/1.1" 403 1044 "-" "Mozilla/5.0 (compatible; Googlebot/2.1; +http://www.google.com/bot.html)"
66.249.66.25 - - [16/Dec/2018:04:01:44 +0300] "GET / HTTP/1.1" 403 1058 "-" "Mozilla/5.0 (Linux; Android 6.0.1; Nexus 5X Build/MMB29P) AppleWebKit/537.36 (KHTML, like Gecko) Chrome/41.0.2272.96 Mobile Safari/537.36 (compatible; Googlebot/2.1; +http://www.google.com/bot.html)"
95.163.255.197 - - [16/Dec/2018:06:08:41 +0300] "GET /robots.txt HTTP/1.0" 403 1044 "-" "Mozilla/5.0 (compatible; Linux x86_64; Mail.RU_Bot/2.0; +http://go.mail.ru/help/robots)"
95.163.255.177 - - [16/Dec/2018:06:08:43 +0300] "GET /index.php?Itemid=157&id=52:technolozhka&option=com_phocagallery&view=category HTTP/1.1" 403 1044 "-" "Mozilla/5.0 (compatible; Linux x86_64; Mail.RU_Bot/2.0; +http://go.mail.ru/help/robots)"
95.163.255.192 - - [16/Dec/2018:10:22:29 +0300] "GET /robots.txt HTTP/1.0" 403 1044 "-" "Mozilla/5.0 (compatible; Linux x86_64; Mail.RU_Bot/2.0; +http://go.mail.ru/help/robots)"
95.163.255.181 - - [16/Dec/2018:10:22:32 +0300] "GET /files/senkevich/1%D1%84/2016-17/1__.pdf HTTP/1.1" 403 1044 "-" "Mozilla/5.0 (compatible; Linux x86_64; Mail.RU_Bot/2.0; +http://go.mail.ru/help/robots)"
