141.8.183.14 - - [16/Dec/2018:13:10:20 +0300] "GET /robots.txt HTTP/1.1" 403 1044 "-" "Mozilla/5.0 (compatible; YandexBot/3.0; +http://yandex.com/bots)"
141.8.183.14 - - [16/Dec/2018:13:10:23 +0300] "GET / HTTP/1.1" 403 1058 "-" "Mozilla/5.0 (compatible; YandexBot/3.0; +http://yandex.com/bots)"
66.249.64.54 - - [16/Dec/2018:21:48:56 +0300] "GET /robots.txt HTTP/1.1" 403 1044 "-" "Mozilla/5.0 (compatible; Googlebot/2.1; +http://www.google.com/bot.html)"
66.249.64.52 - - [16/Dec/2018:21:48:57 +0300] "GET /itiy2.css HTTP/1.1" 403 1044 "http://fitu.technolog.edu.ru/" "Mozilla/5.0 AppleWebKit/537.36 (KHTML, like Gecko; compatible; Googlebot/2.1; +http://www.google.com/bot.html) Safari/537.36"
66.249.64.54 - - [16/Dec/2018:22:10:07 +0300] "GET /stdek.php HTTP/1.1" 403 1044 "-" "Mozilla/5.0 (Linux; Android 6.0.1; Nexus 5X Build/MMB29P) AppleWebKit/537.36 (KHTML, like Gecko) Chrome/41.0.2272.96 Mobile Safari/537.36 (compatible; Googlebot/2.1; +http://www.google.com/bot.html)"
95.163.255.193 - - [17/Dec/2018:07:05:37 +0300] "GET /robots.txt HTTP/1.0" 403 1044 "-" "Mozilla/5.0 (compatible; Linux x86_64; Mail.RU_Bot/2.0; +http://go.mail.ru/help/robots)"
95.163.255.152 - - [17/Dec/2018:07:05:38 +0300] "GET / HTTP/1.1" 403 1058 "-" "Mozilla/5.0 (compatible; Linux x86_64; Mail.RU_Bot/2.0; +http://go.mail.ru/help/robots)"
46.32.67.208 - - [17/Dec/2018:13:27:49 +0300] "GET / HTTP/1.1" 403 1058 "http://sait.technolog.edu.ru/rekvizity.html" "Mozilla/5.0 (Windows NT 6.3; Win64; x64) AppleWebKit/537.36 (KHTML, like Gecko) Chrome/70.0.3538.110 Safari/537.36"
46.32.67.208 - - [17/Dec/2018:13:27:50 +0300] "GET /favicon.ico HTTP/1.1" 403 1044 "http://fitu.technolog.edu.ru/" "Mozilla/5.0 (Windows NT 6.3; Win64; x64) AppleWebKit/537.36 (KHTML, like Gecko) Chrome/70.0.3538.110 Safari/537.36"
176.9.50.244 - - [17/Dec/2018:15:48:22 +0300] "GET / HTTP/1.1" 403 1058 "-" "Mozilla/5.0 (compatible; MegaIndex.ru/2.0; +http://megaindex.com/crawler)"
66.249.64.54 - - [17/Dec/2018:17:26:30 +0300] "GET /robots.txt HTTP/1.1" 403 1044 "-" "Mozilla/5.0 (compatible; Googlebot/2.1; +http://www.google.com/bot.html)"
66.249.64.54 - - [17/Dec/2018:17:26:30 +0300] "GET /stprep.php HTTP/1.1" 403 1044 "-" "Mozilla/5.0 (Linux; Android 6.0.1; Nexus 5X Build/MMB29P) AppleWebKit/537.36 (KHTML, like Gecko) Chrome/41.0.2272.96 Mobile Safari/537.36 (compatible; Googlebot/2.1; +http://www.google.com/bot.html)"
141.8.183.14 - - [17/Dec/2018:19:40:11 +0300] "GET /robots.txt HTTP/1.1" 403 1044 "-" "Mozilla/5.0 (compatible; YandexBot/3.0; +http://yandex.com/bots)"
37.9.113.108 - - [17/Dec/2018:19:40:15 +0300] "GET / HTTP/1.1" 403 1058 "-" "Mozilla/5.0 (compatible; YandexBot/3.0; +http://yandex.com/bots)"
141.8.183.14 - - [18/Dec/2018:05:37:35 +0300] "GET /robots.txt HTTP/1.1" 403 1044 "-" "Mozilla/5.0 (compatible; YandexBot/3.0; +http://yandex.com/bots)"
141.8.183.14 - - [18/Dec/2018:05:37:39 +0300] "GET /index.php HTTP/1.1" 403 1044 "-" "Mozilla/5.0 (compatible; YandexBot/3.0; +http://yandex.com/bots)"
37.9.113.93 - - [18/Dec/2018:06:10:20 +0300] "GET / HTTP/1.1" 403 1058 "-" "Mozilla/5.0 (compatible; YandexBot/3.0; +http://yandex.com/bots)"
95.163.255.155 - - [18/Dec/2018:22:57:20 +0300] "GET /robots.txt HTTP/1.0" 403 1044 "-" "Mozilla/5.0 (compatible; Linux x86_64; Mail.RU_Bot/2.0; +http://go.mail.ru/help/robots)"
95.163.255.155 - - [18/Dec/2018:22:57:22 +0300] "GET / HTTP/1.1" 403 1058 "-" "Mozilla/5.0 (compatible; Linux x86_64; Mail.RU_Bot/2.0; +http://go.mail.ru/help/robots)"
37.9.113.93 - - [19/Dec/2018:09:48:50 +0300] "GET /robots.txt HTTP/1.1" 403 1044 "-" "Mozilla/5.0 (compatible; YandexBot/3.0; +http://yandex.com/bots)"
37.9.113.108 - - [19/Dec/2018:09:48:54 +0300] "GET / HTTP/1.1" 403 1058 "-" "Mozilla/5.0 (compatible; YandexBot/3.0; +http://yandex.com/bots)"
95.163.255.194 - - [19/Dec/2018:15:53:06 +0300] "GET /robots.txt HTTP/1.0" 403 1044 "-" "Mozilla/5.0 (compatible; Linux x86_64; Mail.RU_Bot/2.0; +http://go.mail.ru/help/robots)"
95.163.255.174 - - [19/Dec/2018:15:53:07 +0300] "GET /abitur.html HTTP/1.1" 403 1044 "-" "Mozilla/5.0 (compatible; Linux x86_64; Mail.RU_Bot/2.0; +http://go.mail.ru/help/robots)"
66.249.64.54 - - [20/Dec/2018:04:02:48 +0300] "GET /robots.txt HTTP/1.1" 403 1044 "-" "Mozilla/5.0 (compatible; Googlebot/2.1; +http://www.google.com/bot.html)"
66.249.64.54 - - [20/Dec/2018:04:02:48 +0300] "GET / HTTP/1.1" 403 1058 "-" "Mozilla/5.0 (compatible; Googlebot/2.1; +http://www.google.com/bot.html)"
66.249.64.54 - - [20/Dec/2018:09:57:12 +0300] "GET / HTTP/1.1" 403 1058 "-" "Mozilla/5.0 (Linux; Android 6.0.1; Nexus 5X Build/MMB29P) AppleWebKit/537.36 (KHTML, like Gecko) Chrome/41.0.2272.96 Mobile Safari/537.36 (compatible; Googlebot/2.1; +http://www.google.com/bot.html)"
66.249.64.50 - - [20/Dec/2018:10:27:18 +0300] "GET /itiy2.css HTTP/1.1" 403 1044 "http://fitu.technolog.edu.ru/" "Mozilla/5.0 AppleWebKit/537.36 (KHTML, like Gecko; compatible; Googlebot/2.1; +http://www.google.com/bot.html) Safari/537.36"
66.249.66.26 - - [20/Dec/2018:19:40:00 +0300] "GET /robots.txt HTTP/1.1" 403 1044 "-" "Mozilla/5.0 (compatible; Googlebot/2.1; +http://www.google.com/bot.html)"
66.249.66.26 - - [20/Dec/2018:19:40:01 +0300] "GET / HTTP/1.1" 403 1058 "-" "Mozilla/5.0 (Linux; Android 6.0.1; Nexus 5X Build/MMB29P) AppleWebKit/537.36 (KHTML, like Gecko) Chrome/41.0.2272.96 Mobile Safari/537.36 (compatible; Googlebot/2.1; +http://www.google.com/bot.html)"
54.165.59.7 - - [20/Dec/2018:20:00:44 +0300] "GET /robots.txt HTTP/1.0" 403 1044 "-" "ia_archiver"
148.251.179.137 - - [21/Dec/2018:06:28:54 +0300] "GET /robots.txt HTTP/1.1" 403 1044 "-" "Mozilla/5.0 (compatible; BLEXBot/1.0; +http://webmeup-crawler.com/)"
37.9.113.108 - - [21/Dec/2018:06:56:14 +0300] "GET /robots.txt HTTP/1.1" 403 1044 "-" "Mozilla/5.0 (compatible; YandexBot/3.0; +http://yandex.com/bots)"
37.9.113.93 - - [21/Dec/2018:06:56:18 +0300] "GET / HTTP/1.1" 403 1058 "-" "Mozilla/5.0 (compatible; YandexBot/3.0; +http://yandex.com/bots)"
66.249.66.25 - - [21/Dec/2018:13:11:57 +0300] "GET /robots.txt HTTP/1.1" 403 1044 "-" "Mozilla/5.0 (compatible; Googlebot/2.1; +http://www.google.com/bot.html)"
66.249.66.25 - - [21/Dec/2018:13:11:58 +0300] "GET / HTTP/1.1" 403 1058 "-" "Mozilla/5.0 (Linux; Android 6.0.1; Nexus 5X Build/MMB29P) AppleWebKit/537.36 (KHTML, like Gecko) Chrome/41.0.2272.96 Mobile Safari/537.36 (compatible; Googlebot/2.1; +http://www.google.com/bot.html)"
66.249.66.27 - - [21/Dec/2018:14:12:35 +0300] "GET / HTTP/1.1" 403 1058 "-" "Mozilla/5.0 (Linux; Android 6.0.1; Nexus 5X Build/MMB29P) AppleWebKit/537.36 (KHTML, like Gecko) Chrome/41.0.2272.96 Mobile Safari/537.36 (compatible; Googlebot/2.1; +http://www.google.com/bot.html)"
148.251.179.137 - - [21/Dec/2018:20:11:19 +0300] "GET /robots.txt HTTP/1.1" 403 1044 "-" "Mozilla/5.0 (compatible; BLEXBot/1.0; +http://webmeup-crawler.com/)"
66.249.64.52 - - [21/Dec/2018:22:44:35 +0300] "GET / HTTP/1.1" 403 1058 "-" "Mozilla/5.0 (Linux; Android 6.0.1; Nexus 5X Build/MMB29P) AppleWebKit/537.36 (KHTML, like Gecko) Chrome/41.0.2272.96 Mobile Safari/537.36 (compatible; Googlebot/2.1; +http://www.google.com/bot.html)"
66.249.65.182 - - [23/Dec/2018:00:30:33 +0300] "GET /robots.txt HTTP/1.1" 403 1044 "-" "Mozilla/5.0 (compatible; Googlebot/2.1; +http://www.google.com/bot.html)"
66.249.65.180 - - [23/Dec/2018:00:30:33 +0300] "GET / HTTP/1.1" 403 1058 "-" "Mozilla/5.0 (Linux; Android 6.0.1; Nexus 5X Build/MMB29P) AppleWebKit/537.36 (KHTML, like Gecko) Chrome/41.0.2272.96 Mobile Safari/537.36 (compatible; Googlebot/2.1; +http://www.google.com/bot.html)"
141.8.183.14 - - [23/Dec/2018:02:43:31 +0300] "GET /robots.txt HTTP/1.1" 403 1044 "-" "Mozilla/5.0 (compatible; YandexBot/3.0; +http://yandex.com/bots)"
141.8.183.14 - - [23/Dec/2018:02:43:35 +0300] "GET / HTTP/1.1" 403 1058 "-" "Mozilla/5.0 (compatible; YandexBot/3.0; +http://yandex.com/bots)"
66.249.65.180 - - [23/Dec/2018:03:52:27 +0300] "GET / HTTP/1.1" 403 1058 "-" "Mozilla/5.0 (Linux; Android 6.0.1; Nexus 5X Build/MMB29P) AppleWebKit/537.36 (KHTML, like Gecko) Chrome/41.0.2272.96 Mobile Safari/537.36 (compatible; Googlebot/2.1; +http://www.google.com/bot.html)"
66.249.65.182 - - [23/Dec/2018:04:22:36 +0300] "GET /itiy2.css HTTP/1.1" 403 1044 "http://fitu.technolog.edu.ru/" "Mozilla/5.0 AppleWebKit/537.36 (KHTML, like Gecko; compatible; Googlebot/2.1; +http://www.google.com/bot.html) Safari/537.36"
148.251.179.137 - - [23/Dec/2018:09:36:03 +0300] "GET /robots.txt HTTP/1.1" 403 1044 "-" "Mozilla/5.0 (compatible; BLEXBot/1.0; +http://webmeup-crawler.com/)"
66.249.65.182 - - [23/Dec/2018:10:16:11 +0300] "GET / HTTP/1.1" 403 1058 "-" "Mozilla/5.0 (Linux; Android 6.0.1; Nexus 5X Build/MMB29P) AppleWebKit/537.36 (KHTML, like Gecko) Chrome/41.0.2272.96 Mobile Safari/537.36 (compatible; Googlebot/2.1; +http://www.google.com/bot.html)"
66.249.65.180 - - [23/Dec/2018:13:04:54 +0300] "GET /robots.txt HTTP/1.1" 403 1044 "-" "Mozilla/5.0 (compatible; Googlebot/2.1; +http://www.google.com/bot.html)"
66.249.65.178 - - [23/Dec/2018:13:04:54 +0300] "GET /itiy2.css HTTP/1.1" 403 1044 "http://fitu.technolog.edu.ru/" "Mozilla/5.0 AppleWebKit/537.36 (KHTML, like Gecko; compatible; Googlebot/2.1; +http://www.google.com/bot.html) Safari/537.36"
66.249.65.180 - - [23/Dec/2018:13:05:59 +0300] "GET / HTTP/1.1" 403 1058 "-" "Mozilla/5.0 (Linux; Android 6.0.1; Nexus 5X Build/MMB29P) AppleWebKit/537.36 (KHTML, like Gecko) Chrome/41.0.2272.96 Mobile Safari/537.36 (compatible; Googlebot/2.1; +http://www.google.com/bot.html)"
141.8.183.14 - - [23/Dec/2018:22:49:51 +0300] "GET /robots.txt HTTP/1.1" 403 1044 "-" "Mozilla/5.0 (compatible; YandexBot/3.0; +http://yandex.com/bots)"
141.8.183.14 - - [23/Dec/2018:22:49:54 +0300] "GET / HTTP/1.1" 403 1058 "-" "Mozilla/5.0 (compatible; YandexBot/3.0; +http://yandex.com/bots)"
66.249.79.210 - - [23/Dec/2018:23:18:16 +0300] "GET / HTTP/1.1" 403 1058 "-" "Mozilla/5.0 (Linux; Android 6.0.1; Nexus 5X Build/MMB29P) AppleWebKit/537.36 (KHTML, like Gecko) Chrome/41.0.2272.96 Mobile Safari/537.36 (compatible; Googlebot/2.1; +http://www.google.com/bot.html)"
148.251.179.137 - - [24/Dec/2018:18:47:59 +0300] "GET /robots.txt HTTP/1.1" 403 1044 "-" "Mozilla/5.0 (compatible; BLEXBot/1.0; +http://webmeup-crawler.com/)"
37.9.113.93 - - [24/Dec/2018:20:53:57 +0300] "GET /robots.txt HTTP/1.1" 403 1044 "-" "Mozilla/5.0 (compatible; YandexBot/3.0; +http://yandex.com/bots)"
141.8.183.14 - - [24/Dec/2018:20:54:01 +0300] "GET / HTTP/1.1" 403 1058 "-" "Mozilla/5.0 (compatible; YandexBot/3.0; +http://yandex.com/bots)"
148.251.179.137 - - [25/Dec/2018:17:58:19 +0300] "GET /robots.txt HTTP/1.1" 403 1044 "-" "Mozilla/5.0 (compatible; BLEXBot/1.0; +http://webmeup-crawler.com/)"
66.249.66.27 - - [25/Dec/2018:21:56:38 +0300] "GET /robots.txt HTTP/1.1" 403 1044 "-" "Mozilla/5.0 (compatible; Googlebot/2.1; +http://www.google.com/bot.html)"
66.249.66.27 - - [25/Dec/2018:21:56:38 +0300] "GET / HTTP/1.1" 403 1058 "-" "Mozilla/5.0 (compatible; Googlebot/2.1; +http://www.google.com/bot.html)"
141.8.183.14 - - [26/Dec/2018:00:17:05 +0300] "GET /robots.txt HTTP/1.1" 403 1044 "-" "Mozilla/5.0 (compatible; YandexBot/3.0; +http://yandex.com/bots)"
141.8.183.14 - - [26/Dec/2018:00:17:09 +0300] "GET / HTTP/1.1" 403 1058 "-" "Mozilla/5.0 (compatible; YandexBot/3.0; +http://yandex.com/bots)"
66.249.66.26 - - [26/Dec/2018:03:39:58 +0300] "GET / HTTP/1.1" 403 1058 "-" "Mozilla/5.0 (Linux; Android 6.0.1; Nexus 5X Build/MMB29P) AppleWebKit/537.36 (KHTML, like Gecko) Chrome/41.0.2272.96 Mobile Safari/537.36 (compatible; Googlebot/2.1; +http://www.google.com/bot.html)"
148.251.179.137 - - [26/Dec/2018:13:00:26 +0300] "GET /robots.txt HTTP/1.1" 403 1044 "-" "Mozilla/5.0 (compatible; BLEXBot/1.0; +http://webmeup-crawler.com/)"
141.8.183.14 - - [26/Dec/2018:13:42:48 +0300] "GET /robots.txt HTTP/1.1" 403 1044 "-" "Mozilla/5.0 (compatible; YandexBot/3.0; +http://yandex.com/bots)"
141.8.183.14 - - [26/Dec/2018:13:42:52 +0300] "GET / HTTP/1.1" 403 1058 "-" "Mozilla/5.0 (compatible; YandexBot/3.0; +http://yandex.com/bots)"
46.17.203.253 - - [26/Dec/2018:20:08:15 +0300] "GET /robots.txt HTTP/1.1" 403 1044 "-" "*"
46.17.203.253 - - [26/Dec/2018:20:08:16 +0300] "GET / HTTP/1.1" 403 1058 "-" "Mozilla/5.0 (Windows NT 10.0; Win64; x64) AppleWebKit/537.36 (KHTML, like Gecko) Chrome/60.0.3112.113 Safari/537.36"
148.251.179.137 - - [26/Dec/2018:21:54:39 +0300] "GET /robots.txt HTTP/1.1" 403 1044 "-" "Mozilla/5.0 (compatible; BLEXBot/1.0; +http://webmeup-crawler.com/)"
148.251.179.137 - - [27/Dec/2018:06:40:01 +0300] "GET /robots.txt HTTP/1.1" 403 1044 "-" "Mozilla/5.0 (compatible; BLEXBot/1.0; +http://webmeup-crawler.com/)"
148.251.179.137 - - [27/Dec/2018:15:57:22 +0300] "GET /robots.txt HTTP/1.1" 403 1044 "-" "Mozilla/5.0 (compatible; BLEXBot/1.0; +http://webmeup-crawler.com/)"
148.251.179.137 - - [28/Dec/2018:00:55:53 +0300] "GET /robots.txt HTTP/1.1" 403 1044 "-" "Mozilla/5.0 (compatible; BLEXBot/1.0; +http://webmeup-crawler.com/)"
148.251.179.137 - - [28/Dec/2018:09:26:05 +0300] "GET /robots.txt HTTP/1.1" 403 1044 "-" "Mozilla/5.0 (compatible; BLEXBot/1.0; +http://webmeup-crawler.com/)"
37.9.113.93 - - [28/Dec/2018:17:14:54 +0300] "GET /robots.txt HTTP/1.1" 403 1044 "-" "Mozilla/5.0 (compatible; YandexBot/3.0; +http://yandex.com/bots)"
141.8.183.14 - - [28/Dec/2018:17:14:58 +0300] "GET / HTTP/1.1" 403 1058 "-" "Mozilla/5.0 (compatible; YandexBot/3.0; +http://yandex.com/bots)"
148.251.179.137 - - [28/Dec/2018:18:26:01 +0300] "GET /robots.txt HTTP/1.1" 403 1044 "-" "Mozilla/5.0 (compatible; BLEXBot/1.0; +http://webmeup-crawler.com/)"
141.8.183.14 - - [29/Dec/2018:03:04:48 +0300] "GET /robots.txt HTTP/1.1" 403 1044 "-" "Mozilla/5.0 (compatible; YandexBot/3.0; +http://yandex.com/bots)"
141.8.183.14 - - [29/Dec/2018:03:04:52 +0300] "GET / HTTP/1.1" 403 1058 "-" "Mozilla/5.0 (compatible; YandexBot/3.0; +http://yandex.com/bots)"
148.251.179.137 - - [29/Dec/2018:04:54:33 +0300] "GET /robots.txt HTTP/1.1" 403 1044 "-" "Mozilla/5.0 (compatible; BLEXBot/1.0; +http://webmeup-crawler.com/)"
148.251.179.137 - - [29/Dec/2018:19:16:32 +0300] "GET /robots.txt HTTP/1.1" 403 1044 "-" "Mozilla/5.0 (compatible; BLEXBot/1.0; +http://webmeup-crawler.com/)"
207.46.13.9 - - [30/Dec/2018:07:10:40 +0300] "GET / HTTP/1.1" 403 1058 "-" "Mozilla/5.0 (compatible; bingbot/2.0; +http://www.bing.com/bingbot.htm)"
148.251.179.137 - - [30/Dec/2018:12:45:37 +0300] "GET /robots.txt HTTP/1.1" 403 1044 "-" "Mozilla/5.0 (compatible; BLEXBot/1.0; +http://webmeup-crawler.com/)"
95.163.255.159 - - [30/Dec/2018:14:01:59 +0300] "GET /robots.txt HTTP/1.0" 403 1044 "-" "Mozilla/5.0 (compatible; Linux x86_64; Mail.RU_Bot/2.0; +http://go.mail.ru/help/robots)"
95.163.255.169 - - [30/Dec/2018:14:02:01 +0300] "GET /files/senkevich/1%D1%84/2016-17/1__.pdf HTTP/1.1" 403 1044 "-" "Mozilla/5.0 (compatible; Linux x86_64; Mail.RU_Bot/2.0; +http://go.mail.ru/help/robots)"
37.9.113.108 - - [30/Dec/2018:17:42:09 +0300] "GET /robots.txt HTTP/1.1" 403 1044 "-" "Mozilla/5.0 (compatible; YandexBot/3.0; +http://yandex.com/bots)"
141.8.183.14 - - [30/Dec/2018:17:42:13 +0300] "GET / HTTP/1.1" 403 1058 "-" "Mozilla/5.0 (compatible; YandexBot/3.0; +http://yandex.com/bots)"
66.249.66.26 - - [30/Dec/2018:18:36:46 +0300] "GET /robots.txt HTTP/1.1" 403 1044 "-" "Mozilla/5.0 (compatible; Googlebot/2.1; +http://www.google.com/bot.html)"
66.249.66.26 - - [30/Dec/2018:18:36:46 +0300] "GET / HTTP/1.1" 403 1058 "-" "Mozilla/5.0 (Linux; Android 6.0.1; Nexus 5X Build/MMB29P) AppleWebKit/537.36 (KHTML, like Gecko) Chrome/41.0.2272.96 Mobile Safari/537.36 (compatible; Googlebot/2.1; +http://www.google.com/bot.html)"
95.163.255.186 - - [30/Dec/2018:21:27:55 +0300] "GET /robots.txt HTTP/1.0" 403 1044 "-" "Mozilla/5.0 (compatible; Linux x86_64; Mail.RU_Bot/2.0; +http://go.mail.ru/help/robots)"
95.163.255.195 - - [30/Dec/2018:21:27:57 +0300] "GET / HTTP/1.1" 403 1058 "-" "Mozilla/5.0 (compatible; Linux x86_64; Mail.RU_Bot/2.0; +http://go.mail.ru/help/robots)"
148.251.179.137 - - [30/Dec/2018:23:36:53 +0300] "GET /robots.txt HTTP/1.1" 403 1044 "-" "Mozilla/5.0 (compatible; BLEXBot/1.0; +http://webmeup-crawler.com/)"
95.163.255.192 - - [31/Dec/2018:02:31:30 +0300] "GET /robots.txt HTTP/1.0" 403 1044 "-" "Mozilla/5.0 (compatible; Linux x86_64; Mail.RU_Bot/2.0; +http://go.mail.ru/help/robots)"
95.163.255.155 - - [31/Dec/2018:02:31:32 +0300] "GET /index.php?Itemid=157&id=52:technolozhka&option=com_phocagallery&view=category HTTP/1.1" 403 1044 "-" "Mozilla/5.0 (compatible; Linux x86_64; Mail.RU_Bot/2.0; +http://go.mail.ru/help/robots)"
66.249.66.25 - - [31/Dec/2018:03:16:30 +0300] "GET / HTTP/1.1" 403 1058 "-" "Mozilla/5.0 (Linux; Android 6.0.1; Nexus 5X Build/MMB29P) AppleWebKit/537.36 (KHTML, like Gecko) Chrome/41.0.2272.96 Mobile Safari/537.36 (compatible; Googlebot/2.1; +http://www.google.com/bot.html)"
141.8.183.14 - - [31/Dec/2018:07:49:14 +0300] "GET /robots.txt HTTP/1.1" 403 1044 "-" "Mozilla/5.0 (compatible; YandexBot/3.0; +http://yandex.com/bots)"
141.8.183.14 - - [31/Dec/2018:07:49:18 +0300] "GET / HTTP/1.1" 403 1058 "-" "Mozilla/5.0 (compatible; YandexBot/3.0; +http://yandex.com/bots)"
40.77.167.147 - - [31/Dec/2018:10:21:08 +0300] "GET / HTTP/1.1" 403 1058 "-" "Mozilla/5.0 (compatible; bingbot/2.0; +http://www.bing.com/bingbot.htm)"
148.251.179.137 - - [31/Dec/2018:11:22:25 +0300] "GET /robots.txt HTTP/1.1" 403 1044 "-" "Mozilla/5.0 (compatible; BLEXBot/1.0; +http://webmeup-crawler.com/)"
66.249.66.26 - - [31/Dec/2018:12:17:50 +0300] "GET /robots.txt HTTP/1.1" 403 1044 "-" "Mozilla/5.0 (compatible; Googlebot/2.1; +http://www.google.com/bot.html)"
66.249.66.26 - - [31/Dec/2018:12:17:50 +0300] "GET / HTTP/1.1" 403 1058 "-" "Mozilla/5.0 (compatible; Googlebot/2.1; +http://www.google.com/bot.html)"
66.249.66.27 - - [31/Dec/2018:12:27:43 +0300] "GET / HTTP/1.1" 403 1058 "-" "Mozilla/5.0 (Linux; Android 6.0.1; Nexus 5X Build/MMB29P) AppleWebKit/537.36 (KHTML, like Gecko) Chrome/41.0.2272.96 Mobile Safari/537.36 (compatible; Googlebot/2.1; +http://www.google.com/bot.html)"
95.163.255.165 - - [31/Dec/2018:14:38:13 +0300] "GET /robots.txt HTTP/1.0" 403 1044 "-" "Mozilla/5.0 (compatible; Linux x86_64; Mail.RU_Bot/2.0; +http://go.mail.ru/help/robots)"
95.163.255.184 - - [31/Dec/2018:14:38:14 +0300] "GET /abitur.html HTTP/1.1" 403 1044 "-" "Mozilla/5.0 (compatible; Linux x86_64; Mail.RU_Bot/2.0; +http://go.mail.ru/help/robots)"
148.251.179.137 - - [31/Dec/2018:20:27:51 +0300] "GET /robots.txt HTTP/1.1" 403 1044 "-" "Mozilla/5.0 (compatible; BLEXBot/1.0; +http://webmeup-crawler.com/)"
66.249.66.25 - - [31/Dec/2018:21:41:37 +0300] "GET / HTTP/1.1" 403 1058 "-" "Mozilla/5.0 (Linux; Android 6.0.1; Nexus 5X Build/MMB29P) AppleWebKit/537.36 (KHTML, like Gecko) Chrome/41.0.2272.96 Mobile Safari/537.36 (compatible; Googlebot/2.1; +http://www.google.com/bot.html)"
66.249.66.26 - - [01/Jan/2019:08:07:31 +0300] "GET /robots.txt HTTP/1.1" 403 1044 "-" "Mozilla/5.0 (compatible; Googlebot/2.1; +http://www.google.com/bot.html)"
66.249.66.26 - - [01/Jan/2019:08:07:31 +0300] "GET / HTTP/1.1" 403 1058 "-" "Mozilla/5.0 (Linux; Android 6.0.1; Nexus 5X Build/MMB29P) AppleWebKit/537.36 (KHTML, like Gecko) Chrome/41.0.2272.96 Mobile Safari/537.36 (compatible; Googlebot/2.1; +http://www.google.com/bot.html)"
66.249.66.25 - - [01/Jan/2019:08:37:32 +0300] "GET /itiy2.css HTTP/1.1" 403 1044 "http://fitu.technolog.edu.ru/" "Mozilla/5.0 AppleWebKit/537.36 (KHTML, like Gecko; compatible; Googlebot/2.1; +http://www.google.com/bot.html) Safari/537.36"
148.251.179.137 - - [01/Jan/2019:11:04:07 +0300] "GET /robots.txt HTTP/1.1" 403 1044 "-" "Mozilla/5.0 (compatible; BLEXBot/1.0; +http://webmeup-crawler.com/)"
157.55.39.40 - - [01/Jan/2019:12:42:42 +0300] "GET /robots.txt HTTP/1.1" 403 1044 "-" "Mozilla/5.0 (compatible; bingbot/2.0; +http://www.bing.com/bingbot.htm)"
148.251.179.137 - - [01/Jan/2019:22:51:05 +0300] "GET /robots.txt HTTP/1.1" 403 1044 "-" "Mozilla/5.0 (compatible; BLEXBot/1.0; +http://webmeup-crawler.com/)"
148.251.179.137 - - [02/Jan/2019:13:36:28 +0300] "GET /robots.txt HTTP/1.1" 403 1044 "-" "Mozilla/5.0 (compatible; BLEXBot/1.0; +http://webmeup-crawler.com/)"
148.251.179.137 - - [02/Jan/2019:23:06:28 +0300] "GET /robots.txt HTTP/1.1" 403 1044 "-" "Mozilla/5.0 (compatible; BLEXBot/1.0; +http://webmeup-crawler.com/)"
37.9.113.93 - - [03/Jan/2019:06:26:24 +0300] "GET /robots.txt HTTP/1.1" 403 1044 "-" "Mozilla/5.0 (compatible; YandexBot/3.0; +http://yandex.com/bots)"
141.8.183.14 - - [03/Jan/2019:06:26:27 +0300] "GET / HTTP/1.1" 403 1058 "-" "Mozilla/5.0 (compatible; YandexBot/3.0; +http://yandex.com/bots)"
148.251.179.137 - - [03/Jan/2019:13:28:03 +0300] "GET /robots.txt HTTP/1.1" 403 1044 "-" "Mozilla/5.0 (compatible; BLEXBot/1.0; +http://webmeup-crawler.com/)"
148.251.179.137 - - [03/Jan/2019:22:34:41 +0300] "GET /robots.txt HTTP/1.1" 403 1044 "-" "Mozilla/5.0 (compatible; BLEXBot/1.0; +http://webmeup-crawler.com/)"
178.154.200.16 - - [04/Jan/2019:07:14:41 +0300] "GET /robots.txt HTTP/1.1" 403 1044 "-" "Mozilla/5.0 (compatible; YandexBot/3.0; +http://yandex.com/bots)"
37.9.113.93 - - [04/Jan/2019:07:14:45 +0300] "GET / HTTP/1.1" 403 1058 "-" "Mozilla/5.0 (compatible; YandexBot/3.0; +http://yandex.com/bots)"
148.251.179.137 - - [04/Jan/2019:07:20:59 +0300] "GET /robots.txt HTTP/1.1" 403 1044 "-" "Mozilla/5.0 (compatible; BLEXBot/1.0; +http://webmeup-crawler.com/)"
148.251.179.137 - - [04/Jan/2019:16:31:47 +0300] "GET /robots.txt HTTP/1.1" 403 1044 "-" "Mozilla/5.0 (compatible; BLEXBot/1.0; +http://webmeup-crawler.com/)"
37.9.113.93 - - [04/Jan/2019:19:55:06 +0300] "GET /robots.txt HTTP/1.1" 403 1044 "-" "Mozilla/5.0 (compatible; YandexBot/3.0; +http://yandex.com/bots)"
141.8.183.14 - - [04/Jan/2019:19:55:10 +0300] "GET / HTTP/1.1" 403 1058 "-" "Mozilla/5.0 (compatible; YandexBot/3.0; +http://yandex.com/bots)"
141.8.183.14 - - [05/Jan/2019:12:56:41 +0300] "GET /robots.txt HTTP/1.1" 403 1044 "-" "Mozilla/5.0 (compatible; YandexBot/3.0; +http://yandex.com/bots)"
141.8.183.14 - - [05/Jan/2019:12:56:45 +0300] "GET / HTTP/1.1" 403 1058 "-" "Mozilla/5.0 (compatible; YandexBot/3.0; +http://yandex.com/bots)"
66.249.69.84 - - [06/Jan/2019:02:27:07 +0300] "GET /robots.txt HTTP/1.1" 403 1044 "-" "Mozilla/5.0 (compatible; Googlebot/2.1; +http://www.google.com/bot.html)"
66.249.69.82 - - [06/Jan/2019:02:27:07 +0300] "GET / HTTP/1.1" 403 1058 "-" "Mozilla/5.0 (compatible; Googlebot/2.1; +http://www.google.com/bot.html)"
66.249.69.82 - - [06/Jan/2019:04:41:21 +0300] "GET / HTTP/1.1" 403 1058 "-" "Mozilla/5.0 (Linux; Android 6.0.1; Nexus 5X Build/MMB29P) AppleWebKit/537.36 (KHTML, like Gecko) Chrome/41.0.2272.96 Mobile Safari/537.36 (compatible; Googlebot/2.1; +http://www.google.com/bot.html)"
37.9.113.93 - - [06/Jan/2019:13:11:04 +0300] "GET /robots.txt HTTP/1.1" 403 1044 "-" "Mozilla/5.0 (compatible; YandexBot/3.0; +http://yandex.com/bots)"
141.8.183.14 - - [06/Jan/2019:13:11:08 +0300] "GET / HTTP/1.1" 403 1058 "-" "Mozilla/5.0 (compatible; YandexBot/3.0; +http://yandex.com/bots)"
66.249.79.212 - - [06/Jan/2019:22:35:16 +0300] "GET /robots.txt HTTP/1.1" 403 1044 "-" "Mozilla/5.0 (compatible; Googlebot/2.1; +http://www.google.com/bot.html)"
66.249.79.214 - - [06/Jan/2019:22:35:17 +0300] "GET /itiy2.css HTTP/1.1" 403 1044 "http://fitu.technolog.edu.ru/index.php" "Mozilla/5.0 AppleWebKit/537.36 (KHTML, like Gecko; compatible; Googlebot/2.1; +http://www.google.com/bot.html) Safari/537.36"
157.55.39.40 - - [07/Jan/2019:16:44:25 +0300] "GET /robots.txt HTTP/1.1" 403 1044 "-" "Mozilla/5.0 (compatible; bingbot/2.0; +http://www.bing.com/bingbot.htm)"
207.46.13.25 - - [07/Jan/2019:16:44:28 +0300] "GET / HTTP/1.1" 403 1058 "-" "Mozilla/5.0 (compatible; bingbot/2.0; +http://www.bing.com/bingbot.htm)"
66.249.65.178 - - [07/Jan/2019:17:49:37 +0300] "GET /robots.txt HTTP/1.1" 403 1044 "-" "Mozilla/5.0 (compatible; Googlebot/2.1; +http://www.google.com/bot.html)"
66.249.65.180 - - [07/Jan/2019:17:49:38 +0300] "GET /index.php HTTP/1.1" 403 1044 "-" "Mozilla/5.0 (Linux; Android 6.0.1; Nexus 5X Build/MMB29P) AppleWebKit/537.36 (KHTML, like Gecko) Chrome/41.0.2272.96 Mobile Safari/537.36 (compatible; Googlebot/2.1; +http://www.google.com/bot.html)"
141.8.183.14 - - [08/Jan/2019:11:16:10 +0300] "GET /robots.txt HTTP/1.1" 403 1044 "-" "Mozilla/5.0 (compatible; YandexBot/3.0; +http://yandex.com/bots)"
141.8.183.14 - - [08/Jan/2019:11:16:14 +0300] "GET / HTTP/1.1" 403 1058 "-" "Mozilla/5.0 (compatible; YandexBot/3.0; +http://yandex.com/bots)"
141.8.183.14 - - [09/Jan/2019:13:36:56 +0300] "GET /robots.txt HTTP/1.1" 403 1044 "-" "Mozilla/5.0 (compatible; YandexBot/3.0; +http://yandex.com/bots)"
95.108.213.32 - - [09/Jan/2019:13:37:00 +0300] "GET / HTTP/1.1" 403 1058 "-" "Mozilla/5.0 (compatible; YandexBot/3.0; +http://yandex.com/bots)"
66.249.66.25 - - [10/Jan/2019:11:57:53 +0300] "GET /robots.txt HTTP/1.1" 403 1044 "-" "Mozilla/5.0 (compatible; Googlebot/2.1; +http://www.google.com/bot.html)"
66.249.66.26 - - [10/Jan/2019:11:57:54 +0300] "GET / HTTP/1.1" 403 1058 "-" "Mozilla/5.0 (Linux; Android 6.0.1; Nexus 5X Build/MMB29P) AppleWebKit/537.36 (KHTML, like Gecko) Chrome/41.0.2272.96 Mobile Safari/537.36 (compatible; Googlebot/2.1; +http://www.google.com/bot.html)"
148.251.179.137 - - [10/Jan/2019:14:25:40 +0300] "GET /robots.txt HTTP/1.1" 403 1044 "-" "Mozilla/5.0 (compatible; BLEXBot/1.0; +http://webmeup-crawler.com/)"
157.55.39.44 - - [10/Jan/2019:21:26:55 +0300] "GET /robots.txt HTTP/1.1" 403 1044 "-" "Mozilla/5.0 (compatible; bingbot/2.0; +http://www.bing.com/bingbot.htm)"
157.55.39.157 - - [10/Jan/2019:21:27:03 +0300] "GET / HTTP/1.1" 403 1058 "-" "Mozilla/5.0 (compatible; bingbot/2.0; +http://www.bing.com/bingbot.htm)"
37.9.113.108 - - [11/Jan/2019:08:08:45 +0300] "GET /robots.txt HTTP/1.1" 403 1044 "-" "Mozilla/5.0 (compatible; YandexBot/3.0; +http://yandex.com/bots)"
141.8.183.14 - - [11/Jan/2019:08:08:51 +0300] "GET / HTTP/1.1" 403 1058 "-" "Mozilla/5.0 (compatible; YandexBot/3.0; +http://yandex.com/bots)"
66.249.64.54 - - [11/Jan/2019:08:48:49 +0300] "GET /robots.txt HTTP/1.1" 403 1044 "-" "Mozilla/5.0 (compatible; Googlebot/2.1; +http://www.google.com/bot.html)"
66.249.64.52 - - [11/Jan/2019:08:48:49 +0300] "GET / HTTP/1.1" 403 1058 "-" "Mozilla/5.0 (Linux; Android 6.0.1; Nexus 5X Build/MMB29P) AppleWebKit/537.36 (KHTML, like Gecko) Chrome/41.0.2272.96 Mobile Safari/537.36 (compatible; Googlebot/2.1; +http://www.google.com/bot.html)"
66.249.64.50 - - [11/Jan/2019:10:48:49 +0300] "GET / HTTP/1.1" 403 1058 "-" "Mozilla/5.0 (Linux; Android 6.0.1; Nexus 5X Build/MMB29P) AppleWebKit/537.36 (KHTML, like Gecko) Chrome/41.0.2272.96 Mobile Safari/537.36 (compatible; Googlebot/2.1; +http://www.google.com/bot.html)"
148.251.179.137 - - [11/Jan/2019:12:08:46 +0300] "GET /robots.txt HTTP/1.1" 403 1044 "-" "Mozilla/5.0 (compatible; BLEXBot/1.0; +http://webmeup-crawler.com/)"
66.249.64.50 - - [11/Jan/2019:13:18:50 +0300] "GET / HTTP/1.1" 403 1058 "-" "Mozilla/5.0 (Linux; Android 6.0.1; Nexus 5X Build/MMB29P) AppleWebKit/537.36 (KHTML, like Gecko) Chrome/41.0.2272.96 Mobile Safari/537.36 (compatible; Googlebot/2.1; +http://www.google.com/bot.html)"
66.249.64.54 - - [11/Jan/2019:17:48:50 +0300] "GET / HTTP/1.1" 403 1058 "-" "Mozilla/5.0 (compatible; Googlebot/2.1; +http://www.google.com/bot.html)"
148.251.179.137 - - [11/Jan/2019:18:46:12 +0300] "GET /robots.txt HTTP/1.1" 403 1044 "-" "Mozilla/5.0 (compatible; BLEXBot/1.0; +http://webmeup-crawler.com/)"
66.249.66.26 - - [11/Jan/2019:23:12:55 +0300] "GET /robots.txt HTTP/1.1" 403 1044 "-" "Mozilla/5.0 (compatible; Googlebot/2.1; +http://www.google.com/bot.html)"
66.249.66.25 - - [11/Jan/2019:23:12:55 +0300] "GET / HTTP/1.1" 403 1058 "-" "Mozilla/5.0 (Linux; Android 6.0.1; Nexus 5X Build/MMB29P) AppleWebKit/537.36 (KHTML, like Gecko) Chrome/41.0.2272.96 Mobile Safari/537.36 (compatible; Googlebot/2.1; +http://www.google.com/bot.html)"
148.251.179.137 - - [12/Jan/2019:00:32:53 +0300] "GET /robots.txt HTTP/1.1" 403 1044 "-" "Mozilla/5.0 (compatible; BLEXBot/1.0; +http://webmeup-crawler.com/)"
37.9.113.93 - - [12/Jan/2019:12:44:25 +0300] "GET /robots.txt HTTP/1.1" 403 1044 "-" "Mozilla/5.0 (compatible; YandexBot/3.0; +http://yandex.com/bots)"
141.8.183.14 - - [12/Jan/2019:12:44:29 +0300] "GET / HTTP/1.1" 403 1058 "-" "Mozilla/5.0 (compatible; YandexBot/3.0; +http://yandex.com/bots)"
40.77.167.157 - - [12/Jan/2019:13:26:51 +0300] "GET / HTTP/1.1" 403 1058 "-" "Mozilla/5.0 (compatible; bingbot/2.0; +http://www.bing.com/bingbot.htm)"
40.77.167.157 - - [12/Jan/2019:14:20:40 +0300] "GET / HTTP/1.1" 403 1058 "-" "Mozilla/5.0 (compatible; bingbot/2.0; +http://www.bing.com/bingbot.htm)"
95.163.255.152 - - [12/Jan/2019:21:54:50 +0300] "GET /robots.txt HTTP/1.0" 403 1044 "-" "Mozilla/5.0 (compatible; Linux x86_64; Mail.RU_Bot/2.0; +http://go.mail.ru/help/robots)"
95.163.255.181 - - [12/Jan/2019:21:54:51 +0300] "GET /stprep.php HTTP/1.1" 403 1044 "-" "Mozilla/5.0 (compatible; Linux x86_64; Mail.RU_Bot/2.0; +http://go.mail.ru/help/robots)"
66.249.66.27 - - [13/Jan/2019:00:56:16 +0300] "GET /robots.txt HTTP/1.1" 403 1044 "-" "Mozilla/5.0 (compatible; Googlebot/2.1; +http://www.google.com/bot.html)"
66.249.66.27 - - [13/Jan/2019:00:56:17 +0300] "GET / HTTP/1.1" 403 1058 "-" "Mozilla/5.0 (Linux; Android 6.0.1; Nexus 5X Build/MMB29P) AppleWebKit/537.36 (KHTML, like Gecko) Chrome/41.0.2272.96 Mobile Safari/537.36 (compatible; Googlebot/2.1; +http://www.google.com/bot.html)"
141.8.183.14 - - [13/Jan/2019:03:56:02 +0300] "GET /robots.txt HTTP/1.1" 403 1044 "-" "Mozilla/5.0 (compatible; YandexBot/3.0; +http://yandex.com/bots)"
141.8.183.14 - - [13/Jan/2019:03:56:06 +0300] "GET / HTTP/1.1" 403 1058 "-" "Mozilla/5.0 (compatible; YandexBot/3.0; +http://yandex.com/bots)"
141.8.183.14 - - [13/Jan/2019:10:27:43 +0300] "GET /robots.txt HTTP/1.1" 403 1044 "-" "Mozilla/5.0 (compatible; YandexBot/3.0; +http://yandex.com/bots)"
141.8.183.14 - - [13/Jan/2019:10:27:47 +0300] "GET / HTTP/1.1" 403 1058 "-" "Mozilla/5.0 (compatible; YandexBot/3.0; +http://yandex.com/bots)"
37.9.113.93 - - [13/Jan/2019:10:35:21 +0300] "GET /index.php HTTP/1.1" 403 1044 "-" "Mozilla/5.0 (compatible; YandexBot/3.0; +http://yandex.com/bots)"
66.249.66.25 - - [13/Jan/2019:13:18:50 +0300] "GET /robots.txt HTTP/1.1" 403 1044 "-" "Mozilla/5.0 (compatible; Googlebot/2.1; +http://www.google.com/bot.html)"
66.249.66.25 - - [13/Jan/2019:13:18:50 +0300] "GET / HTTP/1.1" 403 1058 "-" "Mozilla/5.0 (Linux; Android 6.0.1; Nexus 5X Build/MMB29P) AppleWebKit/537.36 (KHTML, like Gecko) Chrome/41.0.2272.96 Mobile Safari/537.36 (compatible; Googlebot/2.1; +http://www.google.com/bot.html)"
157.55.39.48 - - [13/Jan/2019:21:51:19 +0300] "GET /robots.txt HTTP/1.1" 403 1044 "-" "Mozilla/5.0 (compatible; bingbot/2.0; +http://www.bing.com/bingbot.htm)"
157.55.39.220 - - [13/Jan/2019:21:51:24 +0300] "GET / HTTP/1.1" 403 1058 "-" "Mozilla/5.0 (compatible; bingbot/2.0; +http://www.bing.com/bingbot.htm)"
66.249.65.180 - - [14/Jan/2019:08:59:10 +0300] "GET /robots.txt HTTP/1.1" 403 1044 "-" "Mozilla/5.0 (compatible; Googlebot/2.1; +http://www.google.com/bot.html)"
66.249.65.180 - - [14/Jan/2019:08:59:11 +0300] "GET /itiy2.css HTTP/1.1" 403 1044 "http://fitu.technolog.edu.ru/" "Mozilla/5.0 AppleWebKit/537.36 (KHTML, like Gecko; compatible; Googlebot/2.1; +http://www.google.com/bot.html) Safari/537.36"
66.249.65.178 - - [14/Jan/2019:15:05:53 +0300] "GET / HTTP/1.1" 403 1058 "-" "Mozilla/5.0 (Linux; Android 6.0.1; Nexus 5X Build/MMB29P) AppleWebKit/537.36 (KHTML, like Gecko) Chrome/41.0.2272.96 Mobile Safari/537.36 (compatible; Googlebot/2.1; +http://www.google.com/bot.html)"
141.8.183.14 - - [14/Jan/2019:17:21:20 +0300] "GET /robots.txt HTTP/1.1" 403 1044 "-" "Mozilla/5.0 (compatible; YandexBot/3.0; +http://yandex.com/bots)"
37.9.113.93 - - [14/Jan/2019:17:21:24 +0300] "GET / HTTP/1.1" 403 1058 "-" "Mozilla/5.0 (compatible; YandexBot/3.0; +http://yandex.com/bots)"
66.249.66.26 - - [15/Jan/2019:00:00:24 +0300] "GET /robots.txt HTTP/1.1" 403 1044 "-" "Mozilla/5.0 (compatible; Googlebot/2.1; +http://www.google.com/bot.html)"
66.249.66.25 - - [15/Jan/2019:00:00:24 +0300] "GET / HTTP/1.1" 403 1058 "-" "Mozilla/5.0 (Linux; Android 6.0.1; Nexus 5X Build/MMB29P) AppleWebKit/537.36 (KHTML, like Gecko) Chrome/41.0.2272.96 Mobile Safari/537.36 (compatible; Googlebot/2.1; +http://www.google.com/bot.html)"
141.8.183.14 - - [15/Jan/2019:03:43:46 +0300] "GET /robots.txt HTTP/1.1" 403 1044 "-" "Mozilla/5.0 (compatible; YandexBot/3.0; +http://yandex.com/bots)"
141.8.183.14 - - [15/Jan/2019:03:43:50 +0300] "GET / HTTP/1.1" 403 1058 "-" "Mozilla/5.0 (compatible; YandexBot/3.0; +http://yandex.com/bots)"
66.249.66.26 - - [15/Jan/2019:13:53:12 +0300] "GET /robots.txt HTTP/1.1" 403 1044 "-" "Mozilla/5.0 (compatible; Googlebot/2.1; +http://www.google.com/bot.html)"
66.249.66.26 - - [15/Jan/2019:13:53:12 +0300] "GET / HTTP/1.1" 403 1058 "-" "Mozilla/5.0 (Linux; Android 6.0.1; Nexus 5X Build/MMB29P) AppleWebKit/537.36 (KHTML, like Gecko) Chrome/41.0.2272.96 Mobile Safari/537.36 (compatible; Googlebot/2.1; +http://www.google.com/bot.html)"
66.249.66.26 - - [16/Jan/2019:01:39:31 +0300] "GET / HTTP/1.1" 403 1058 "-" "Mozilla/5.0 (Linux; Android 6.0.1; Nexus 5X Build/MMB29P) AppleWebKit/537.36 (KHTML, like Gecko) Chrome/41.0.2272.96 Mobile Safari/537.36 (compatible; Googlebot/2.1; +http://www.google.com/bot.html)"
95.163.255.187 - - [16/Jan/2019:08:58:14 +0300] "GET /robots.txt HTTP/1.0" 403 1044 "-" "Mozilla/5.0 (compatible; Linux x86_64; Mail.RU_Bot/2.0; +http://go.mail.ru/help/robots)"
95.163.255.188 - - [16/Jan/2019:08:58:15 +0300] "GET /index.php?Itemid=157&id=52:technolozhka&option=com_phocagallery&view=category HTTP/1.1" 403 1044 "-" "Mozilla/5.0 (compatible; Linux x86_64; Mail.RU_Bot/2.0; +http://go.mail.ru/help/robots)"
95.163.255.154 - - [16/Jan/2019:18:17:05 +0300] "GET /robots.txt HTTP/1.0" 403 1044 "-" "Mozilla/5.0 (compatible; Linux x86_64; Mail.RU_Bot/2.0; +http://go.mail.ru/help/robots)"
95.163.255.160 - - [16/Jan/2019:18:17:07 +0300] "GET / HTTP/1.1" 403 1058 "-" "Mozilla/5.0 (compatible; Linux x86_64; Mail.RU_Bot/2.0; +http://go.mail.ru/help/robots)"
95.163.255.197 - - [16/Jan/2019:21:11:06 +0300] "GET /robots.txt HTTP/1.0" 403 1044 "-" "Mozilla/5.0 (compatible; Linux x86_64; Mail.RU_Bot/2.0; +http://go.mail.ru/help/robots)"
95.163.255.195 - - [16/Jan/2019:21:11:07 +0300] "GET /files/senkevich/1%D1%84/2016-17/1__.pdf HTTP/1.1" 403 1044 "-" "Mozilla/5.0 (compatible; Linux x86_64; Mail.RU_Bot/2.0; +http://go.mail.ru/help/robots)"
66.249.69.86 - - [17/Jan/2019:08:35:08 +0300] "GET /robots.txt HTTP/1.1" 403 1044 "-" "Mozilla/5.0 (compatible; Googlebot/2.1; +http://www.google.com/bot.html)"
66.249.69.86 - - [17/Jan/2019:08:35:08 +0300] "GET /itiy2.css HTTP/1.1" 403 1044 "http://fitu.technolog.edu.ru/" "Mozilla/5.0 AppleWebKit/537.36 (KHTML, like Gecko; compatible; Googlebot/2.1; +http://www.google.com/bot.html) Safari/537.36"
66.249.66.27 - - [18/Jan/2019:11:36:14 +0300] "GET /robots.txt HTTP/1.1" 403 1044 "-" "Mozilla/5.0 (compatible; Googlebot/2.1; +http://www.google.com/bot.html)"
66.249.66.25 - - [18/Jan/2019:11:36:14 +0300] "GET / HTTP/1.1" 403 1058 "-" "Mozilla/5.0 (compatible; Googlebot/2.1; +http://www.google.com/bot.html)"
66.249.79.212 - - [18/Jan/2019:19:58:49 +0300] "GET / HTTP/1.1" 403 1058 "-" "Mozilla/5.0 (Linux; Android 6.0.1; Nexus 5X Build/MMB29P) AppleWebKit/537.36 (KHTML, like Gecko) Chrome/41.0.2272.96 Mobile Safari/537.36 (compatible; Googlebot/2.1; +http://www.google.com/bot.html)"
37.9.113.93 - - [18/Jan/2019:20:30:02 +0300] "GET /robots.txt HTTP/1.1" 403 1044 "-" "Mozilla/5.0 (compatible; YandexBot/3.0; +http://yandex.com/bots)"
37.9.113.93 - - [18/Jan/2019:20:30:06 +0300] "GET / HTTP/1.1" 403 1058 "-" "Mozilla/5.0 (compatible; YandexBot/3.0; +http://yandex.com/bots)"
141.8.183.14 - - [19/Jan/2019:10:34:52 +0300] "GET /robots.txt HTTP/1.1" 403 1044 "-" "Mozilla/5.0 (compatible; YandexBot/3.0; +http://yandex.com/bots)"
141.8.183.14 - - [19/Jan/2019:10:34:56 +0300] "GET / HTTP/1.1" 403 1058 "-" "Mozilla/5.0 (compatible; YandexBot/3.0; +http://yandex.com/bots)"
66.249.79.214 - - [19/Jan/2019:15:22:43 +0300] "GET /robots.txt HTTP/1.1" 403 1044 "-" "Mozilla/5.0 (compatible; Googlebot/2.1; +http://www.google.com/bot.html)"
157.55.39.45 - - [19/Jan/2019:21:21:54 +0300] "GET /robots.txt HTTP/1.1" 403 1044 "-" "Mozilla/5.0 (compatible; bingbot/2.0; +http://www.bing.com/bingbot.htm)"
157.55.39.209 - - [19/Jan/2019:21:21:57 +0300] "GET / HTTP/1.1" 403 1058 "-" "Mozilla/5.0 (compatible; bingbot/2.0; +http://www.bing.com/bingbot.htm)"
40.77.167.56 - - [20/Jan/2019:00:09:57 +0300] "GET / HTTP/1.1" 403 1058 "-" "Mozilla/5.0 (compatible; bingbot/2.0; +http://www.bing.com/bingbot.htm)"
66.249.64.86 - - [22/Jan/2019:01:04:05 +0300] "GET /robots.txt HTTP/1.1" 403 1044 "-" "Mozilla/5.0 (compatible; Googlebot/2.1; +http://www.google.com/bot.html)"
66.249.64.84 - - [22/Jan/2019:01:04:05 +0300] "GET / HTTP/1.1" 403 1058 "-" "Mozilla/5.0 (compatible; Googlebot/2.1; +http://www.google.com/bot.html)"
141.8.183.14 - - [22/Jan/2019:08:27:54 +0300] "GET /robots.txt HTTP/1.1" 403 1044 "-" "Mozilla/5.0 (compatible; YandexBot/3.0; +http://yandex.com/bots)"
141.8.183.14 - - [22/Jan/2019:08:27:58 +0300] "GET / HTTP/1.1" 403 1058 "-" "Mozilla/5.0 (compatible; YandexBot/3.0; +http://yandex.com/bots)"
148.251.179.137 - - [22/Jan/2019:12:29:50 +0300] "GET /robots.txt HTTP/1.1" 403 1044 "-" "Mozilla/5.0 (compatible; BLEXBot/1.0; +http://webmeup-crawler.com/)"
66.249.64.84 - - [22/Jan/2019:20:12:41 +0300] "GET /robots.txt HTTP/1.1" 403 1044 "-" "Mozilla/5.0 (compatible; Googlebot/2.1; +http://www.google.com/bot.html)"
66.249.64.82 - - [22/Jan/2019:20:12:41 +0300] "GET / HTTP/1.1" 403 1058 "-" "Mozilla/5.0 (Linux; Android 6.0.1; Nexus 5X Build/MMB29P) AppleWebKit/537.36 (KHTML, like Gecko) Chrome/41.0.2272.96 Mobile Safari/537.36 (compatible; Googlebot/2.1; +http://www.google.com/bot.html)"
66.249.76.148 - - [22/Jan/2019:20:42:38 +0300] "GET /itiy2.css HTTP/1.1" 403 1044 "http://fitu.technolog.edu.ru/" "Mozilla/5.0 AppleWebKit/537.36 (KHTML, like Gecko; compatible; Googlebot/2.1; +http://www.google.com/bot.html) Safari/537.36"
37.9.113.108 - - [23/Jan/2019:11:55:36 +0300] "GET /robots.txt HTTP/1.1" 403 1044 "-" "Mozilla/5.0 (compatible; YandexBot/3.0; +http://yandex.com/bots)"
95.108.213.32 - - [23/Jan/2019:11:55:39 +0300] "GET / HTTP/1.1" 403 1058 "-" "Mozilla/5.0 (compatible; YandexBot/3.0; +http://yandex.com/bots)"
217.69.143.217 - - [23/Jan/2019:15:14:24 +0300] "GET / HTTP/1.1" 403 1058 "-" "Mozilla/5.0 (X11; Linux x86_64; rv:18.0) Gecko/20100101 Firefox/18.0"
217.69.143.217 - - [23/Jan/2019:15:14:25 +0300] "GET /favicon.ico HTTP/1.1" 403 1044 "-" "Mozilla/5.0 (X11; Linux x86_64; rv:18.0) Gecko/20100101 Firefox/18.0"
217.69.143.217 - - [23/Jan/2019:15:14:25 +0300] "GET /favicon.png HTTP/1.1" 403 1044 "-" "Mozilla/5.0 (X11; Linux x86_64; rv:18.0) Gecko/20100101 Firefox/18.0"
148.251.179.137 - - [24/Jan/2019:02:12:28 +0300] "GET /robots.txt HTTP/1.1" 403 1044 "-" "Mozilla/5.0 (compatible; BLEXBot/1.0; +http://webmeup-crawler.com/)"
66.249.65.178 - - [24/Jan/2019:04:21:08 +0300] "GET /robots.txt HTTP/1.1" 403 1044 "-" "Mozilla/5.0 (compatible; Googlebot/2.1; +http://www.google.com/bot.html)"
66.249.65.180 - - [24/Jan/2019:04:21:08 +0300] "GET / HTTP/1.1" 403 1058 "-" "Mozilla/5.0 (compatible; Googlebot/2.1; +http://www.google.com/bot.html)"
141.8.183.14 - - [24/Jan/2019:04:33:40 +0300] "GET /robots.txt HTTP/1.1" 403 1044 "-" "Mozilla/5.0 (compatible; YandexBot/3.0; +http://yandex.com/bots)"
141.8.183.14 - - [24/Jan/2019:04:33:44 +0300] "GET / HTTP/1.1" 403 1058 "-" "Mozilla/5.0 (compatible; YandexBot/3.0; +http://yandex.com/bots)"
95.163.255.172 - - [24/Jan/2019:12:26:56 +0300] "GET /robots.txt HTTP/1.0" 403 1044 "-" "Mozilla/5.0 (compatible; Linux x86_64; Mail.RU_Bot/2.0; +http://go.mail.ru/help/robots)"
95.163.255.178 - - [24/Jan/2019:12:26:58 +0300] "GET /dekanat0.php HTTP/1.1" 403 1044 "-" "Mozilla/5.0 (compatible; Linux x86_64; Mail.RU_Bot/2.0; +http://go.mail.ru/help/robots)"
66.249.65.178 - - [24/Jan/2019:12:58:27 +0300] "GET / HTTP/1.1" 403 1058 "-" "Mozilla/5.0 (Linux; Android 6.0.1; Nexus 5X Build/MMB29P) AppleWebKit/537.36 (KHTML, like Gecko) Chrome/41.0.2272.96 Mobile Safari/537.36 (compatible; Googlebot/2.1; +http://www.google.com/bot.html)"
95.163.255.168 - - [24/Jan/2019:13:10:36 +0300] "GET /robots.txt HTTP/1.0" 403 1044 "-" "Mozilla/5.0 (compatible; Linux x86_64; Mail.RU_Bot/2.0; +http://go.mail.ru/help/robots)"
95.163.255.150 - - [24/Jan/2019:13:10:38 +0300] "GET /abitur.html HTTP/1.1" 403 1044 "-" "Mozilla/5.0 (compatible; Linux x86_64; Mail.RU_Bot/2.0; +http://go.mail.ru/help/robots)"
37.9.113.93 - - [25/Jan/2019:03:51:39 +0300] "GET /robots.txt HTTP/1.1" 403 1044 "-" "Mozilla/5.0 (compatible; YandexBot/3.0; +http://yandex.com/bots)"
37.9.113.93 - - [25/Jan/2019:03:51:43 +0300] "GET / HTTP/1.1" 403 1058 "-" "Mozilla/5.0 (compatible; YandexBot/3.0; +http://yandex.com/bots)"
95.163.255.176 - - [25/Jan/2019:08:18:38 +0300] "GET /robots.txt HTTP/1.0" 403 1044 "-" "Mozilla/5.0 (compatible; Linux x86_64; Mail.RU_Bot/2.0; +http://go.mail.ru/help/robots)"
95.163.255.167 - - [25/Jan/2019:08:18:39 +0300] "GET /stdek.php HTTP/1.1" 403 1044 "-" "Mozilla/5.0 (compatible; Linux x86_64; Mail.RU_Bot/2.0; +http://go.mail.ru/help/robots)"
95.163.255.170 - - [25/Jan/2019:22:02:54 +0300] "GET /robots.txt HTTP/1.0" 403 1044 "-" "Mozilla/5.0 (compatible; Linux x86_64; Mail.RU_Bot/2.0; +http://go.mail.ru/help/robots)"
95.163.255.151 - - [25/Jan/2019:22:02:55 +0300] "GET /zao0.html HTTP/1.1" 403 1044 "-" "Mozilla/5.0 (compatible; Linux x86_64; Mail.RU_Bot/2.0; +http://go.mail.ru/help/robots)"
81.209.177.136 - - [26/Jan/2019:00:29:15 +0300] "GET /robots.txt HTTP/1.1" 403 1044 "-" "netEstate NE Crawler (+http://www.website-datenbank.de/)"
35.193.96.90 - - [26/Jan/2019:08:33:23 +0300] "GET /robots.txt HTTP/1.1" 403 1044 "-" "ltx71 - (http://ltx71.com/)"
95.163.255.170 - - [26/Jan/2019:13:12:34 +0300] "GET /robots.txt HTTP/1.0" 403 1044 "-" "Mozilla/5.0 (compatible; Linux x86_64; Mail.RU_Bot/2.0; +http://go.mail.ru/help/robots)"
95.163.255.164 - - [26/Jan/2019:13:12:36 +0300] "GET /zao1.php HTTP/1.1" 403 1044 "-" "Mozilla/5.0 (compatible; Linux x86_64; Mail.RU_Bot/2.0; +http://go.mail.ru/help/robots)"
157.55.39.24 - - [26/Jan/2019:15:31:11 +0300] "GET /robots.txt HTTP/1.1" 403 1044 "-" "Mozilla/5.0 (compatible; bingbot/2.0; +http://www.bing.com/bingbot.htm)"
66.249.75.148 - - [26/Jan/2019:20:30:05 +0300] "GET /robots.txt HTTP/1.1" 403 1044 "-" "Mozilla/5.0 (compatible; Googlebot/2.1; +http://www.google.com/bot.html)"
66.249.75.148 - - [26/Jan/2019:20:30:06 +0300] "GET / HTTP/1.1" 403 1058 "-" "Mozilla/5.0 (Linux; Android 6.0.1; Nexus 5X Build/MMB29P) AppleWebKit/537.36 (KHTML, like Gecko) Chrome/41.0.2272.96 Mobile Safari/537.36 (compatible; Googlebot/2.1; +http://www.google.com/bot.html)"
66.249.75.148 - - [26/Jan/2019:21:04:57 +0300] "GET /stdek.php HTTP/1.1" 403 1044 "-" "Mozilla/5.0 (Linux; Android 6.0.1; Nexus 5X Build/MMB29P) AppleWebKit/537.36 (KHTML, like Gecko) Chrome/41.0.2272.96 Mobile Safari/537.36 (compatible; Googlebot/2.1; +http://www.google.com/bot.html)"
37.9.113.93 - - [27/Jan/2019:06:35:38 +0300] "GET /robots.txt HTTP/1.1" 403 1044 "-" "Mozilla/5.0 (compatible; YandexBot/3.0; +http://yandex.com/bots)"
141.8.183.14 - - [27/Jan/2019:06:35:42 +0300] "GET / HTTP/1.1" 403 1058 "-" "Mozilla/5.0 (compatible; YandexBot/3.0; +http://yandex.com/bots)"
35.193.96.90 - - [27/Jan/2019:06:45:28 +0300] "GET /robots.txt HTTP/1.1" 403 1044 "-" "ltx71 - (http://ltx71.com/)"
35.193.96.90 - - [27/Jan/2019:06:46:06 +0300] "GET / HTTP/1.1" 403 1058 "-" "ltx71 - (http://ltx71.com/)"
66.249.75.146 - - [27/Jan/2019:13:07:28 +0300] "GET /robots.txt HTTP/1.1" 403 1044 "-" "Mozilla/5.0 (compatible; Googlebot/2.1; +http://www.google.com/bot.html)"
66.249.75.146 - - [27/Jan/2019:13:07:28 +0300] "GET / HTTP/1.1" 403 1058 "-" "Mozilla/5.0 (Linux; Android 6.0.1; Nexus 5X Build/MMB29P) AppleWebKit/537.36 (KHTML, like Gecko) Chrome/41.0.2272.96 Mobile Safari/537.36 (compatible; Googlebot/2.1; +http://www.google.com/bot.html)"
66.249.75.144 - - [27/Jan/2019:15:15:49 +0300] "GET /itiy2.css HTTP/1.1" 403 1044 "http://fitu.technolog.edu.ru/" "Mozilla/5.0 AppleWebKit/537.36 (KHTML, like Gecko; compatible; Googlebot/2.1; +http://www.google.com/bot.html) Safari/537.36"
37.9.113.93 - - [28/Jan/2019:07:21:10 +0300] "GET /robots.txt HTTP/1.1" 403 1044 "-" "Mozilla/5.0 (compatible; YandexBot/3.0; +http://yandex.com/bots)"
37.9.113.93 - - [28/Jan/2019:07:21:14 +0300] "GET / HTTP/1.1" 403 1058 "-" "Mozilla/5.0 (compatible; YandexBot/3.0; +http://yandex.com/bots)"
141.8.183.14 - - [28/Jan/2019:18:36:11 +0300] "GET /robots.txt HTTP/1.1" 403 1044 "-" "Mozilla/5.0 (compatible; YandexBot/3.0; +http://yandex.com/bots)"
141.8.183.14 - - [28/Jan/2019:18:36:14 +0300] "GET / HTTP/1.1" 403 1058 "-" "Mozilla/5.0 (compatible; YandexBot/3.0; +http://yandex.com/bots)"
66.249.75.144 - - [29/Jan/2019:18:41:41 +0300] "GET /robots.txt HTTP/1.1" 403 1044 "-" "Mozilla/5.0 (compatible; Googlebot/2.1; +http://www.google.com/bot.html)"
66.249.75.144 - - [29/Jan/2019:18:41:41 +0300] "GET / HTTP/1.1" 403 1058 "-" "Mozilla/5.0 (compatible; Googlebot/2.1; +http://www.google.com/bot.html)"
66.249.75.148 - - [29/Jan/2019:19:59:02 +0300] "GET /stprep.php HTTP/1.1" 403 1044 "-" "Mozilla/5.0 (Linux; Android 6.0.1; Nexus 5X Build/MMB29P) AppleWebKit/537.36 (KHTML, like Gecko) Chrome/41.0.2272.96 Mobile Safari/537.36 (compatible; Googlebot/2.1; +http://www.google.com/bot.html)"
157.55.39.46 - - [30/Jan/2019:02:33:26 +0300] "GET /robots.txt HTTP/1.1" 403 1044 "-" "Mozilla/5.0 (compatible; bingbot/2.0; +http://www.bing.com/bingbot.htm)"
40.77.167.119 - - [30/Jan/2019:02:33:48 +0300] "GET / HTTP/1.1" 403 1058 "-" "Mozilla/5.0 (compatible; bingbot/2.0; +http://www.bing.com/bingbot.htm)"
66.249.75.146 - - [30/Jan/2019:05:24:02 +0300] "GET / HTTP/1.1" 403 1058 "-" "Mozilla/5.0 (Linux; Android 6.0.1; Nexus 5X Build/MMB29P) AppleWebKit/537.36 (KHTML, like Gecko) Chrome/41.0.2272.96 Mobile Safari/537.36 (compatible; Googlebot/2.1; +http://www.google.com/bot.html)"
192.168.36.152 - - [30/Jan/2019:16:48:37 +0300] "GET /zaltbl/disc.php HTTP/1.1" 200 162 "-" "Mozilla/5.0 (Windows NT 6.1; WOW64; Trident/7.0; rv:11.0) like Gecko"
192.168.36.152 - - [30/Jan/2019:16:48:37 +0300] "GET /favicon.ico HTTP/1.1" 404 1054 "-" "Mozilla/5.0 (Windows NT 6.1; WOW64; Trident/7.0; rv:11.0) like Gecko"
192.168.36.152 - - [30/Jan/2019:16:49:15 +0300] "GET /zaltbl/dgpk.php HTTP/1.1" 200 65 "-" "Mozilla/5.0 (Windows NT 6.1; WOW64; Trident/7.0; rv:11.0) like Gecko"
192.168.36.152 - - [30/Jan/2019:16:49:15 +0300] "GET /favicon.ico HTTP/1.1" 404 1054 "-" "Mozilla/5.0 (Windows NT 6.1; WOW64; Trident/7.0; rv:11.0) like Gecko"
192.168.36.152 - - [30/Jan/2019:16:49:27 +0300] "GET /zaltbl/grup.php HTTP/1.1" 200 74 "-" "Mozilla/5.0 (Windows NT 6.1; WOW64; Trident/7.0; rv:11.0) like Gecko"
192.168.36.152 - - [30/Jan/2019:16:49:38 +0300] "GET /zaltbl/kaf.php HTTP/1.1" 200 82 "-" "Mozilla/5.0 (Windows NT 6.1; WOW64; Trident/7.0; rv:11.0) like Gecko"
192.168.36.152 - - [30/Jan/2019:16:49:50 +0300] "GET /zaltbl/prep.php HTTP/1.1" 200 104 "-" "Mozilla/5.0 (Windows NT 6.1; WOW64; Trident/7.0; rv:11.0) like Gecko"
192.168.36.152 - - [30/Jan/2019:16:50:06 +0300] "GET /zaltbl/reyting.php HTTP/1.1" 200 31 "-" "Mozilla/5.0 (Windows NT 6.1; WOW64; Trident/7.0; rv:11.0) like Gecko"
192.168.36.152 - - [30/Jan/2019:16:50:17 +0300] "GET /zaltbl/stud.php HTTP/1.1" 200 1012 "-" "Mozilla/5.0 (Windows NT 6.1; WOW64; Trident/7.0; rv:11.0) like Gecko"
192.168.36.152 - - [30/Jan/2019:16:50:28 +0300] "GET /zaltbl/typekm.php HTTP/1.1" 200 84 "-" "Mozilla/5.0 (Windows NT 6.1; WOW64; Trident/7.0; rv:11.0) like Gecko"
192.168.36.152 - - [30/Jan/2019:16:50:44 +0300] "GET /zaltbl/users.php HTTP/1.1" 200 186 "-" "Mozilla/5.0 (Windows NT 6.1; WOW64; Trident/7.0; rv:11.0) like Gecko"
192.168.36.152 - - [30/Jan/2019:16:51:43 +0300] "GET / HTTP/1.1" 200 1241 "-" "Mozilla/5.0 (Windows NT 6.1; WOW64; Trident/7.0; rv:11.0) like Gecko"
192.168.36.152 - - [30/Jan/2019:16:51:43 +0300] "GET /itiy2.css HTTP/1.1" 200 6173 "http://fitu.technolog.edu.ru/" "Mozilla/5.0 (Windows NT 6.1; WOW64; Trident/7.0; rv:11.0) like Gecko"
192.168.36.152 - - [30/Jan/2019:16:51:43 +0300] "GET /images/ti.png HTTP/1.1" 200 10316 "http://fitu.technolog.edu.ru/" "Mozilla/5.0 (Windows NT 6.1; WOW64; Trident/7.0; rv:11.0) like Gecko"
192.168.36.152 - - [30/Jan/2019:16:51:43 +0300] "GET /favicon.ico HTTP/1.1" 404 1054 "-" "Mozilla/5.0 (Windows NT 6.1; WOW64; Trident/7.0; rv:11.0) like Gecko"
192.168.36.152 - - [30/Jan/2019:16:51:43 +0300] "GET /images/line3.jpg HTTP/1.1" 200 9943 "http://fitu.technolog.edu.ru/" "Mozilla/5.0 (Windows NT 6.1; WOW64; Trident/7.0; rv:11.0) like Gecko"
192.168.36.152 - - [30/Jan/2019:16:51:43 +0300] "GET /images/line4.jpg HTTP/1.1" 200 9964 "http://fitu.technolog.edu.ru/" "Mozilla/5.0 (Windows NT 6.1; WOW64; Trident/7.0; rv:11.0) like Gecko"
192.168.36.152 - - [30/Jan/2019:16:51:46 +0300] "GET /stprep.php HTTP/1.1" 401 116 "http://fitu.technolog.edu.ru/" "Mozilla/5.0 (Windows NT 6.1; WOW64; Trident/7.0; rv:11.0) like Gecko"
192.168.36.152 - dekan04 [30/Jan/2019:16:51:52 +0300] "GET /stprep.php HTTP/1.1" 200 1910 "http://fitu.technolog.edu.ru/" "Mozilla/5.0 (Windows NT 6.1; WOW64; Trident/7.0; rv:11.0) like Gecko"
192.168.36.152 - - [30/Jan/2019:16:51:52 +0300] "GET /favicon.ico HTTP/1.1" 404 1054 "-" "Mozilla/5.0 (Windows NT 6.1; WOW64; Trident/7.0; rv:11.0) like Gecko"
192.168.36.152 - dekan04 [30/Jan/2019:16:51:54 +0300] "POST /new1.php HTTP/1.1" 200 2767 "http://fitu.technolog.edu.ru/stprep.php" "Mozilla/5.0 (Windows NT 6.1; WOW64; Trident/7.0; rv:11.0) like Gecko"
192.168.36.152 - - [30/Jan/2019:16:51:54 +0300] "GET /css/table.css HTTP/1.1" 200 707 "http://fitu.technolog.edu.ru/new1.php" "Mozilla/5.0 (Windows NT 6.1; WOW64; Trident/7.0; rv:11.0) like Gecko"
